Component: ARM Compiler 6.14 Tool: armlink [5db06800]

==============================================================================

Section Cross References

    startup_stm32f103xb.o(STACK) refers (Special) to heapauxi.o(.text) for __use_two_region_memory
    startup_stm32f103xb.o(HEAP) refers (Special) to heapauxi.o(.text) for __use_two_region_memory
    startup_stm32f103xb.o(RESET) refers (Special) to heapauxi.o(.text) for __use_two_region_memory
    startup_stm32f103xb.o(RESET) refers to startup_stm32f103xb.o(STACK) for __initial_sp
    startup_stm32f103xb.o(RESET) refers to startup_stm32f103xb.o(.text) for Reset_Handler
    startup_stm32f103xb.o(RESET) refers to stm32f1xx_it.o(.text.NMI_Handler) for NMI_Handler
    startup_stm32f103xb.o(RESET) refers to stm32f1xx_it.o(.text.HardFault_Handler) for HardFault_Handler
    startup_stm32f103xb.o(RESET) refers to stm32f1xx_it.o(.text.MemManage_Handler) for MemManage_Handler
    startup_stm32f103xb.o(RESET) refers to stm32f1xx_it.o(.text.BusFault_Handler) for BusFault_Handler
    startup_stm32f103xb.o(RESET) refers to stm32f1xx_it.o(.text.UsageFault_Handler) for UsageFault_Handler
    startup_stm32f103xb.o(RESET) refers to stm32f1xx_it.o(.text.SVC_Handler) for SVC_Handler
    startup_stm32f103xb.o(RESET) refers to stm32f1xx_it.o(.text.DebugMon_Handler) for DebugMon_Handler
    startup_stm32f103xb.o(RESET) refers to stm32f1xx_it.o(.text.PendSV_Handler) for PendSV_Handler
    startup_stm32f103xb.o(RESET) refers to stm32f1xx_it.o(.text.SysTick_Handler) for SysTick_Handler
    startup_stm32f103xb.o(RESET) refers to stm32f1xx_it.o(.text.DMA1_Channel1_IRQHandler) for DMA1_Channel1_IRQHandler
    startup_stm32f103xb.o(RESET) refers to stm32f1xx_it.o(.text.USART1_IRQHandler) for USART1_IRQHandler
    startup_stm32f103xb.o(RESET) refers to stm32f1xx_it.o(.text.USART2_IRQHandler) for USART2_IRQHandler
    startup_stm32f103xb.o(RESET) refers to stm32f1xx_it.o(.text.EXTI15_10_IRQHandler) for EXTI15_10_IRQHandler
    startup_stm32f103xb.o(.text) refers (Special) to heapauxi.o(.text) for __use_two_region_memory
    startup_stm32f103xb.o(.text) refers to system_stm32f1xx.o(.text.SystemInit) for SystemInit
    startup_stm32f103xb.o(.text) refers to __main.o(!!!main) for __main
    startup_stm32f103xb.o(.text) refers to startup_stm32f103xb.o(HEAP) for Heap_Mem
    startup_stm32f103xb.o(.text) refers to startup_stm32f103xb.o(STACK) for Stack_Mem
    main.o(.text.main) refers to stm32f1xx_hal.o(.text.HAL_Init) for HAL_Init
    main.o(.text.main) refers to main.o(.text.SystemClock_Config) for SystemClock_Config
    main.o(.text.main) refers to gpio.o(.text.MX_GPIO_Init) for MX_GPIO_Init
    main.o(.text.main) refers to dma.o(.text.MX_DMA_Init) for MX_DMA_Init
    main.o(.text.main) refers to tim.o(.text.MX_TIM1_Init) for MX_TIM1_Init
    main.o(.text.main) refers to usart.o(.text.MX_USART1_UART_Init) for MX_USART1_UART_Init
    main.o(.text.main) refers to usart.o(.text.MX_USART2_UART_Init) for MX_USART2_UART_Init
    main.o(.text.main) refers to adc.o(.text.MX_ADC1_Init) for MX_ADC1_Init
    main.o(.text.main) refers to i2c.o(.text.MX_I2C1_Init) for MX_I2C1_Init
    main.o(.text.main) refers to spi.o(.text.MX_SPI1_Init) for MX_SPI1_Init
    main.o(.text.main) refers to app_main.o(.text.app_main) for app_main
    main.o(.ARM.exidx.text.main) refers to main.o(.text.main) for [Anonymous Symbol]
    main.o(.text.SystemClock_Config) refers to stm32f1xx_hal_rcc.o(.text.HAL_RCC_OscConfig) for HAL_RCC_OscConfig
    main.o(.text.SystemClock_Config) refers to stm32f1xx_hal_rcc.o(.text.HAL_RCC_ClockConfig) for HAL_RCC_ClockConfig
    main.o(.text.SystemClock_Config) refers to stm32f1xx_hal_rcc_ex.o(.text.HAL_RCCEx_PeriphCLKConfig) for HAL_RCCEx_PeriphCLKConfig
    main.o(.ARM.exidx.text.SystemClock_Config) refers to main.o(.text.SystemClock_Config) for [Anonymous Symbol]
    main.o(.ARM.exidx.text.Error_Handler) refers to main.o(.text.Error_Handler) for [Anonymous Symbol]
    gpio.o(.text.MX_GPIO_Init) refers to stm32f1xx_hal_gpio.o(.text.HAL_GPIO_WritePin) for HAL_GPIO_WritePin
    gpio.o(.text.MX_GPIO_Init) refers to stm32f1xx_hal_gpio.o(.text.HAL_GPIO_Init) for HAL_GPIO_Init
    gpio.o(.text.MX_GPIO_Init) refers to stm32f1xx_hal_cortex.o(.text.HAL_NVIC_SetPriority) for HAL_NVIC_SetPriority
    gpio.o(.text.MX_GPIO_Init) refers to stm32f1xx_hal_cortex.o(.text.HAL_NVIC_EnableIRQ) for HAL_NVIC_EnableIRQ
    gpio.o(.ARM.exidx.text.MX_GPIO_Init) refers to gpio.o(.text.MX_GPIO_Init) for [Anonymous Symbol]
    adc.o(.text.MX_ADC1_Init) refers to adc.o(.bss.hadc1) for hadc1
    adc.o(.text.MX_ADC1_Init) refers to stm32f1xx_hal_adc.o(.text.HAL_ADC_Init) for HAL_ADC_Init
    adc.o(.text.MX_ADC1_Init) refers to main.o(.text.Error_Handler) for Error_Handler
    adc.o(.text.MX_ADC1_Init) refers to stm32f1xx_hal_adc.o(.text.HAL_ADC_ConfigChannel) for HAL_ADC_ConfigChannel
    adc.o(.ARM.exidx.text.MX_ADC1_Init) refers to adc.o(.text.MX_ADC1_Init) for [Anonymous Symbol]
[...]
    _fp_trap_init                             - Undefined Weak Reference
    _fp_trap_shutdown                         - Undefined Weak Reference
    _get_lc_collate                           - Undefined Weak Reference
    _get_lc_ctype                             - Undefined Weak Reference
    _get_lc_monetary                          - Undefined Weak Reference
    _get_lc_time                              - Undefined Weak Reference
    _getenv_init                              - Undefined Weak Reference
    _handle_redirection                       - Undefined Weak Reference
    _init_alloc                               - Undefined Weak Reference
    _init_user_alloc                          - Undefined Weak Reference
    _initio                                   - Undefined Weak Reference
    _mutex_acquire                            - Undefined Weak Reference
    _mutex_release                            - Undefined Weak Reference
    _printf_mbtowc                            - Undefined Weak Reference
    _rand_init                                - Undefined Weak Reference
    _signal_finish                            - Undefined Weak Reference
    _signal_init                              - Undefined Weak Reference
    _terminate_alloc                          - Undefined Weak Reference
    _terminate_user_alloc                     - Undefined Weak Reference
    _terminateio                              - Undefined Weak Reference
    __Vectors_Size                           0x000000ec   Number         0  startup_stm32f103xb.o ABSOLUTE
    __Vectors                                0x08000000   Data           4  startup_stm32f103xb.o(RESET)
    __Vectors_End                            0x080000ec   Data           0  startup_stm32f103xb.o(RESET)
    __main                                   0x080000ed   Thumb Code     8  __main.o(!!!main)
    __scatterload                            0x080000f5   Thumb Code     0  __scatter.o(!!!scatter)
    __scatterload_rt2                        0x080000f5   Thumb Code    44  __scatter.o(!!!scatter)
    __scatterload_rt2_thumb_only             0x080000f5   Thumb Code     0  __scatter.o(!!!scatter)
    __scatterload_null                       0x08000103   Thumb Code     0  __scatter.o(!!!scatter)
    __decompress                             0x08000129   Thumb Code    90  __dczerorl2.o(!!dczerorl2)
    __decompress1                            0x08000129   Thumb Code     0  __dczerorl2.o(!!dczerorl2)
    __scatterload_zeroinit                   0x08000185   Thumb Code    28  __scatter_zi.o(!!handler_zi)
    _printf_f                                0x080001a1   Thumb Code     0  _printf_f.o(.ARM.Collect$$_printf_percent$$00000003)
    _printf_percent                          0x080001a1   Thumb Code     0  _printf_percent.o(.ARM.Collect$$_printf_percent$$00000000)
    _printf_d                                0x080001a7   Thumb Code     0  _printf_d.o(.ARM.Collect$$_printf_percent$$00000009)
    _printf_u                                0x080001ad   Thumb Code     0  _printf_u.o(.ARM.Collect$$_printf_percent$$0000000A)
    _printf_x                                0x080001b3   Thumb Code     0  _printf_x.o(.ARM.Collect$$_printf_percent$$0000000C)
    _printf_s                                0x080001b9   Thumb Code     0  _printf_s.o(.ARM.Collect$$_printf_percent$$00000014)
    _printf_percent_end                      0x080001bf   Thumb Code     0  _printf_percent_end.o(.ARM.Collect$$_printf_percent$$00000017)
    __rt_lib_init                            0x080001c3   Thumb Code     0  libinit.o(.ARM.Collect$$libinit$$00000000)
    __rt_lib_init_fp_1                       0x080001c5   Thumb Code     0  libinit2.o(.ARM.Collect$$libinit$$00000002)
    __rt_lib_init_heap_1                     0x080001c5   Thumb Code     0  libinit2.o(.ARM.Collect$$libinit$$0000000A)
    __rt_lib_init_lc_common                  0x080001c5   Thumb Code     0  libinit2.o(.ARM.Collect$$libinit$$0000000F)
    __rt_lib_init_preinit_1                  0x080001c5   Thumb Code     0  libinit2.o(.ARM.Collect$$libinit$$00000004)
    __rt_lib_init_rand_1                     0x080001c5   Thumb Code     0  libinit2.o(.ARM.Collect$$libinit$$0000000E)
    __rt_lib_init_user_alloc_1               0x080001c5   Thumb Code     0  libinit2.o(.ARM.Collect$$libinit$$0000000C)
    __rt_lib_init_lc_collate_1               0x080001cb   Thumb Code     0  libinit2.o(.ARM.Collect$$libinit$$00000011)
    __rt_lib_init_lc_ctype_1                 0x080001cb   Thumb Code     0  libinit2.o(.ARM.Collect$$libinit$$00000013)
    __rt_lib_init_lc_monetary_1              0x080001cb   Thumb Code     0  libinit2.o(.ARM.Collect$$libinit$$00000015)
    __rt_lib_init_lc_numeric_2               0x080001cb   Thumb Code     0  libinit2.o(.ARM.Collect$$libinit$$00000016)
    __rt_lib_init_alloca_1                   0x080001d5   Thumb Code     0  libinit2.o(.ARM.Collect$$libinit$$0000002E)
    __rt_lib_init_argv_1                     0x080001d5   Thumb Code     0  libinit2.o(.ARM.Collect$$libinit$$0000002C)
    __rt_lib_init_atexit_1                   0x080001d5   Thumb Code     0  libinit2.o(.ARM.Collect$$libinit$$0000001B)
    __rt_lib_init_clock_1                    0x080001d5   Thumb Code     0  libinit2.o(.ARM.Collect$$libinit$$00000021)
    __rt_lib_init_cpp_1                      0x080001d5   Thumb Code     0  libinit2.o(.ARM.Collect$$libinit$$00000032)
    __rt_lib_init_exceptions_1               0x080001d5   Thumb Code     0  libinit2.o(.ARM.Collect$$libinit$$00000030)
    __rt_lib_init_fp_trap_1                  0x080001d5   Thumb Code     0  libinit2.o(.ARM.Collect$$libinit$$0000001F)
    __rt_lib_init_getenv_1                   0x080001d5   Thumb Code     0  libinit2.o(.ARM.Collect$$libinit$$00000023)
    __rt_lib_init_lc_numeric_1               0x080001d5   Thumb Code     0  libinit2.o(.ARM.Collect$$libinit$$00000017)
    __rt_lib_init_lc_time_1                  0x080001d5   Thumb Code     0  libinit2.o(.ARM.Collect$$libinit$$00000019)
    __rt_lib_init_return                     0x080001d5   Thumb Code     0  libinit2.o(.ARM.Collect$$libinit$$00000033)
    __rt_lib_init_signal_1                   0x080001d5   Thumb Code     0  libinit2.o(.ARM.Collect$$libinit$$0000001D)
    __rt_lib_init_stdio_1                    0x080001d5   Thumb Code     0  libinit2.o(.ARM.Collect$$libinit$$00000025)
    __rt_lib_shutdown                        0x080001d7   Thumb Code     0  libshutdown.o(.ARM.Collect$$libshutdown$$00000000)
    __rt_lib_shutdown_cpp_1                  0x080001d9   Thumb Code     0  libshutdown2.o(.ARM.Collect$$libshutdown$$00000002)
    __rt_lib_shutdown_fp_trap_1              0x080001d9   Thumb Code     0  libshutdown2.o(.ARM.Collect$$libshutdown$$00000007)
    __rt_lib_shutdown_heap_1                 0x080001d9   Thumb Code     0  libshutdown2.o(.ARM.Collect$$libshutdown$$0000000F)
    __rt_lib_shutdown_return                 0x080001d9   Thumb Code     0  libshutdown2.o(.ARM.Collect$$libshutdown$$00000010)
    __rt_lib_shutdown_signal_1               0x080001d9   Thumb Code     0  libshutdown2.o(.ARM.Collect$$libshutdown$$0000000A)
    __rt_lib_shutdown_stdio_1                0x080001d9   Thumb Code     0  libshutdown2.o(.ARM.Collect$$libshutdown$$00000004)
    __rt_lib_shutdown_user_alloc_1           0x080001d9   Thumb Code     0  libshutdown2.o(.ARM.Collect$$libshutdown$$0000000C)
    __rt_entry                               0x080001db   Thumb Code     0  __rtentry.o(.ARM.Collect$$rtentry$$00000000)
    __rt_entry_presh_1                       0x080001db   Thumb Code     0  __rtentry2.o(.ARM.Collect$$rtentry$$00000002)
    __rt_entry_sh                            0x080001db   Thumb Code     0  __rtentry4.o(.ARM.Collect$$rtentry$$00000004)
    __rt_entry_li                            0x080001e1   Thumb Code     0  __rtentry2.o(.ARM.Collect$$rtentry$$0000000A)
    __rt_entry_postsh_1                      0x080001e1   Thumb Code     0  __rtentry2.o(.ARM.Collect$$rtentry$$00000009)
    __rt_entry_main                          0x080001e5   Thumb Code     0  __rtentry2.o(.ARM.Collect$$rtentry$$0000000D)
    __rt_entry_postli_1                      0x080001e5   Thumb Code     0  __rtentry2.o(.ARM.Collect$$rtentry$$0000000C)
    __rt_exit                                0x080001ed   Thumb Code     0  rtexit.o(.ARM.Collect$$rtexit$$00000000)
    __rt_exit_ls                             0x080001ef   Thumb Code     0  rtexit2.o(.ARM.Collect$$rtexit$$00000003)
    __rt_exit_prels_1                        0x080001ef   Thumb Code     0  rtexit2.o(.ARM.Collect$$rtexit$$00000002)
    __rt_exit_exit                           0x080001f3   Thumb Code     0  rtexit2.o(.ARM.Collect$$rtexit$$00000004)
    Reset_Handler                            0x080001f9   Thumb Code     8  startup_stm32f103xb.o(.text)
    ADC1_2_IRQHandler                        0x08000213   Thumb Code     0  startup_stm32f103xb.o(.text)
    CAN1_RX1_IRQHandler                      0x08000213   Thumb Code     0  startup_stm32f103xb.o(.text)
    CAN1_SCE_IRQHandler                      0x08000213   Thumb Code     0  startup_stm32f103xb.o(.text)
    DMA1_Channel2_IRQHandler                 0x08000213   Thumb Code     0  startup_stm32f103xb.o(.text)
    DMA1_Channel3_IRQHandler                 0x08000213   Thumb Code     0  startup_stm32f103xb.o(.text)
    DMA1_Channel4_IRQHandler                 0x08000213   Thumb Code     0  startup_stm32f103xb.o(.text)
    DMA1_Channel5_IRQHandler                 0x08000213   Thumb Code     0  startup_stm32f103xb.o(.text)
    DMA1_Channel6_IRQHandler                 0x08000213   Thumb Code     0  startup_stm32f103xb.o(.text)
    DMA1_Channel7_IRQHandler                 0x08000213   Thumb Code     0  startup_stm32f103xb.o(.text)
    EXTI0_IRQHandler                         0x08000213   Thumb Code     0  startup_stm32f103xb.o(.text)
    EXTI1_IRQHandler                         0x08000213   Thumb Code     0  startup_stm32f103xb.o(.text)
    EXTI2_IRQHandler                         0x08000213   Thumb Code     0  startup_stm32f103xb.o(.text)
    EXTI3_IRQHandler                         0x08000213   Thumb Code     0  startup_stm32f103xb.o(.text)
    EXTI4_IRQHandler                         0x08000213   Thumb Code     0  startup_stm32f103xb.o(.text)
    EXTI9_5_IRQHandler                       0x08000213   Thumb Code     0  startup_stm32f103xb.o(.text)
    FLASH_IRQHandler                         0x08000213   Thumb Code     0  startup_stm32f103xb.o(.text)
    I2C1_ER_IRQHandler                       0x08000213   Thumb Code     0  startup_stm32f103xb.o(.text)
    I2C1_EV_IRQHandler                       0x08000213   Thumb Code     0  startup_stm32f103xb.o(.text)
    I2C2_ER_IRQHandler                       0x08000213   Thumb Code     0  startup_stm32f103xb.o(.text)
    I2C2_EV_IRQHandler                       0x08000213   Thumb Code     0  startup_stm32f103xb.o(.text)
    PVD_IRQHandler                           0x08000213   Thumb Code     0  startup_stm32f103xb.o(.text)
    RCC_IRQHandler                           0x08000213   Thumb Code     0  startup_stm32f103xb.o(.text)
    RTC_Alarm_IRQHandler                     0x08000213   Thumb Code     0  startup_stm32f103xb.o(.text)
    RTC_IRQHandler                           0x08000213   Thumb Code     0  startup_stm32f103xb.o(.text)
    SPI1_IRQHandler                          0x08000213   Thumb Code     0  startup_stm32f103xb.o(.text)
    SPI2_IRQHandler                          0x08000213   Thumb Code     0  startup_stm32f103xb.o(.text)
    TAMPER_IRQHandler                        0x08000213   Thumb Code     0  startup_stm32f103xb.o(.text)
    TIM1_BRK_IRQHandler                      0x08000213   Thumb Code     0  startup_stm32f103xb.o(.text)
    TIM1_CC_IRQHandler                       0x08000213   Thumb Code     0  startup_stm32f103xb.o(.text)
    TIM1_TRG_COM_IRQHandler                  0x08000213   Thumb Code     0  startup_stm32f103xb.o(.text)
    TIM1_UP_IRQHandler                       0x08000213   Thumb Code     0  startup_stm32f103xb.o(.text)
    TIM2_IRQHandler                          0x08000213   Thumb Code     0  startup_stm32f103xb.o(.text)
    TIM3_IRQHandler                          0x08000213   Thumb Code     0  startup_stm32f103xb.o(.text)
    TIM4_IRQHandler                          0x08000213   Thumb Code     0  startup_stm32f103xb.o(.text)
    USART3_IRQHandler                        0x08000213   Thumb Code     0  startup_stm32f103xb.o(.text)
    USBWakeUp_IRQHandler                     0x08000213   Thumb Code     0  startup_stm32f103xb.o(.text)
    USB_HP_CAN1_TX_IRQHandler                0x08000213   Thumb Code     0  startup_stm32f103xb.o(.text)
    USB_LP_CAN1_RX0_IRQHandler               0x08000213   Thumb Code     0  startup_stm32f103xb.o(.text)
    WWDG_IRQHandler                          0x08000213   Thumb Code     0  startup_stm32f103xb.o(.text)
    __user_initial_stackheap                 0x08000215   Thumb Code     0  startup_stm32f103xb.o(.text)
    __2printf                                0x08000239   Thumb Code    20  noretval__2printf.o(.text)
    __2sprintf                               0x08000251   Thumb Code    34  noretval__2sprintf.o(.text)
    _printf_pre_padding                      0x08000279   Thumb Code    44  _printf_pad.o(.text)
    _printf_post_padding                     0x080002a5   Thumb Code    34  _printf_pad.o(.text)
    _printf_str                              0x080002c7   Thumb Code    82  _printf_str.o(.text)
    _printf_int_dec                          0x08000319   Thumb Code   104  _printf_dec.o(.text)
    _printf_int_hex                          0x08000391   Thumb Code    84  _printf_hex_int.o(.text)
    _printf_longlong_hex                     0x08000391   Thumb Code     0  _printf_hex_int.o(.text)
    __printf                                 0x080003e9   Thumb Code   388  __printf_flags_ss_wp.o(.text)
    putchar                                  0x08000571   Thumb Code     6  putchar.o(.text)
    puts                                     0x0800057d   Thumb Code    40  puts.o(.text)
    strchr                                   0x080005a9   Thumb Code    20  strchr.o(.text)
    strstr                                   0x080005bd   Thumb Code    36  strstr.o(.text)
    memcmp                                   0x080005e1   Thumb Code    88  memcmp.o(.text)
    strlen                                   0x08000639   Thumb Code    62  strlen.o(.text)
    strncmp                                  0x08000677   Thumb Code   150  strncmp.o(.text)
    __aeabi_memcpy                           0x0800070d   Thumb Code     0  rt_memcpy_v6.o(.text)
    __rt_memcpy                              0x0800070d   Thumb Code   138  rt_memcpy_v6.o(.text)
    _memcpy_lastbytes                        0x08000773   Thumb Code     0  rt_memcpy_v6.o(.text)
    __aeabi_memclr                           0x08000797   Thumb Code     0  rt_memclr.o(.text)
    __rt_memclr                              0x08000797   Thumb Code    68  rt_memclr.o(.text)
    _memset                                  0x0800079b   Thumb Code     0  rt_memclr.o(.text)
    __aeabi_memclr4                          0x080007db   Thumb Code     0  rt_memclr_w.o(.text)
    __aeabi_memclr8                          0x080007db   Thumb Code     0  rt_memclr_w.o(.text)
    __rt_memclr_w                            0x080007db   Thumb Code    78  rt_memclr_w.o(.text)
    _memset_w                                0x080007df   Thumb Code     0  rt_memclr_w.o(.text)
    __use_two_region_memory                  0x08000829   Thumb Code     2  heapauxi.o(.text)
    __rt_heap_escrow$2region                 0x0800082b   Thumb Code     2  heapauxi.o(.text)
    __rt_heap_expand$2region                 0x0800082d   Thumb Code     2  heapauxi.o(.text)
    _printf_int_common                       0x0800082f   Thumb Code   178  _printf_intcommon.o(.text)
    _printf_fp_dec_real                      0x08000a91   Thumb Code   620  _printf_fp_dec.o(.text)
    _printf_char_common                      0x08000d07   Thumb Code    32  _printf_char_common.o(.text)
    _sputc                                   0x08000d2d   Thumb Code    10  _sputc.o(.text)
    _printf_cs_common                        0x08000d37   Thumb Code    20  _printf_char.o(.text)
    _printf_char                             0x08000d4b   Thumb Code    16  _printf_char.o(.text)
    _printf_string                           0x08000d5b   Thumb Code     8  _printf_char.o(.text)
    _printf_char_file                        0x08000d65   Thumb Code    32  _printf_char_file.o(.text)
    __aeabi_memcpy4                          0x08000d89   Thumb Code     0  rt_memcpy_w.o(.text)
    __aeabi_memcpy8                          0x08000d89   Thumb Code     0  rt_memcpy_w.o(.text)
    __rt_memcpy_w                            0x08000d89   Thumb Code   100  rt_memcpy_w.o(.text)
    _memcpy_lastbytes_aligned                0x08000dd1   Thumb Code     0  rt_memcpy_w.o(.text)
    __rt_locale                              0x08000ded   Thumb Code     8  rt_locale_intlibspace.o(.text)
    _ll_udiv10                               0x08000df5   Thumb Code   138  lludiv10.o(.text)
    _printf_fp_infnan                        0x08000e81   Thumb Code   112  _printf_fp_infnan.o(.text)
    _btod_etento                             0x08000f01   Thumb Code   224  bigflt0.o(.text)
    ferror                                   0x08000fe5   Thumb Code     8  ferror.o(.text)
    __user_libspace                          0x08000fed   Thumb Code     8  libspace.o(.text)
    __user_perproc_libspace                  0x08000fed   Thumb Code     0  libspace.o(.text)
    __user_perthread_libspace                0x08000fed   Thumb Code     0  libspace.o(.text)
    __user_setup_stackheap                   0x08000ff5   Thumb Code    74  sys_stackheap_outer.o(.text)
    exit                                     0x0800103f   Thumb Code    18  exit.o(.text)
    strcmp                                   0x08001051   Thumb Code   128  strcmpv7m.o(.text)
    _sys_exit                                0x080010d1   Thumb Code     8  sys_exit.o(.text)
    __I$use$semihosting                      0x080010dd   Thumb Code     0  use_no_semi.o(.text)
    __use_no_semihosting_swi                 0x080010dd   Thumb Code     2  use_no_semi.o(.text)
    __semihosting_library_function           0x080010df   Thumb Code     0  indicate_semi.o(.text)
    BusFault_Handler                         0x080010e1   Thumb Code     2  stm32f1xx_it.o(.text.BusFault_Handler)
    DIO1_EXTI_Callback                       0x080010e5   Thumb Code   232  llcc68_p2p.o(.text.DIO1_EXTI_Callback)
    DMA1_Channel1_IRQHandler                 0x080011cd   Thumb Code    12  stm32f1xx_it.o(.text.DMA1_Channel1_IRQHandler)
    DebugMon_Handler                         0x080011d9   Thumb Code     2  stm32f1xx_it.o(.text.DebugMon_Handler)
    EXTI15_10_IRQHandler                     0x080011dd   Thumb Code     8  stm32f1xx_it.o(.text.EXTI15_10_IRQHandler)
    Error_Handler                            0x080011e5   Thumb Code    10  main.o(.text.Error_Handler)
    FindFontIndex                            0x080011f1   Thumb Code   156  oled.o(.text.FindFontIndex)
    HAL_ADC_ConfigChannel                    0x0800128d   Thumb Code   338  stm32f1xx_hal_adc.o(.text.HAL_ADC_ConfigChannel)
    HAL_ADC_Init                             0x080013e1   Thumb Code   348  stm32f1xx_hal_adc.o(.text.HAL_ADC_Init)
    HAL_ADC_MspInit                          0x0800153d   Thumb Code   162  adc.o(.text.HAL_ADC_MspInit)
    HAL_DMA_Abort                            0x080015e1   Thumb Code    64  stm32f1xx_hal_dma.o(.text.HAL_DMA_Abort)
    HAL_DMA_Abort_IT                         0x08001621   Thumb Code   174  stm32f1xx_hal_dma.o(.text.HAL_DMA_Abort_IT)
    HAL_DMA_GetError                         0x080016d1   Thumb Code     4  stm32f1xx_hal_dma.o(.text.HAL_DMA_GetError)
    HAL_DMA_IRQHandler                       0x080016d5   Thumb Code   386  stm32f1xx_hal_dma.o(.text.HAL_DMA_IRQHandler)
    HAL_DMA_Init                             0x08001859   Thumb Code   136  stm32f1xx_hal_dma.o(.text.HAL_DMA_Init)
    HAL_Delay                                0x080018e1   Thumb Code    40  stm32f1xx_hal.o(.text.HAL_Delay)
    HAL_GPIO_EXTI_Callback                   0x08001909   Thumb Code    12  isr_callback.o(.text.HAL_GPIO_EXTI_Callback)
    HAL_GPIO_EXTI_IRQHandler                 0x08001915   Thumb Code    22  stm32f1xx_hal_gpio.o(.text.HAL_GPIO_EXTI_IRQHandler)
    HAL_GPIO_Init                            0x0800192d   Thumb Code   526  stm32f1xx_hal_gpio.o(.text.HAL_GPIO_Init)
    HAL_GPIO_ReadPin                         0x08001b3d   Thumb Code    10  stm32f1xx_hal_gpio.o(.text.HAL_GPIO_ReadPin)
    HAL_GPIO_WritePin                        0x08001b49   Thumb Code    10  stm32f1xx_hal_gpio.o(.text.HAL_GPIO_WritePin)
    HAL_GetTick                              0x08001b55   Thumb Code    12  stm32f1xx_hal.o(.text.HAL_GetTick)
    HAL_I2C_Init                             0x08001b61   Thumb Code   418  stm32f1xx_hal_i2c.o(.text.HAL_I2C_Init)
    HAL_I2C_Master_Transmit                  0x08001d05   Thumb Code   982  stm32f1xx_hal_i2c.o(.text.HAL_I2C_Master_Transmit)
    HAL_I2C_MspInit                          0x080020dd   Thumb Code   104  i2c.o(.text.HAL_I2C_MspInit)
    HAL_IncTick                              0x08002145   Thumb Code    26  stm32f1xx_hal.o(.text.HAL_IncTick)
    HAL_Init                                 0x08002161   Thumb Code    38  stm32f1xx_hal.o(.text.HAL_Init)
    HAL_InitTick                             0x08002189   Thumb Code    80  stm32f1xx_hal.o(.text.HAL_InitTick)
    HAL_MspInit                              0x080021d9   Thumb Code    66  stm32f1xx_hal_msp.o(.text.HAL_MspInit)
    HAL_NVIC_EnableIRQ                       0x0800221d   Thumb Code    32  stm32f1xx_hal_cortex.o(.text.HAL_NVIC_EnableIRQ)
    HAL_NVIC_SetPriority                     0x0800223d   Thumb Code    86  stm32f1xx_hal_cortex.o(.text.HAL_NVIC_SetPriority)
    HAL_NVIC_SetPriorityGrouping             0x08002295   Thumb Code    32  stm32f1xx_hal_cortex.o(.text.HAL_NVIC_SetPriorityGrouping)
    HAL_RCCEx_PeriphCLKConfig                0x080022b5   Thumb Code   270  stm32f1xx_hal_rcc_ex.o(.text.HAL_RCCEx_PeriphCLKConfig)
    HAL_RCC_ClockConfig                      0x080023c5   Thumb Code   436  stm32f1xx_hal_rcc.o(.text.HAL_RCC_ClockConfig)
    HAL_RCC_GetPCLK1Freq                     0x08002579   Thumb Code    38  stm32f1xx_hal_rcc.o(.text.HAL_RCC_GetPCLK1Freq)
    HAL_RCC_GetPCLK2Freq                     0x080025a1   Thumb Code    38  stm32f1xx_hal_rcc.o(.text.HAL_RCC_GetPCLK2Freq)
    HAL_RCC_OscConfig                        0x080025c9   Thumb Code   924  stm32f1xx_hal_rcc.o(.text.HAL_RCC_OscConfig)
    HAL_SPI_Init                             0x08002965   Thumb Code   180  stm32f1xx_hal_spi.o(.text.HAL_SPI_Init)
    HAL_SPI_MspInit                          0x08002a19   Thumb Code   122  spi.o(.text.HAL_SPI_MspInit)
    HAL_SPI_Receive                          0x08002a95   Thumb Code   404  stm32f1xx_hal_spi.o(.text.HAL_SPI_Receive)
    HAL_SPI_Transmit                         0x08002c29   Thumb Code   424  stm32f1xx_hal_spi.o(.text.HAL_SPI_Transmit)
    HAL_SPI_TransmitReceive                  0x08002dd1   Thumb Code   536  stm32f1xx_hal_spi.o(.text.HAL_SPI_TransmitReceive)
    HAL_SYSTICK_Config                       0x08002fe9   Thumb Code    44  stm32f1xx_hal_cortex.o(.text.HAL_SYSTICK_Config)
    HAL_TIMEx_ConfigBreakDeadTime            0x08003015   Thumb Code    76  stm32f1xx_hal_tim_ex.o(.text.HAL_TIMEx_ConfigBreakDeadTime)
    HAL_TIMEx_MasterConfigSynchronization    0x08003061   Thumb Code   118  stm32f1xx_hal_tim_ex.o(.text.HAL_TIMEx_MasterConfigSynchronization)
    HAL_TIM_Base_Init                        0x080030d9   Thumb Code   230  stm32f1xx_hal_tim.o(.text.HAL_TIM_Base_Init)
    HAL_TIM_Base_MspInit                     0x080031c1   Thumb Code    50  tim.o(.text.HAL_TIM_Base_MspInit)
    HAL_TIM_ConfigClockSource                0x080031f5   Thumb Code   412  stm32f1xx_hal_tim.o(.text.HAL_TIM_ConfigClockSource)
    HAL_TIM_PWM_ConfigChannel                0x08003391   Thumb Code   514  stm32f1xx_hal_tim.o(.text.HAL_TIM_PWM_ConfigChannel)
    HAL_TIM_PWM_Init                         0x08003595   Thumb Code   230  stm32f1xx_hal_tim.o(.text.HAL_TIM_PWM_Init)
    HAL_TIM_PWM_MspInit                      0x0800367d   Thumb Code     2  stm32f1xx_hal_tim.o(.text.HAL_TIM_PWM_MspInit)
    HAL_TIM_PWM_Start                        0x08003681   Thumb Code   194  stm32f1xx_hal_tim.o(.text.HAL_TIM_PWM_Start)
    HAL_UARTEx_ReceiveToIdle_IT              0x08003745   Thumb Code   216  stm32f1xx_hal_uart.o(.text.HAL_UARTEx_ReceiveToIdle_IT)
    HAL_UARTEx_RxEventCallback               0x0800381d   Thumb Code    58  isr_callback.o(.text.HAL_UARTEx_RxEventCallback)
    HAL_UART_Abort                           0x08003859   Thumb Code   480  stm32f1xx_hal_uart.o(.text.HAL_UART_Abort)
    HAL_UART_ErrorCallback                   0x08003a39   Thumb Code    20  isr_callback.o(.text.HAL_UART_ErrorCallback)
    HAL_UART_IRQHandler                      0x08003a4d   Thumb Code  1376  stm32f1xx_hal_uart.o(.text.HAL_UART_IRQHandler)
    HAL_UART_Init                            0x08003fad   Thumb Code   220  stm32f1xx_hal_uart.o(.text.HAL_UART_Init)
    HAL_UART_MspInit                         0x08004089   Thumb Code   230  usart.o(.text.HAL_UART_MspInit)
    HAL_UART_RxCpltCallback                  0x08004171   Thumb Code    30  isr_callback.o(.text.HAL_UART_RxCpltCallback)
    HAL_UART_Transmit                        0x08004191   Thumb Code   232  stm32f1xx_hal_uart.o(.text.HAL_UART_Transmit)
    HAL_UART_TxCpltCallback                  0x08004279   Thumb Code     2  stm32f1xx_hal_uart.o(.text.HAL_UART_TxCpltCallback)
    HardFault_Handler                        0x0800427d   Thumb Code     2  stm32f1xx_it.o(.text.HardFault_Handler)
    MX_ADC1_Init                             0x08004281   Thumb Code   130  adc.o(.text.MX_ADC1_Init)
    MX_DMA_Init                              0x08004305   Thumb Code    52  dma.o(.text.MX_DMA_Init)
    MX_GPIO_Init                             0x08004339   Thumb Code   318  gpio.o(.text.MX_GPIO_Init)
    MX_I2C1_Init                             0x08004479   Thumb Code    66  i2c.o(.text.MX_I2C1_Init)
    MX_SPI1_Init                             0x080044bd   Thumb Code    76  spi.o(.text.MX_SPI1_Init)
    MX_TIM1_Init                             0x08004509   Thumb Code   328  tim.o(.text.MX_TIM1_Init)
    MX_USART1_UART_Init                      0x08004651   Thumb Code    60  usart.o(.text.MX_USART1_UART_Init)
    MX_USART2_UART_Init                      0x0800468d   Thumb Code    60  usart.o(.text.MX_USART2_UART_Init)
    MemManage_Handler                        0x080046c9   Thumb Code     2  stm32f1xx_it.o(.text.MemManage_Handler)
    NMI_Handler                              0x080046cd   Thumb Code     2  stm32f1xx_it.o(.text.NMI_Handler)
    OLED_Clear                               0x080046d1   Thumb Code   160  oled.o(.text.OLED_Clear)
    OLED_Init                                0x08004771   Thumb Code   620  oled.o(.text.OLED_Init)
    PendSV_Handler                           0x080049dd   Thumb Code     2  stm32f1xx_it.o(.text.PendSV_Handler)
    SVC_Handler                              0x08004ac5   Thumb Code     2  stm32f1xx_it.o(.text.SVC_Handler)
    SysTick_Handler                          0x08004ac9   Thumb Code     4  stm32f1xx_it.o(.text.SysTick_Handler)
    SystemClock_Config                       0x08004acd   Thumb Code   142  main.o(.text.SystemClock_Config)
    SystemInit                               0x08004b5d   Thumb Code     2  system_stm32f1xx.o(.text.SystemInit)
    USART1_IRQHandler                        0x08004c69   Thumb Code    12  stm32f1xx_it.o(.text.USART1_IRQHandler)
    USART2_IRQHandler                        0x08004c75   Thumb Code    12  stm32f1xx_it.o(.text.USART2_IRQHandler)
    UsageFault_Handler                       0x08004c81   Thumb Code     2  stm32f1xx_it.o(.text.UsageFault_Handler)
    app_lora_init                            0x08004c85   Thumb Code   212  app_lora.o(.text.app_lora_init)
    app_lora_poll                            0x08004d59   Thumb Code   296  app_lora.o(.text.app_lora_poll)
    app_main                                 0x08004e81   Thumb Code   296  app_main.o(.text.app_main)
    app_mqtt_init                            0x08004fa9   Thumb Code   680  app_mqtt.o(.text.app_mqtt_init)
    app_mqtt_poll                            0x08005251   Thumb Code   924  app_mqtt.o(.text.app_mqtt_poll)
    app_oled_init                            0x080055ed   Thumb Code    60  app_oled.o(.text.app_oled_init)
    app_oled_poll                            0x08005629   Thumb Code   520  app_oled.o(.text.app_oled_poll)
    co2_rx_restart_from_error                0x08005831   Thumb Code    90  co2.o(.text.co2_rx_restart_from_error)
    delay_ms                                 0x0800588d   Thumb Code     4  delay.o(.text.delay_ms)
    esp_clear_rx_buf                         0x08005891   Thumb Code    80  esp.o(.text.esp_clear_rx_buf)
    esp_connect_ap                           0x080058e1   Thumb Code   860  esp.o(.text.esp_connect_ap)
    esp_connect_server                       0x08005c3d   Thumb Code  1044  esp.o(.text.esp_connect_server)
    esp_enable_echo                          0x08006051   Thumb Code   216  esp.o(.text.esp_enable_echo)
    esp_entry_transparent_transmission       0x08006129   Thumb Code   448  esp.o(.text.esp_entry_transparent_transmission)
    esp_exit_transparent_transmission        0x080062e9   Thumb Code   138  esp.o(.text.esp_exit_transparent_transmission)
    esp_init                                 0x08006375   Thumb Code   102  esp.o(.text.esp_init)
    esp_reset                                0x080063dd   Thumb Code   232  esp.o(.text.esp_reset)
    esp_rx_event_handler                     0x080064c5   Thumb Code    98  esp.o(.text.esp_rx_event_handler)
    esp_send_bytes                           0x08006529   Thumb Code    30  esp.o(.text.esp_send_bytes)
    esp_set_mode                             0x08006549   Thumb Code   300  esp.o(.text.esp_set_mode)
    event_get                                0x08006675   Thumb Code    74  event.o(.text.event_get)
    event_has_event                          0x080066c1   Thumb Code    36  event.o(.text.event_has_event)
    event_init                               0x080066e5   Thumb Code    32  event.o(.text.event_init)
    event_post                               0x08006705   Thumb Code    74  event.o(.text.event_post)
    fputc                                    0x08006751   Thumb Code    32  usart.o(.text.fputc)
    led_ctrl                                 0x08006771   Thumb Code    86  led.o(.text.led_ctrl)
    led_init                                 0x080067c9   Thumb Code    24  led.o(.text.led_init)
    llcc68_cal                               0x080067e1   Thumb Code    38  llcc68.o(.text.llcc68_cal)
    llcc68_cal_img_in_mhz                    0x08006809   Thumb Code    48  llcc68.o(.text.llcc68_cal_img_in_mhz)
    llcc68_cfg_rx_boosted                    0x08006839   Thumb Code    84  llcc68.o(.text.llcc68_cfg_rx_boosted)
    llcc68_cfg_tx_clamp                      0x0800688d   Thumb Code    94  llcc68.o(.text.llcc68_cfg_tx_clamp)
    llcc68_clear_device_errors               0x080068ed   Thumb Code    30  llcc68.o(.text.llcc68_clear_device_errors)
    llcc68_clear_irq_status                  0x0800690d   Thumb Code    44  llcc68.o(.text.llcc68_clear_irq_status)
    llcc68_get_and_clear_irq_status          0x08006939   Thumb Code   108  llcc68.o(.text.llcc68_get_and_clear_irq_status)
    llcc68_get_lora_pkt_status               0x080069a5   Thumb Code    84  llcc68.o(.text.llcc68_get_lora_pkt_status)
    llcc68_get_rx_buffer_status              0x080069f9   Thumb Code    50  llcc68.o(.text.llcc68_get_rx_buffer_status)
    llcc68_hal_read                          0x08006a2d   Thumb Code   168  llcc68_hal.o(.text.llcc68_hal_read)
    llcc68_hal_reset                         0x08006ad5   Thumb Code    98  llcc68_hal.o(.text.llcc68_hal_reset)
    llcc68_hal_write                         0x08006b39   Thumb Code   152  llcc68_hal.o(.text.llcc68_hal_write)
    llcc68_handle_rx_done                    0x08006bd1   Thumb Code     4  llcc68.o(.text.llcc68_handle_rx_done)
    llcc68_init                              0x08006bd5   Thumb Code   556  llcc68_p2p.o(.text.llcc68_init)
    llcc68_lora_receive_data                 0x08006e01   Thumb Code   344  llcc68_p2p.o(.text.llcc68_lora_receive_data)
    llcc68_lora_receive_mode                 0x08006f59   Thumb Code   172  llcc68_p2p.o(.text.llcc68_lora_receive_mode)
    llcc68_read_buffer                       0x08007005   Thumb Code    42  llcc68.o(.text.llcc68_read_buffer)
    llcc68_set_buffer_base_address           0x08007031   Thumb Code    42  llcc68.o(.text.llcc68_set_buffer_base_address)
    llcc68_set_dio_irq_params                0x0800705d   Thumb Code    84  llcc68.o(.text.llcc68_set_dio_irq_params)
    llcc68_set_fs                            0x080070b1   Thumb Code    34  llcc68.o(.text.llcc68_set_fs)
    llcc68_set_lora_mod_params               0x080070d5   Thumb Code   192  llcc68.o(.text.llcc68_set_lora_mod_params)
    llcc68_set_lora_pkt_params               0x08007195   Thumb Code   154  llcc68.o(.text.llcc68_set_lora_pkt_params)
    llcc68_set_ocp_value                     0x08007231   Thumb Code    46  llcc68.o(.text.llcc68_set_ocp_value)
    llcc68_set_pa_cfg                        0x08007261   Thumb Code    38  llcc68.o(.text.llcc68_set_pa_cfg)
    llcc68_set_pkt_type                      0x08007289   Thumb Code    38  llcc68.o(.text.llcc68_set_pkt_type)
    llcc68_set_reg_mode                      0x080072b1   Thumb Code    38  llcc68.o(.text.llcc68_set_reg_mode)
    llcc68_set_rf_freq                       0x080072d9   Thumb Code   100  llcc68.o(.text.llcc68_set_rf_freq)
    llcc68_set_rx                            0x0800733d   Thumb Code    60  llcc68.o(.text.llcc68_set_rx)
    llcc68_set_rx_with_timeout_in_rtc_step   0x08007379   Thumb Code    48  llcc68.o(.text.llcc68_set_rx_with_timeout_in_rtc_step)
    llcc68_set_standby                       0x080073a9   Thumb Code    38  llcc68.o(.text.llcc68_set_standby)
    llcc68_set_tx_params                     0x080073d1   Thumb Code    42  llcc68.o(.text.llcc68_set_tx_params)
    llcc68_stop_rtc                          0x080073fd   Thumb Code   126  llcc68.o(.text.llcc68_stop_rtc)
    llcc68_tx_modulation_workaround          0x0800747d   Thumb Code   118  llcc68.o(.text.llcc68_tx_modulation_workaround)
    main                                     0x080074f5   Thumb Code    46  main.o(.text.main)
    mqtt_connect                             0x08007525   Thumb Code   584  esp_mqtt.o(.text.mqtt_connect)
    mqtt_publish_data                        0x0800776d   Thumb Code   308  esp_mqtt.o(.text.mqtt_publish_data)
    mqtt_send_heart                          0x080078a1   Thumb Code    14  esp_mqtt.o(.text.mqtt_send_heart)
    mqtt_subscribe_topic                     0x080078b1   Thumb Code   456  esp_mqtt.o(.text.mqtt_subscribe_topic)
    oled_show_char                           0x08007a79   Thumb Code   338  oled.o(.text.oled_show_char)
    oled_show_string                         0x08007bcd   Thumb Code   230  oled.o(.text.oled_show_string)
    scheduler_add_task                       0x08007cb5   Thumb Code    60  scheduler.o(.text.scheduler_add_task)
    scheduler_init                           0x08007cf1   Thumb Code    30  scheduler.o(.text.scheduler_init)
    scheduler_run                            0x08007d11   Thumb Code    90  scheduler.o(.text.scheduler_run)
    _btod_d2e                                0x08007d6b   Thumb Code    62  btod.o(CL$$btod_d2e)
    _d2e_denorm_low                          0x08007da9   Thumb Code    70  btod.o(CL$$btod_d2e_denorm_low)
    _d2e_norm_op1                            0x08007def   Thumb Code    96  btod.o(CL$$btod_d2e_norm_op1)
    __btod_div_common                        0x08007e4f   Thumb Code   696  btod.o(CL$$btod_div_common)
    _e2e                                     0x08008187   Thumb Code   220  btod.o(CL$$btod_e2e)
    _btod_ediv                               0x08008263   Thumb Code    42  btod.o(CL$$btod_ediv)
    _btod_emul                               0x0800828d   Thumb Code    42  btod.o(CL$$btod_emul)
    __btod_mult_common                       0x080082b7   Thumb Code   580  btod.o(CL$$btod_mult_common)
    __ARM_fpclassify                         0x080084fb   Thumb Code    40  fpclassify.o(i.__ARM_fpclassify)
    _is_digit                                0x08008523   Thumb Code    14  __printf_wp.o(i._is_digit)
    _get_lc_numeric                          0x08008531   Thumb Code    44  lc_numeric_c.o(locale$$code)
    __fpl_dretinf                            0x0800855d   Thumb Code    12  dretinf.o(x$fpl$dretinf)
    __aeabi_f2d                              0x08008569   Thumb Code     0  f2d.o(x$fpl$f2d)
    _f2d                                     0x08008569   Thumb Code    86  f2d.o(x$fpl$f2d)
    __aeabi_fdiv                             0x080085c1   Thumb Code     0  fdiv.o(x$fpl$fdiv)
    _fdiv                                    0x080085c1   Thumb Code   384  fdiv.o(x$fpl$fdiv)
    __aeabi_i2f                              0x08008745   Thumb Code     0  fflt_clz.o(x$fpl$fflt)
    _fflt                                    0x08008745   Thumb Code    48  fflt_clz.o(x$fpl$fflt)
    __fpl_fnaninf                            0x08008775   Thumb Code   140  fnaninf.o(x$fpl$fnaninf)
    __fpl_fretinf                            0x08008801   Thumb Code    10  fretinf.o(x$fpl$fretinf)
    _printf_fp_dec                           0x0800880b   Thumb Code     4  printf1.o(x$fpl$printf1)
    __I$use$fp                               0x0800880e   Number         0  usenofp.o(x$fpl$usenofp)
    AHBPrescTable                            0x080088e2   Data          16  system_stm32f1xx.o(.rodata.AHBPrescTable)
    APBPrescTable                            0x080088f2   Data           8  system_stm32f1xx.o(.rodata.APBPrescTable)
    g_font_dot_matrix_16                     0x0800890c   Data        4896  fontdotmatrix16.o(.rodata.g_font_dot_matrix_16)
    g_packet_heart                           0x08009c2c   Data           2  esp_mqtt.o(.rodata.g_packet_heart)
    Region$$Table$$Base                      0x0800a4a0   Number         0  anon$$obj.o(Region$$Table)
    Region$$Table$$Limit                     0x0800a4c0   Number         0  anon$$obj.o(Region$$Table)
    SystemCoreClock                          0x20000000   Data           4  system_stm32f1xx.o(.data.SystemCoreClock)
    g_font_dot_matrix_16_index               0x20000004   Data         612  fontdotmatrix16.o(.data.g_font_dot_matrix_16_index)
    llcc68_ctx                               0x20000268   Data          36  llcc68_p2p.o(.data.llcc68_ctx)
    uwTickFreq                               0x2000028c   Data           1  stm32f1xx_hal.o(.data.uwTickFreq)
    uwTickPrio                               0x20000290   Data           4  stm32f1xx_hal.o(.data.uwTickPrio)
    __libspace_start                         0x20000298   Data          96  libspace.o(.bss)
    __stdout                                 0x200002f8   Data          84  usart.o(.bss.__stdout)
    __temporary_stack_top$libspace           0x200002f8   Data           0  libspace.o(.bss)
    g_esp_rx_buf                             0x20000358   Data         512  esp.o(.bss.g_esp_rx_buf)
    g_esp_rx_cnt                             0x20000558   Data           4  esp.o(.bss.g_esp_rx_cnt)
    g_esp_rx_end                             0x2000055c   Data           4  esp.o(.bss.g_esp_rx_end)
    g_esp_state                              0x20000560   Data           1  esp.o(.bss.g_esp_state)
    g_esp_transparent_transmission_sta       0x20000564   Data           4  esp.o(.bss.g_esp_transparent_transmission_sta)
    g_esp_tx_buf                             0x20000568   Data         512  esp.o(.bss.g_esp_tx_buf)
    g_mqtt_msg                               0x20000768   Data         526  esp_mqtt.o(.bss.g_mqtt_msg)
    g_mqtt_tx_len                            0x20000978   Data           4  esp_mqtt.o(.bss.g_mqtt_tx_len)
    g_sensor_data                            0x2000097c   Data          24  app_lora.o(.bss.g_sensor_data)
    g_uart1_rx_buf                           0x20000994   Data          32  app_main.o(.bss.g_uart1_rx_buf)
    g_uart1_rx_cnt                           0x200009b4   Data           4  app_main.o(.bss.g_uart1_rx_cnt)
    g_uart1_rx_end                           0x200009b8   Data           4  app_main.o(.bss.g_uart1_rx_end)
    hadc1                                    0x200009bc   Data          48  adc.o(.bss.hadc1)
    hdma_adc1                                0x200009ec   Data          68  adc.o(.bss.hdma_adc1)
    hi2c1                                    0x20000a30   Data          84  i2c.o(.bss.hi2c1)
    hspi1                                    0x20000a84   Data          88  spi.o(.bss.hspi1)
    htim1                                    0x20000adc   Data          72  tim.o(.bss.htim1)
    huart1                                   0x20000b24   Data          72  usart.o(.bss.huart1)
    huart2                                   0x20000b6c   Data          72  usart.o(.bss.huart2)
    uwTick                                   0x20000cc0   Data           4  stm32f1xx_hal.o(.bss.uwTick)



==============================================================================

Memory Map of the image

  Image Entry point : 0x080000ed

  Load Region LR_IROM1 (Base: 0x08000000, Size: 0x0000a778, Max: 0x00010000, ABSOLUTE, COMPRESSED[0x0000a6d0])

    Execution Region ER_IROM1 (Exec base: 0x08000000, Load base: 0x08000000, Size: 0x0000a4dc, Max: 0x00010000, ABSOLUTE)

    Exec Addr    Load Addr    Size         Type   Attr      Idx    E Section Name        Object

    0x08000000   0x08000000   0x000000ec   Data   RO            3    RESET               startup_stm32f103xb.o
    0x080000ec   0x080000ec   0x00000008   Code   RO         1998  * !!!main             c_w.l(__main.o)
    0x080000f4   0x080000f4   0x00000034   Code   RO         2262    !!!scatter          c_w.l(__scatter.o)
    0x08000128   0x08000128   0x0000005a   Code   RO         2260    !!dczerorl2         c_w.l(__dczerorl2.o)
    0x08000182   0x08000182   0x00000002   PAD
    0x08000184   0x08000184   0x0000001c   Code   RO         2264    !!handler_zi        c_w.l(__scatter_zi.o)
    0x080001a0   0x080001a0   0x00000000   Code   RO         1975    .ARM.Collect$$_printf_percent$$00000000  c_w.l(_printf_percent.o)
    0x080001a0   0x080001a0   0x00000006   Code   RO         1974    .ARM.Collect$$_printf_percent$$00000003  c_w.l(_printf_f.o)
    0x080001a6   0x080001a6   0x00000006   Code   RO         1972    .ARM.Collect$$_printf_percent$$00000009  c_w.l(_printf_d.o)
    0x080001ac   0x080001ac   0x00000006   Code   RO         1973    .ARM.Collect$$_printf_percent$$0000000A  c_w.l(_printf_u.o)
    0x080001b2   0x080001b2   0x00000006   Code   RO         1971    .ARM.Collect$$_printf_percent$$0000000C  c_w.l(_printf_x.o)
    0x080001b8   0x080001b8   0x00000006   Code   RO         1970    .ARM.Collect$$_printf_percent$$00000014  c_w.l(_printf_s.o)
    0x080001be   0x080001be   0x00000004   Code   RO         2035    .ARM.Collect$$_printf_percent$$00000017  c_w.l(_printf_percent_end.o)
    0x080001c2   0x080001c2   0x00000002   Code   RO         2125    .ARM.Collect$$libinit$$00000000  c_w.l(libinit.o)
    0x080001c4   0x080001c4   0x00000000   Code   RO         2127    .ARM.Collect$$libinit$$00000002  c_w.l(libinit2.o)
    0x080001c4   0x080001c4   0x00000000   Code   RO         2129    .ARM.Collect$$libinit$$00000004  c_w.l(libinit2.o)
    0x080001c4   0x080001c4   0x00000000   Code   RO         2132    .ARM.Collect$$libinit$$0000000A  c_w.l(libinit2.o)
    0x080001c4   0x080001c4   0x00000000   Code   RO         2134    .ARM.Collect$$libinit$$0000000C  c_w.l(libinit2.o)
    0x080001c4   0x080001c4   0x00000000   Code   RO         2136    .ARM.Collect$$libinit$$0000000E  c_w.l(libinit2.o)
    0x080001c4   0x080001c4   0x00000006   Code   RO         2137    .ARM.Collect$$libinit$$0000000F  c_w.l(libinit2.o)
    0x080001ca   0x080001ca   0x00000000   Code   RO         2139    .ARM.Collect$$libinit$$00000011  c_w.l(libinit2.o)
    0x080001ca   0x080001ca   0x00000000   Code   RO         2141    .ARM.Collect$$libinit$$00000013  c_w.l(libinit2.o)
    0x080001ca   0x080001ca   0x00000000   Code   RO         2143    .ARM.Collect$$libinit$$00000015  c_w.l(libinit2.o)
    0x080001ca   0x080001ca   0x0000000a   Code   RO         2144    .ARM.Collect$$libinit$$00000016  c_w.l(libinit2.o)
    0x080001d4   0x080001d4   0x00000000   Code   RO         2145    .ARM.Collect$$libinit$$00000017  c_w.l(libinit2.o)
    0x080001d4   0x080001d4   0x00000000   Code   RO         2147    .ARM.Collect$$libinit$$00000019  c_w.l(libinit2.o)
    0x080001d4   0x080001d4   0x00000000   Code   RO         2149    .ARM.Collect$$libinit$$0000001B  c_w.l(libinit2.o)
    0x080001d4   0x080001d4   0x00000000   Code   RO         2151    .ARM.Collect$$libinit$$0000001D  c_w.l(libinit2.o)
    0x080001d4   0x080001d4   0x00000000   Code   RO         2153    .ARM.Collect$$libinit$$0000001F  c_w.l(libinit2.o)
    0x080001d4   0x080001d4   0x00000000   Code   RO         2155    .ARM.Collect$$libinit$$00000021  c_w.l(libinit2.o)
    0x080001d4   0x080001d4   0x00000000   Code   RO         2157    .ARM.Collect$$libinit$$00000023  c_w.l(libinit2.o)
    0x080001d4   0x080001d4   0x00000000   Code   RO         2159    .ARM.Collect$$libinit$$00000025  c_w.l(libinit2.o)
    0x080001d4   0x080001d4   0x00000000   Code   RO         2163    .ARM.Collect$$libinit$$0000002C  c_w.l(libinit2.o)
    0x080001d4   0x080001d4   0x00000000   Code   RO         2165    .ARM.Collect$$libinit$$0000002E  c_w.l(libinit2.o)
    0x080001d4   0x080001d4   0x00000000   Code   RO         2167    .ARM.Collect$$libinit$$00000030  c_w.l(libinit2.o)
    0x080001d4   0x080001d4   0x00000000   Code   RO         2169    .ARM.Collect$$libinit$$00000032  c_w.l(libinit2.o)
    0x080001d4   0x080001d4   0x00000002   Code   RO         2170    .ARM.Collect$$libinit$$00000033  c_w.l(libinit2.o)
    0x080001d6   0x080001d6   0x00000002   Code   RO         2206    .ARM.Collect$$libshutdown$$00000000  c_w.l(libshutdown.o)
    0x080001d8   0x080001d8   0x00000000   Code   RO         2217    .ARM.Collect$$libshutdown$$00000002  c_w.l(libshutdown2.o)
    0x080001d8   0x080001d8   0x00000000   Code   RO         2219    .ARM.Collect$$libshutdown$$00000004  c_w.l(libshutdown2.o)
    0x080001d8   0x080001d8   0x00000000   Code   RO         2222    .ARM.Collect$$libshutdown$$00000007  c_w.l(libshutdown2.o)
    0x080001d8   0x080001d8   0x00000000   Code   RO         2225    .ARM.Collect$$libshutdown$$0000000A  c_w.l(libshutdown2.o)
    0x080001d8   0x080001d8   0x00000000   Code   RO         2227    .ARM.Collect$$libshutdown$$0000000C  c_w.l(libshutdown2.o)
    0x080001d8   0x080001d8   0x00000000   Code   RO         2230    .ARM.Collect$$libshutdown$$0000000F  c_w.l(libshutdown2.o)
    0x080001d8   0x080001d8   0x00000002   Code   RO         2231    .ARM.Collect$$libshutdown$$00000010  c_w.l(libshutdown2.o)
    0x080001da   0x080001da   0x00000000   Code   RO         2020    .ARM.Collect$$rtentry$$00000000  c_w.l(__rtentry.o)
    0x080001da   0x080001da   0x00000000   Code   RO         2046    .ARM.Collect$$rtentry$$00000002  c_w.l(__rtentry2.o)
    0x080001da   0x080001da   0x00000006   Code   RO         2058    .ARM.Collect$$rtentry$$00000004  c_w.l(__rtentry4.o)
    0x080001e0   0x080001e0   0x00000000   Code   RO         2048    .ARM.Collect$$rtentry$$00000009  c_w.l(__rtentry2.o)
    0x080001e0   0x080001e0   0x00000004   Code   RO         2049    .ARM.Collect$$rtentry$$0000000A  c_w.l(__rtentry2.o)
    0x080001e4   0x080001e4   0x00000000   Code   RO         2051    .ARM.Collect$$rtentry$$0000000C  c_w.l(__rtentry2.o)
    0x080001e4   0x080001e4   0x00000008   Code   RO         2052    .ARM.Collect$$rtentry$$0000000D  c_w.l(__rtentry2.o)
    0x080001ec   0x080001ec   0x00000002   Code   RO         2171    .ARM.Collect$$rtexit$$00000000  c_w.l(rtexit.o)
    0x080001ee   0x080001ee   0x00000000   Code   RO         2180    .ARM.Collect$$rtexit$$00000002  c_w.l(rtexit2.o)
    0x080001ee   0x080001ee   0x00000004   Code   RO         2181    .ARM.Collect$$rtexit$$00000003  c_w.l(rtexit2.o)
    0x080001f2   0x080001f2   0x00000006   Code   RO         2182    .ARM.Collect$$rtexit$$00000004  c_w.l(rtexit2.o)
    0x080001f8   0x080001f8   0x00000040   Code   RO            4    .text               startup_stm32f103xb.o
    0x08000238   0x08000238   0x00000018   Code   RO         1915    .text               c_w.l(noretval__2printf.o)
    0x08000250   0x08000250   0x00000028   Code   RO         1917    .text               c_w.l(noretval__2sprintf.o)
    0x08000278   0x08000278   0x0000004e   Code   RO         1921    .text               c_w.l(_printf_pad.o)
    0x080002c6   0x080002c6   0x00000052   Code   RO         1925    .text               c_w.l(_printf_str.o)
    0x08000318   0x08000318   0x00000078   Code   RO         1927    .text               c_w.l(_printf_dec.o)
    0x08000390   0x08000390   0x00000058   Code   RO         1932    .text               c_w.l(_printf_hex_int.o)
    0x080003e8   0x080003e8   0x00000188   Code   RO         1967    .text               c_w.l(__printf_flags_ss_wp.o)
    0x08000570   0x08000570   0x0000000c   Code   RO         1976    .text               c_w.l(putchar.o)
    0x0800057c   0x0800057c   0x0000002c   Code   RO         1978    .text               c_w.l(puts.o)
    0x080005a8   0x080005a8   0x00000014   Code   RO         1980    .text               c_w.l(strchr.o)
    0x080005bc   0x080005bc   0x00000024   Code   RO         1982    .text               c_w.l(strstr.o)
    0x080005e0   0x080005e0   0x00000058   Code   RO         1984    .text               c_w.l(memcmp.o)
    0x08000638   0x08000638   0x0000003e   Code   RO         1986    .text               c_w.l(strlen.o)
    0x08000676   0x08000676   0x00000096   Code   RO         1988    .text               c_w.l(strncmp.o)
    0x0800070c   0x0800070c   0x0000008a   Code   RO         1990    .text               c_w.l(rt_memcpy_v6.o)
    0x08000796   0x08000796   0x00000044   Code   RO         1992    .text               c_w.l(rt_memclr.o)
    0x080007da   0x080007da   0x0000004e   Code   RO         1994    .text               c_w.l(rt_memclr_w.o)
    0x08000828   0x08000828   0x00000006   Code   RO         1996    .text               c_w.l(heapauxi.o)
    0x0800082e   0x0800082e   0x000000b2   Code   RO         2021    .text               c_w.l(_printf_intcommon.o)
    0x080008e0   0x080008e0   0x0000041c   Code   RO         2023    .text               c_w.l(_printf_fp_dec.o)
    0x08000cfc   0x08000cfc   0x00000030   Code   RO         2027    .text               c_w.l(_printf_char_common.o)
    0x08000d2c   0x08000d2c   0x0000000a   Code   RO         2029    .text               c_w.l(_sputc.o)
    0x08000d36   0x08000d36   0x0000002c   Code   RO         2031    .text               c_w.l(_printf_char.o)
    0x08000d62   0x08000d62   0x00000002   PAD
    0x08000d64   0x08000d64   0x00000024   Code   RO         2033    .text               c_w.l(_printf_char_file.o)
    0x08000d88   0x08000d88   0x00000064   Code   RO         2036    .text               c_w.l(rt_memcpy_w.o)
    0x08000dec   0x08000dec   0x00000008   Code   RO         2063    .text               c_w.l(rt_locale_intlibspace.o)
    0x08000df4   0x08000df4   0x0000008a   Code   RO         2065    .text               c_w.l(lludiv10.o)
    0x08000e7e   0x08000e7e   0x00000002   PAD
    0x08000e80   0x08000e80   0x00000080   Code   RO         2067    .text               c_w.l(_printf_fp_infnan.o)
    0x08000f00   0x08000f00   0x000000e4   Code   RO         2071    .text               c_w.l(bigflt0.o)
    0x08000fe4   0x08000fe4   0x00000008   Code   RO         2098    .text               c_w.l(ferror.o)
    0x08000fec   0x08000fec   0x00000008   Code   RO         2109    .text               c_w.l(libspace.o)
    0x08000ff4   0x08000ff4   0x0000004a   Code   RO         2112    .text               c_w.l(sys_stackheap_outer.o)
    0x0800103e   0x0800103e   0x00000012   Code   RO         2116    .text               c_w.l(exit.o)
    0x08001050   0x08001050   0x00000080   Code   RO         2118    .text               c_w.l(strcmpv7m.o)
    0x080010d0   0x080010d0   0x0000000c   Code   RO         2192    .text               c_w.l(sys_exit.o)
    0x080010dc   0x080010dc   0x00000002   Code   RO         2207    .text               c_w.l(use_no_semi.o)
    0x080010de   0x080010de   0x00000000   Code   RO         2209    .text               c_w.l(indicate_semi.o)
    0x080010de   0x080010de   0x00000002   PAD
    0x080010e0   0x080010e0   0x00000002   Code   RO          136    .text.BusFault_Handler  stm32f1xx_it.o
    0x080010e2   0x080010e2   0x00000002   PAD
    0x080010e4   0x080010e4   0x000000e8   Code   RO         1848    .text.DIO1_EXTI_Callback  llcc68_p2p.o
    0x080011cc   0x080011cc   0x0000000c   Code   RO          148    .text.DMA1_Channel1_IRQHandler  stm32f1xx_it.o
    0x080011d8   0x080011d8   0x00000002   Code   RO          142    .text.DebugMon_Handler  stm32f1xx_it.o
    0x080011da   0x080011da   0x00000002   PAD
    0x080011dc   0x080011dc   0x00000008   Code   RO          154    .text.EXTI15_10_IRQHandler  stm32f1xx_it.o
    0x080011e4   0x080011e4   0x0000000a   Code   RO           15    .text.Error_Handler  main.o
    0x080011ee   0x080011ee   0x00000002   PAD
    0x080011f0   0x080011f0   0x0000009c   Code   RO         1638    .text.FindFontIndex  oled.o
    0x0800128c   0x0800128c   0x00000152   Code   RO          232    .text.HAL_ADC_ConfigChannel  stm32f1xx_hal_adc.o
    0x080013de   0x080013de   0x00000002   PAD
    0x080013e0   0x080013e0   0x0000015c   Code   RO          186    .text.HAL_ADC_Init  stm32f1xx_hal_adc.o
    0x0800153c   0x0800153c   0x000000a2   Code   RO           36    .text.HAL_ADC_MspInit  adc.o
    0x080015de   0x080015de   0x00000002   PAD
    0x080015e0   0x080015e0   0x00000040   Code   RO          427    .text.HAL_DMA_Abort  stm32f1xx_hal_dma.o
    0x08001620   0x08001620   0x000000ae   Code   RO          429    .text.HAL_DMA_Abort_IT  stm32f1xx_hal_dma.o
    0x080016ce   0x080016ce   0x00000002   PAD
    0x080016d0   0x080016d0   0x00000004   Code   RO          441    .text.HAL_DMA_GetError  stm32f1xx_hal_dma.o
    0x080016d4   0x080016d4   0x00000182   Code   RO          433    .text.HAL_DMA_IRQHandler  stm32f1xx_hal_dma.o
    0x08001856   0x08001856   0x00000002   PAD
    0x08001858   0x08001858   0x00000088   Code   RO          419    .text.HAL_DMA_Init  stm32f1xx_hal_dma.o
    0x080018e0   0x080018e0   0x00000028   Code   RO          302    .text.HAL_Delay     stm32f1xx_hal.o
    0x08001908   0x08001908   0x0000000c   Code   RO         1518    .text.HAL_GPIO_EXTI_Callback  isr_callback.o
    0x08001914   0x08001914   0x00000016   Code   RO          407    .text.HAL_GPIO_EXTI_IRQHandler  stm32f1xx_hal_gpio.o
    0x0800192a   0x0800192a   0x00000002   PAD
    0x0800192c   0x0800192c   0x0000020e   Code   RO          395    .text.HAL_GPIO_Init  stm32f1xx_hal_gpio.o
    0x08001b3a   0x08001b3a   0x00000002   PAD
    0x08001b3c   0x08001b3c   0x0000000a   Code   RO          399    .text.HAL_GPIO_ReadPin  stm32f1xx_hal_gpio.o
    0x08001b46   0x08001b46   0x00000002   PAD
    0x08001b48   0x08001b48   0x0000000a   Code   RO          401    .text.HAL_GPIO_WritePin  stm32f1xx_hal_gpio.o
    0x08001b52   0x08001b52   0x00000002   PAD
    0x08001b54   0x08001b54   0x0000000c   Code   RO          294    .text.HAL_GetTick   stm32f1xx_hal.o
    0x08001b60   0x08001b60   0x000001a2   Code   RO          616    .text.HAL_I2C_Init  stm32f1xx_hal_i2c.o
    0x08001d02   0x08001d02   0x00000002   PAD
    0x08001d04   0x08001d04   0x000003d6   Code   RO          624    .text.HAL_I2C_Master_Transmit  stm32f1xx_hal_i2c.o
    0x080020da   0x080020da   0x00000002   PAD
    0x080020dc   0x080020dc   0x00000068   Code   RO           63    .text.HAL_I2C_MspInit  i2c.o
    0x08002144   0x08002144   0x0000001a   Code   RO          292    .text.HAL_IncTick   stm32f1xx_hal.o
    0x0800215e   0x0800215e   0x00000002   PAD
    0x08002160   0x08002160   0x00000026   Code   RO          282    .text.HAL_Init      stm32f1xx_hal.o
    0x08002186   0x08002186   0x00000002   PAD
    0x08002188   0x08002188   0x00000050   Code   RO          284    .text.HAL_InitTick  stm32f1xx_hal.o
    0x080021d8   0x080021d8   0x00000042   Code   RO          163    .text.HAL_MspInit   stm32f1xx_hal_msp.o
    0x0800221a   0x0800221a   0x00000002   PAD
    0x0800221c   0x0800221c   0x00000020   Code   RO          455    .text.HAL_NVIC_EnableIRQ  stm32f1xx_hal_cortex.o
    0x0800223c   0x0800223c   0x00000056   Code   RO          453    .text.HAL_NVIC_SetPriority  stm32f1xx_hal_cortex.o
    0x08002292   0x08002292   0x00000002   PAD
    0x08002294   0x08002294   0x00000020   Code   RO          451    .text.HAL_NVIC_SetPriorityGrouping  stm32f1xx_hal_cortex.o
    0x080022b4   0x080022b4   0x0000010e   Code   RO          381    .text.HAL_RCCEx_PeriphCLKConfig  stm32f1xx_hal_rcc_ex.o
    0x080023c2   0x080023c2   0x00000002   PAD
    0x080023c4   0x080023c4   0x000001b4   Code   RO          347    .text.HAL_RCC_ClockConfig  stm32f1xx_hal_rcc.o
    0x08002578   0x08002578   0x00000026   Code   RO          359    .text.HAL_RCC_GetPCLK1Freq  stm32f1xx_hal_rcc.o
    0x0800259e   0x0800259e   0x00000002   PAD
    0x080025a0   0x080025a0   0x00000026   Code   RO          361    .text.HAL_RCC_GetPCLK2Freq  stm32f1xx_hal_rcc.o
    0x080025c6   0x080025c6   0x00000002   PAD
    0x080025c8   0x080025c8   0x0000039c   Code   RO          345    .text.HAL_RCC_OscConfig  stm32f1xx_hal_rcc.o
    0x08002964   0x08002964   0x000000b4   Code   RO          736    .text.HAL_SPI_Init  stm32f1xx_hal_spi.o
    0x08002a18   0x08002a18   0x0000007a   Code   RO           78    .text.HAL_SPI_MspInit  spi.o
    0x08002a92   0x08002a92   0x00000002   PAD
    0x08002a94   0x08002a94   0x00000194   Code   RO          746    .text.HAL_SPI_Receive  stm32f1xx_hal_spi.o
    0x08002c28   0x08002c28   0x000001a8   Code   RO          744    .text.HAL_SPI_Transmit  stm32f1xx_hal_spi.o
    0x08002dd0   0x08002dd0   0x00000218   Code   RO          748    .text.HAL_SPI_TransmitReceive  stm32f1xx_hal_spi.o
    0x08002fe8   0x08002fe8   0x0000002c   Code   RO          463    .text.HAL_SYSTICK_Config  stm32f1xx_hal_cortex.o
    0x08003014   0x08003014   0x0000004c   Code   RO         1147    .text.HAL_TIMEx_ConfigBreakDeadTime  stm32f1xx_hal_tim_ex.o
    0x08003060   0x08003060   0x00000076   Code   RO         1145    .text.HAL_TIMEx_MasterConfigSynchronization  stm32f1xx_hal_tim_ex.o
    0x080030d6   0x080030d6   0x00000002   PAD
    0x080030d8   0x080030d8   0x000000e6   Code   RO          850    .text.HAL_TIM_Base_Init  stm32f1xx_hal_tim.o
    0x080031be   0x080031be   0x00000002   PAD
    0x080031c0   0x080031c0   0x00000032   Code   RO           95    .text.HAL_TIM_Base_MspInit  tim.o
    0x080031f2   0x080031f2   0x00000002   PAD
    0x080031f4   0x080031f4   0x0000019c   Code   RO         1030    .text.HAL_TIM_ConfigClockSource  stm32f1xx_hal_tim.o
    0x08003390   0x08003390   0x00000202   Code   RO         1004    .text.HAL_TIM_PWM_ConfigChannel  stm32f1xx_hal_tim.o
    0x08003592   0x08003592   0x00000002   PAD
    0x08003594   0x08003594   0x000000e6   Code   RO          904    .text.HAL_TIM_PWM_Init  stm32f1xx_hal_tim.o
    0x0800367a   0x0800367a   0x00000002   PAD
    0x0800367c   0x0800367c   0x00000002   Code   RO          906    .text.HAL_TIM_PWM_MspInit  stm32f1xx_hal_tim.o
    0x0800367e   0x0800367e   0x00000002   PAD
    0x08003680   0x08003680   0x000000c2   Code   RO          912    .text.HAL_TIM_PWM_Start  stm32f1xx_hal_tim.o
    0x08003742   0x08003742   0x00000002   PAD
    0x08003744   0x08003744   0x000000d8   Code   RO         1213    .text.HAL_UARTEx_ReceiveToIdle_IT  stm32f1xx_hal_uart.o
    0x0800381c   0x0800381c   0x0000003a   Code   RO         1524    .text.HAL_UARTEx_RxEventCallback  isr_callback.o
    0x08003856   0x08003856   0x00000002   PAD
    0x08003858   0x08003858   0x000001e0   Code   RO         1219    .text.HAL_UART_Abort  stm32f1xx_hal_uart.o
    0x08003a38   0x08003a38   0x00000014   Code   RO         1520    .text.HAL_UART_ErrorCallback  isr_callback.o
    0x08003a4c   0x08003a4c   0x00000560   Code   RO         1245    .text.HAL_UART_IRQHandler  stm32f1xx_hal_uart.o
    0x08003fac   0x08003fac   0x000000dc   Code   RO         1169    .text.HAL_UART_Init  stm32f1xx_hal_uart.o
    0x08004088   0x08004088   0x000000e6   Code   RO          114    .text.HAL_UART_MspInit  usart.o
    0x0800416e   0x0800416e   0x00000002   PAD
    0x08004170   0x08004170   0x0000001e   Code   RO         1522    .text.HAL_UART_RxCpltCallback  isr_callback.o
    0x0800418e   0x0800418e   0x00000002   PAD
    0x08004190   0x08004190   0x000000e8   Code   RO         1183    .text.HAL_UART_Transmit  stm32f1xx_hal_uart.o
    0x08004278   0x08004278   0x00000002   Code   RO         1255    .text.HAL_UART_TxCpltCallback  stm32f1xx_hal_uart.o
    0x0800427a   0x0800427a   0x00000002   PAD
    0x0800427c   0x0800427c   0x00000002   Code   RO          132    .text.HardFault_Handler  stm32f1xx_it.o
    0x0800427e   0x0800427e   0x00000002   PAD
    0x08004280   0x08004280   0x00000082   Code   RO           34    .text.MX_ADC1_Init  adc.o
    0x08004302   0x08004302   0x00000002   PAD
    0x08004304   0x08004304   0x00000034   Code   RO           52    .text.MX_DMA_Init   dma.o
    0x08004338   0x08004338   0x0000013e   Code   RO           25    .text.MX_GPIO_Init  gpio.o
    0x08004476   0x08004476   0x00000002   PAD
    0x08004478   0x08004478   0x00000042   Code   RO           61    .text.MX_I2C1_Init  i2c.o
    0x080044ba   0x080044ba   0x00000002   PAD
    0x080044bc   0x080044bc   0x0000004c   Code   RO           76    .text.MX_SPI1_Init  spi.o
    0x08004508   0x08004508   0x00000148   Code   RO           91    .text.MX_TIM1_Init  tim.o
    0x08004650   0x08004650   0x0000003c   Code   RO          110    .text.MX_USART1_UART_Init  usart.o
    0x0800468c   0x0800468c   0x0000003c   Code   RO          112    .text.MX_USART2_UART_Init  usart.o
    0x080046c8   0x080046c8   0x00000002   Code   RO          134    .text.MemManage_Handler  stm32f1xx_it.o
    0x080046ca   0x080046ca   0x00000002   PAD
    0x080046cc   0x080046cc   0x00000002   Code   RO          130    .text.NMI_Handler   stm32f1xx_it.o
    0x080046ce   0x080046ce   0x00000002   PAD
    0x080046d0   0x080046d0   0x000000a0   Code   RO         1626    .text.OLED_Clear    oled.o
    0x08004770   0x08004770   0x0000026c   Code   RO         1632    .text.OLED_Init     oled.o
    0x080049dc   0x080049dc   0x00000002   Code   RO          144    .text.PendSV_Handler  stm32f1xx_it.o
    0x080049de   0x080049de   0x00000002   PAD
    0x080049e0   0x080049e0   0x000000e2   Code   RO          840    .text.SPI_WaitFlagStateUntilTimeout  stm32f1xx_hal_spi.o
    0x08004ac2   0x08004ac2   0x00000002   PAD
    0x08004ac4   0x08004ac4   0x00000002   Code   RO          140    .text.SVC_Handler   stm32f1xx_it.o
    0x08004ac6   0x08004ac6   0x00000002   PAD
    0x08004ac8   0x08004ac8   0x00000004   Code   RO          146    .text.SysTick_Handler  stm32f1xx_it.o
    0x08004acc   0x08004acc   0x0000008e   Code   RO           13    .text.SystemClock_Config  main.o
    0x08004b5a   0x08004b5a   0x00000002   PAD
    0x08004b5c   0x08004b5c   0x00000002   Code   RO         1289    .text.SystemInit    system_stm32f1xx.o
    0x08004b5e   0x08004b5e   0x00000002   PAD
    0x08004b60   0x08004b60   0x0000000c   Code   RO         1249    .text.UART_DMAAbortOnError  stm32f1xx_hal_uart.o
    0x08004b6c   0x08004b6c   0x000000fa   Code   RO         1247    .text.UART_Receive_IT  stm32f1xx_hal_uart.o
    0x08004c66   0x08004c66   0x00000002   PAD
    0x08004c68   0x08004c68   0x0000000c   Code   RO          150    .text.USART1_IRQHandler  stm32f1xx_it.o
    0x08004c74   0x08004c74   0x0000000c   Code   RO          152    .text.USART2_IRQHandler  stm32f1xx_it.o
    0x08004c80   0x08004c80   0x00000002   Code   RO          138    .text.UsageFault_Handler  stm32f1xx_it.o
    0x08004c82   0x08004c82   0x00000002   PAD
    0x08004c84   0x08004c84   0x000000d4   Code   RO         1317    .text.app_lora_init  app_lora.o
    0x08004d58   0x08004d58   0x00000128   Code   RO         1319    .text.app_lora_poll  app_lora.o
    0x08004e80   0x08004e80   0x00000128   Code   RO         1304    .text.app_main      app_main.o
    0x08004fa8   0x08004fa8   0x000002a8   Code   RO         1332    .text.app_mqtt_init  app_mqtt.o
    0x08005250   0x08005250   0x0000039c   Code   RO         1334    .text.app_mqtt_poll  app_mqtt.o
    0x080055ec   0x080055ec   0x0000003c   Code   RO         1350    .text.app_oled_init  app_oled.o
    0x08005628   0x08005628   0x00000208   Code   RO         1352    .text.app_oled_poll  app_oled.o
    0x08005830   0x08005830   0x0000005a   Code   RO         1374    .text.co2_rx_restart_from_error  co2.o
    0x0800588a   0x0800588a   0x00000002   PAD
    0x0800588c   0x0800588c   0x00000004   Code   RO         1389    .text.delay_ms      delay.o
    0x08005890   0x08005890   0x00000050   Code   RO         1425    .text.esp_clear_rx_buf  esp.o
    0x080058e0   0x080058e0   0x0000035c   Code   RO         1441    .text.esp_connect_ap  esp.o
    0x08005c3c   0x08005c3c   0x00000414   Code   RO         1443    .text.esp_connect_server  esp.o
    0x08006050   0x08006050   0x000000d8   Code   RO         1457    .text.esp_enable_echo  esp.o
    0x08006128   0x08006128   0x000001c0   Code   RO         1447    .text.esp_entry_transparent_transmission  esp.o
    0x080062e8   0x080062e8   0x0000008a   Code   RO         1449    .text.esp_exit_transparent_transmission  esp.o
    0x08006372   0x08006372   0x00000002   PAD
    0x08006374   0x08006374   0x00000066   Code   RO         1423    .text.esp_init      esp.o
    0x080063da   0x080063da   0x00000002   PAD
    0x080063dc   0x080063dc   0x000000e8   Code   RO         1459    .text.esp_reset     esp.o
    0x080064c4   0x080064c4   0x00000062   Code   RO         1427    .text.esp_rx_event_handler  esp.o
    0x08006526   0x08006526   0x00000002   PAD
    0x08006528   0x08006528   0x0000001e   Code   RO         1431    .text.esp_send_bytes  esp.o
    0x08006546   0x08006546   0x00000002   PAD
    0x08006548   0x08006548   0x0000012c   Code   RO         1439    .text.esp_set_mode  esp.o
    0x08006674   0x08006674   0x0000004a   Code   RO         1879    .text.event_get     event.o
    0x080066be   0x080066be   0x00000002   PAD
    0x080066c0   0x080066c0   0x00000024   Code   RO         1881    .text.event_has_event  event.o
    0x080066e4   0x080066e4   0x00000020   Code   RO         1875    .text.event_init    event.o
    0x08006704   0x08006704   0x0000004a   Code   RO         1877    .text.event_post    event.o
    0x0800674e   0x0800674e   0x00000002   PAD
    0x08006750   0x08006750   0x00000020   Code   RO          108    .text.fputc         usart.o
    0x08006770   0x08006770   0x00000056   Code   RO         1548    .text.led_ctrl      led.o
    0x080067c6   0x080067c6   0x00000002   PAD
    0x080067c8   0x080067c8   0x00000018   Code   RO         1546    .text.led_init      led.o
    0x080067e0   0x080067e0   0x00000026   Code   RO         1680    .text.llcc68_cal    llcc68.o
    0x08006806   0x08006806   0x00000002   PAD
    0x08006808   0x08006808   0x00000030   Code   RO         1684    .text.llcc68_cal_img_in_mhz  llcc68.o
    0x08006838   0x08006838   0x00000054   Code   RO         1782    .text.llcc68_cfg_rx_boosted  llcc68.o
    0x0800688c   0x0800688c   0x0000005e   Code   RO         1794    .text.llcc68_cfg_tx_clamp  llcc68.o
    0x080068ea   0x080068ea   0x00000002   PAD
    0x080068ec   0x080068ec   0x0000001e   Code   RO         1762    .text.llcc68_clear_device_errors  llcc68.o
    0x0800690a   0x0800690a   0x00000002   PAD
    0x0800690c   0x0800690c   0x0000002c   Code   RO         1702    .text.llcc68_clear_irq_status  llcc68.o
    0x08006938   0x08006938   0x0000006c   Code   RO         1704    .text.llcc68_get_and_clear_irq_status  llcc68.o
    0x080069a4   0x080069a4   0x00000054   Code   RO         1746    .text.llcc68_get_lora_pkt_status  llcc68.o
    0x080069f8   0x080069f8   0x00000032   Code   RO         1742    .text.llcc68_get_rx_buffer_status  llcc68.o
    0x08006a2a   0x08006a2a   0x00000002   PAD
    0x08006a2c   0x08006a2c   0x000000a8   Code   RO         1834    .text.llcc68_hal_read  llcc68_hal.o
    0x08006ad4   0x08006ad4   0x00000062   Code   RO         1836    .text.llcc68_hal_reset  llcc68_hal.o
    0x08006b36   0x08006b36   0x00000002   PAD
    0x08006b38   0x08006b38   0x00000098   Code   RO         1832    .text.llcc68_hal_write  llcc68_hal.o
    0x08006bd0   0x08006bd0   0x00000004   Code   RO         1778    .text.llcc68_handle_rx_done  llcc68.o
    0x08006bd4   0x08006bd4   0x0000022c   Code   RO         1850    .text.llcc68_init   llcc68_p2p.o
    0x08006e00   0x08006e00   0x00000158   Code   RO         1856    .text.llcc68_lora_receive_data  llcc68_p2p.o
    0x08006f58   0x08006f58   0x000000ac   Code   RO         1854    .text.llcc68_lora_receive_mode  llcc68_p2p.o
    0x08007004   0x08007004   0x0000002a   Code   RO         1696    .text.llcc68_read_buffer  llcc68.o
    0x0800702e   0x0800702e   0x00000002   PAD
    0x08007030   0x08007030   0x0000002a   Code   RO         1736    .text.llcc68_set_buffer_base_address  llcc68.o
    0x0800705a   0x0800705a   0x00000002   PAD
    0x0800705c   0x0800705c   0x00000054   Code   RO         1698    .text.llcc68_set_dio_irq_params  llcc68.o
    0x080070b0   0x080070b0   0x00000022   Code   RO         1654    .text.llcc68_set_fs  llcc68.o
    0x080070d2   0x080070d2   0x00000002   PAD
    0x080070d4   0x080070d4   0x000000c0   Code   RO         1726    .text.llcc68_set_lora_mod_params  llcc68.o
    0x08007194   0x08007194   0x0000009a   Code   RO         1730    .text.llcc68_set_lora_pkt_params  llcc68.o
    0x0800722e   0x0800722e   0x00000002   PAD
    0x08007230   0x08007230   0x0000002e   Code   RO         1796    .text.llcc68_set_ocp_value  llcc68.o
    0x0800725e   0x0800725e   0x00000002   PAD
    0x08007260   0x08007260   0x00000026   Code   RO         1686    .text.llcc68_set_pa_cfg  llcc68.o
    0x08007286   0x08007286   0x00000002   PAD
    0x08007288   0x08007288   0x00000026   Code   RO         1716    .text.llcc68_set_pkt_type  llcc68.o
    0x080072ae   0x080072ae   0x00000002   PAD
    0x080072b0   0x080072b0   0x00000026   Code   RO         1678    .text.llcc68_set_reg_mode  llcc68.o
    0x080072d6   0x080072d6   0x00000002   PAD
    0x080072d8   0x080072d8   0x00000064   Code   RO         1710    .text.llcc68_set_rf_freq  llcc68.o
    0x0800733c   0x0800733c   0x0000003c   Code   RO         1662    .text.llcc68_set_rx  llcc68.o
    0x08007378   0x08007378   0x00000030   Code   RO         1664    .text.llcc68_set_rx_with_timeout_in_rtc_step  llcc68.o
    0x080073a8   0x080073a8   0x00000026   Code   RO         1652    .text.llcc68_set_standby  llcc68.o
    0x080073ce   0x080073ce   0x00000002   PAD
    0x080073d0   0x080073d0   0x0000002a   Code   RO         1720    .text.llcc68_set_tx_params  llcc68.o
    0x080073fa   0x080073fa   0x00000002   PAD
    0x080073fc   0x080073fc   0x0000007e   Code   RO         1780    .text.llcc68_stop_rtc  llcc68.o
    0x0800747a   0x0800747a   0x00000002   PAD
    0x0800747c   0x0800747c   0x00000076   Code   RO         1724    .text.llcc68_tx_modulation_workaround  llcc68.o
    0x080074f2   0x080074f2   0x00000002   PAD
    0x080074f4   0x080074f4   0x0000002e   Code   RO           11    .text.main          main.o
    0x08007522   0x08007522   0x00000002   PAD
    0x08007524   0x08007524   0x00000248   Code   RO         1490    .text.mqtt_connect  esp_mqtt.o
    0x0800776c   0x0800776c   0x00000134   Code   RO         1494    .text.mqtt_publish_data  esp_mqtt.o
    0x080078a0   0x080078a0   0x0000000e   Code   RO         1484    .text.mqtt_send_heart  esp_mqtt.o
    0x080078ae   0x080078ae   0x00000002   PAD
    0x080078b0   0x080078b0   0x000001c8   Code   RO         1492    .text.mqtt_subscribe_topic  esp_mqtt.o
    0x08007a78   0x08007a78   0x00000152   Code   RO         1634    .text.oled_show_char  oled.o
    0x08007bca   0x08007bca   0x00000002   PAD
    0x08007bcc   0x08007bcc   0x000000e6   Code   RO         1640    .text.oled_show_string  oled.o
    0x08007cb2   0x08007cb2   0x00000002   PAD
    0x08007cb4   0x08007cb4   0x0000003c   Code   RO         1896    .text.scheduler_add_task  scheduler.o
    0x08007cf0   0x08007cf0   0x0000001e   Code   RO         1894    .text.scheduler_init  scheduler.o
    0x08007d0e   0x08007d0e   0x00000002   PAD
    0x08007d10   0x08007d10   0x0000005a   Code   RO         1898    .text.scheduler_run  scheduler.o
    0x08007d6a   0x08007d6a   0x0000003e   Code   RO         2074    CL$$btod_d2e        c_w.l(btod.o)
    0x08007da8   0x08007da8   0x00000046   Code   RO         2076    CL$$btod_d2e_denorm_low  c_w.l(btod.o)
    0x08007dee   0x08007dee   0x00000060   Code   RO         2075    CL$$btod_d2e_norm_op1  c_w.l(btod.o)
    0x08007e4e   0x08007e4e   0x00000338   Code   RO         2084    CL$$btod_div_common  c_w.l(btod.o)
    0x08008186   0x08008186   0x000000dc   Code   RO         2081    CL$$btod_e2e        c_w.l(btod.o)
    0x08008262   0x08008262   0x0000002a   Code   RO         2078    CL$$btod_ediv       c_w.l(btod.o)
    0x0800828c   0x0800828c   0x0000002a   Code   RO         2077    CL$$btod_emul       c_w.l(btod.o)
    0x080082b6   0x080082b6   0x00000244   Code   RO         2083    CL$$btod_mult_common  c_w.l(btod.o)
    0x080084fa   0x080084fa   0x00000028   Code   RO         2107    i.__ARM_fpclassify  m_ws.l(fpclassify.o)
    0x08008522   0x08008522   0x0000000e   Code   RO         1960    i._is_digit         c_w.l(__printf_wp.o)
    0x08008530   0x08008530   0x0000002c   Code   RO         2103    locale$$code        c_w.l(lc_numeric_c.o)
    0x0800855c   0x0800855c   0x0000000c   Code   RO         2038    x$fpl$dretinf       fz_ws.l(dretinf.o)
    0x08008568   0x08008568   0x00000056   Code   RO         2000    x$fpl$f2d           fz_ws.l(f2d.o)
    0x080085be   0x080085be   0x00000002   PAD
    0x080085c0   0x080085c0   0x00000184   Code   RO         2003    x$fpl$fdiv          fz_ws.l(fdiv.o)
    0x08008744   0x08008744   0x00000030   Code   RO         2011    x$fpl$fflt          fz_ws.l(fflt_clz.o)
    0x08008774   0x08008774   0x0000008c   Code   RO         2040    x$fpl$fnaninf       fz_ws.l(fnaninf.o)
    0x08008800   0x08008800   0x0000000a   Code   RO         2042    x$fpl$fretinf       fz_ws.l(fretinf.o)
    0x0800880a   0x0800880a   0x00000004   Code   RO         2018    x$fpl$printf1       fz_ws.l(printf1.o)
    0x0800880e   0x0800880e   0x00000000   Code   RO         2044    x$fpl$usenofp       fz_ws.l(usenofp.o)
    0x0800880e   0x0800880e   0x00000028   Data   RO         1933    .constdata          c_w.l(_printf_hex_int.o)
    0x08008836   0x08008836   0x00000011   Data   RO         1968    .constdata          c_w.l(__printf_flags_ss_wp.o)
    0x08008847   0x08008847   0x00000001   PAD
    0x08008848   0x08008848   0x00000094   Data   RO         2072    .constdata          c_w.l(bigflt0.o)
    0x080088dc   0x080088dc   0x00000006   Data   RO         1866    .rodata..L__const.llcc68_lora_receive_mode.lora_pkt_params  llcc68_p2p.o
    0x080088e2   0x080088e2   0x00000010   Data   RO         1294    .rodata.AHBPrescTable  system_stm32f1xx.o
    0x080088f2   0x080088f2   0x00000008   Data   RO         1295    .rodata.APBPrescTable  system_stm32f1xx.o
    0x080088fa   0x080088fa   0x00000002   Data   RO          372    .rodata.HAL_RCC_GetSysClockFreq.aPredivFactorTable  stm32f1xx_hal_rcc.o
    0x080088fc   0x080088fc   0x00000010   Data   RO          371    .rodata.cst16       stm32f1xx_hal_rcc.o
    0x0800890c   0x0800890c   0x00001320   Data   RO         1608    .rodata.g_font_dot_matrix_16  fontdotmatrix16.o
    0x08009c2c   0x08009c2c   0x00000002   Data   RO         1502    .rodata.g_packet_heart  esp_mqtt.o
    0x08009c2e   0x08009c2e   0x00000088   Data   RO         1310    .rodata.str1.1      app_main.o
    0x08009cb6   0x08009cb6   0x000000e1   Data   RO         1323    .rodata.str1.1      app_lora.o
    0x08009d97   0x08009d97   0x00000467   Data   RO         1337    .rodata.str1.1      app_mqtt.o
    0x0800a1fe   0x0800a1fe   0x00000043   Data   RO         1472    .rodata.str1.1      esp.o
    0x0800a241   0x0800a241   0x0000018d   Data   RO         1606    .rodata.str1.1      fontdotmatrix16.o
    0x0800a3ce   0x0800a3ce   0x000000d1   Data   RO         1865    .rodata.str1.1      llcc68_p2p.o
    0x0800a49f   0x0800a49f   0x00000001   PAD
    0x0800a4a0   0x0800a4a0   0x00000020   Data   RO         2259    Region$$Table       anon$$obj.o
    0x0800a4c0   0x0800a4c0   0x0000001c   Data   RO         2102    locale$$data        c_w.l(lc_numeric_c.o)


    Execution Region RW_IRAM1 (Exec base: 0x20000000, Load base: 0x0800a4e0, Size: 0x000012c8, Max: 0x00005000, ABSOLUTE, COMPRESSED[0x000001f0])

    Exec Addr    Load Addr    Size         Type   Attr      Idx    E Section Name        Object

    0x20000000   COMPRESSED   0x00000004   Data   RW         1293    .data.SystemCoreClock  system_stm32f1xx.o
    0x20000004   COMPRESSED   0x00000264   Data   RW         1607    .data.g_font_dot_matrix_16_index  fontdotmatrix16.o
    0x20000268   COMPRESSED   0x00000024   Data   RW         1860    .data.llcc68_ctx    llcc68_p2p.o
    0x2000028c   COMPRESSED   0x00000001   Data   RW          333    .data.uwTickFreq    stm32f1xx_hal.o
    0x2000028d   COMPRESSED   0x00000003   PAD
    0x20000290   COMPRESSED   0x00000004   Data   RW          332    .data.uwTickPrio    stm32f1xx_hal.o
    0x20000294   COMPRESSED   0x00000004   PAD
    0x20000298        -       0x00000060   Zero   RW         2110    .bss                c_w.l(libspace.o)
    0x200002f8        -       0x00000054   Zero   RW          120    .bss.__stdout       usart.o
    0x2000034c        -       0x00000004   Zero   RW         1341    .bss.app_mqtt_poll.s_last_reconnect_tick  app_mqtt.o
    0x20000350        -       0x00000001   Zero   RW         1377    .bss.g_co2_frame_end  co2.o
    0x20000351        -       0x00000006   Zero   RW         1378    .bss.g_co2_rx_buf   co2.o
    0x20000357   COMPRESSED   0x00000001   PAD
    0x20000358        -       0x00000200   Zero   RW         1471    .bss.g_esp_rx_buf   esp.o
    0x20000558        -       0x00000004   Zero   RW         1467    .bss.g_esp_rx_cnt   esp.o
    0x2000055c        -       0x00000004   Zero   RW         1468    .bss.g_esp_rx_end   esp.o
    0x20000560        -       0x00000001   Zero   RW         1470    .bss.g_esp_state    esp.o
    0x20000561   COMPRESSED   0x00000003   PAD
    0x20000564        -       0x00000004   Zero   RW         1469    .bss.g_esp_transparent_transmission_sta  esp.o
    0x20000568        -       0x00000200   Zero   RW         1473    .bss.g_esp_tx_buf   esp.o
    0x20000768        -       0x0000020e   Zero   RW         1508    .bss.g_mqtt_msg     esp_mqtt.o
    0x20000976   COMPRESSED   0x00000002   PAD
    0x20000978        -       0x00000004   Zero   RW         1505    .bss.g_mqtt_tx_len  esp_mqtt.o
    0x2000097c        -       0x00000018   Zero   RW         1321    .bss.g_sensor_data  app_lora.o
    0x20000994        -       0x00000020   Zero   RW         1306    .bss.g_uart1_rx_buf  app_main.o
    0x200009b4        -       0x00000004   Zero   RW         1307    .bss.g_uart1_rx_cnt  app_main.o
    0x200009b8        -       0x00000004   Zero   RW         1308    .bss.g_uart1_rx_end  app_main.o
    0x200009bc        -       0x00000030   Zero   RW           42    .bss.hadc1          adc.o
    0x200009ec        -       0x00000044   Zero   RW           43    .bss.hdma_adc1      adc.o
    0x20000a30        -       0x00000054   Zero   RW           67    .bss.hi2c1          i2c.o
    0x20000a84        -       0x00000058   Zero   RW           82    .bss.hspi1          spi.o
    0x20000adc        -       0x00000048   Zero   RW           99    .bss.htim1          tim.o
    0x20000b24        -       0x00000048   Zero   RW          118    .bss.huart1         usart.o
    0x20000b6c        -       0x00000048   Zero   RW          119    .bss.huart2         usart.o
    0x20000bb4        -       0x00000002   Zero   RW         1506    .bss.mqtt_publish_data.id  esp_mqtt.o
    0x20000bb6        -       0x00000001   Zero   RW         1863    .bss.rx_done        llcc68_p2p.o
    0x20000bb7        -       0x00000001   Zero   RW         1864    .bss.rx_timeout     llcc68_p2p.o
    0x20000bb8        -       0x00000001   Zero   RW         1354    .bss.s_first_refresh  app_oled.o
    0x20000bb9        -       0x00000001   Zero   RW         1883    .bss.s_head         event.o
    0x20000bba        -       0x00000002   Zero   RW         1357    .bss.s_last_co2_ppm  app_oled.o
    0x20000bbc        -       0x00000004   Zero   RW         1338    .bss.s_last_heart_tick  app_mqtt.o
    0x20000bc0        -       0x00000002   Zero   RW         1356    .bss.s_last_humi_x10  app_oled.o
    0x20000bc2        -       0x00000002   Zero   RW         1358    .bss.s_last_lux     app_oled.o
    0x20000bc4        -       0x00000004   Zero   RW         1340    .bss.s_last_publish_seq  app_mqtt.o
    0x20000bc8        -       0x00000004   Zero   RW         1339    .bss.s_last_publish_tick  app_mqtt.o
    0x20000bcc        -       0x00000002   Zero   RW         1359    .bss.s_last_soil_humi  app_oled.o
    0x20000bce        -       0x00000002   Zero   RW         1355    .bss.s_last_temp_x10  app_oled.o
    0x20000bd0        -       0x00000004   Zero   RW         1322    .bss.s_led2_off_tick  app_lora.o
    0x20000bd4        -       0x00000001   Zero   RW         1336    .bss.s_mqtt_connected  app_mqtt.o
    0x20000bd5   COMPRESSED   0x00000003   PAD
    0x20000bd8        -       0x00000080   Zero   RW         1885    .bss.s_queue        event.o
    0x20000c58        -       0x00000001   Zero   RW         1884    .bss.s_tail         event.o
    0x20000c59        -       0x00000001   Zero   RW         1901    .bss.s_task_cnt     scheduler.o
    0x20000c5a   COMPRESSED   0x00000002   PAD
    0x20000c5c        -       0x00000060   Zero   RW         1900    .bss.s_task_table   scheduler.o
    0x20000cbc        -       0x00000001   Zero   RW         1862    .bss.tx_done        llcc68_p2p.o
    0x20000cbd   COMPRESSED   0x00000003   PAD
    0x20000cc0        -       0x00000004   Zero   RW          334    .bss.uwTick         stm32f1xx_hal.o
    0x20000cc4   COMPRESSED   0x00000004   PAD
    0x20000cc8        -       0x00000200   Zero   RW            2    HEAP                startup_stm32f103xb.o
    0x20000ec8        -       0x00000400   Zero   RW            1    STACK               startup_stm32f103xb.o


==============================================================================

Image component sizes


      Code (inc. data)   RO Data    RW Data    ZI Data      Debug   Object Name

       292          0          0          0        116       4385   adc.o
       508        108        225          0         28       2656   app_lora.o
       296        108        136          0         40        861   app_main.o
      1604        284       1127          0         17       2696   app_mqtt.o
       580         68          0          0         11       1877   app_oled.o
        90          0          0          0          7       2853   co2.o
         4          0          0          0          0       1209   delay.o
        52          0          0          0          0       2039   dma.o
      3548         92         67          0       1037      14097   esp.o
      1362          0          2          0        532       8227   esp_mqtt.o
       216          0          0          0        130       1695   event.o
         0          0       5293        612          0        539   fontdotmatrix16.o
       318          0          0          0          0       2744   gpio.o
       170          0          0          0         84       4340   i2c.o
       120          0          0          0          0       3592   isr_callback.o
       110          0          0          0          0       1773   led.o
      1824          0          0          0          0      52577   llcc68.o
       418          0          0          0          0       6217   llcc68_hal.o
      1304        404        215         36          3      10733   llcc68_p2p.o
       198          0          0          0          0       1992   main.o
      1504          0          0          0          0      12823   oled.o
       180          0          0          0         97       1509   scheduler.o
       198          0          0          0         88       4166   spi.o
        64         26        236          0       1536        820   startup_stm32f103xb.o
       196          0          0          5          4       5827   stm32f1xx_hal.o
       686          0          0          0          0      12528   stm32f1xx_hal_adc.o
       194          0          0          0          0       8418   stm32f1xx_hal_cortex.o
       764          0          0          0          0       7458   stm32f1xx_hal_dma.o
       568         20          0          0          0       4551   stm32f1xx_hal_gpio.o
      1400          0          0          0          0      51164   stm32f1xx_hal_i2c.o
        66          0          0          0          0       1230   stm32f1xx_hal_msp.o
      1436          0         18          0          0       7704   stm32f1xx_hal_rcc.o
       270          0          0          0          0       3534   stm32f1xx_hal_rcc_ex.o
      1770          0          0          0          0      22065   stm32f1xx_hal_spi.o
      1582          4          0          0          0      55724   stm32f1xx_hal_tim.o
       194          0          0          0          0      20139   stm32f1xx_hal_tim_ex.o
      2788          0          0          0          0      31391   stm32f1xx_hal_uart.o
        64          0          0          0          0       1536   stm32f1xx_it.o
         2          0         24          4          0       1636   system_stm32f1xx.o
       378          0          0          0         72       5925   tim.o
       382          0          0          0        228       6016   usart.o

    ----------------------------------------------------------------------
     27850       1114       7376        660       4052     393266   Object Totals
         0          0         32          0          0          0   (incl. Generated)
       150          0          1          3         22          0   (incl. Padding)

    ----------------------------------------------------------------------

      Code (inc. data)   RO Data    RW Data    ZI Data      Debug   Library Member Name

        90          0          0          0          0          0   __dczerorl2.o
         8          0          0          0          0         68   __main.o
       392          4         17          0          0         92   __printf_flags_ss_wp.o
        14          0          0          0          0         68   __printf_wp.o
         0          0          0          0          0          0   __rtentry.o
        12          0          0          0          0          0   __rtentry2.o
         6          0          0          0          0          0   __rtentry4.o
        52          8          0          0          0          0   __scatter.o
        28          0          0          0          0          0   __scatter_zi.o
        44          0          0          0          0        108   _printf_char.o
        48          6          0          0          0         96   _printf_char_common.o
        36          4          0          0          0         80   _printf_char_file.o
         6          0          0          0          0          0   _printf_d.o
       120         16          0          0          0         92   _printf_dec.o
         6          0          0          0          0          0   _printf_f.o
      1052          0          0          0          0        148   _printf_fp_dec.o
       128         16          0          0          0         84   _printf_fp_infnan.o
        88          4         40          0          0         88   _printf_hex_int.o
       178          0          0          0          0         88   _printf_intcommon.o
        78          0          0          0          0        108   _printf_pad.o
         0          0          0          0          0          0   _printf_percent.o
         4          0          0          0          0          0   _printf_percent_end.o
         6          0          0          0          0          0   _printf_s.o
        82          0          0          0          0         80   _printf_str.o
         6          0          0          0          0          0   _printf_u.o
         6          0          0          0          0          0   _printf_x.o
        10          0          0          0          0         68   _sputc.o
       228          4        148          0          0         96   bigflt0.o
      1936        128          0          0          0        672   btod.o
        18          0          0          0          0         80   exit.o
         8          0          0          0          0         68   ferror.o
         6          0          0          0          0        152   heapauxi.o
         0          0          0          0          0          0   indicate_semi.o
        44         10         28          0          0         76   lc_numeric_c.o
         2          0          0          0          0          0   libinit.o
        18          0          0          0          0          0   libinit2.o
         2          0          0          0          0          0   libshutdown.o
         2          0          0          0          0          0   libshutdown2.o
         8          4          0          0         96         68   libspace.o
       138          0          0          0          0         80   lludiv10.o
        88          0          0          0          0         76   memcmp.o
        24          4          0          0          0         84   noretval__2printf.o
        40          6          0          0          0         84   noretval__2sprintf.o
        12          6          0          0          0         68   putchar.o
        44          4          0          0          0         84   puts.o
         8          4          0          0          0         68   rt_locale_intlibspace.o
        68          0          0          0          0         68   rt_memclr.o
        78          0          0          0          0         80   rt_memclr_w.o
       138          0          0          0          0         68   rt_memcpy_v6.o
       100          0          0          0          0         80   rt_memcpy_w.o
         2          0          0          0          0          0   rtexit.o
        10          0          0          0          0          0   rtexit2.o
        20          0          0          0          0         68   strchr.o
       128          0          0          0          0         68   strcmpv7m.o
        62          0          0          0          0         76   strlen.o
       150          0          0          0          0         80   strncmp.o
        36          0          0          0          0         80   strstr.o
        12          4          0          0          0         68   sys_exit.o
        74          0          0          0          0         80   sys_stackheap_outer.o
         2          0          0          0          0         68   use_no_semi.o
        12          0          0          0          0         68   dretinf.o
        86          4          0          0          0         84   f2d.o
       388         76          0          0          0         96   fdiv.o
        48          0          0          0          0         68   fflt_clz.o
       140          4          0          0          0         84   fnaninf.o
        10          0          0          0          0         68   fretinf.o
         4          0          0          0          0         68   printf1.o
         0          0          0          0          0          0   usenofp.o
        40          0          0          0          0         68   fpclassify.o

    ----------------------------------------------------------------------
      6744        316        234          0         96       4512   Library Totals
        10          0          1          0          0          0   (incl. Padding)

    ----------------------------------------------------------------------

      Code (inc. data)   RO Data    RW Data    ZI Data      Debug   Library Name

      6006        232        233          0         96       3908   c_w.l
       688         84          0          0          0        536   fz_ws.l
        40          0          0          0          0         68   m_ws.l

    ----------------------------------------------------------------------
      6744        316        234          0         96       4512   Library Totals

    ----------------------------------------------------------------------

==============================================================================


      Code (inc. data)   RO Data    RW Data    ZI Data      Debug   

     34594       1430       7610        660       4148     394566   Grand Totals
     34594       1430       7610        496       4148     394566   ELF Image Totals (compressed)
     34594       1430       7610        496          0          0   ROM Totals

==============================================================================

    Total RO  Size (Code + RO Data)                42204 (  41.21kB)
    Total RW  Size (RW Data + ZI Data)              4808 (   4.70kB)
    Total ROM Size (Code + RO Data + RW Data)      42700 (  41.70kB)

==============================================================================

