Component: ARM Compiler 6.14 Tool: armlink [5db06800]

==============================================================================

Section Cross References

    startup_stm32f103xb.o(STACK) refers (Special) to heapauxi.o(.text) for __use_two_region_memory
    startup_stm32f103xb.o(HEAP) refers (Special) to heapauxi.o(.text) for __use_two_region_memory
    startup_stm32f103xb.o(RESET) refers (Special) to heapauxi.o(.text) for __use_two_region_memory
    startup_stm32f103xb.o(RESET) refers to startup_stm32f103xb.o(STACK) for __initial_sp
    startup_stm32f103xb.o(RESET) refers to startup_stm32f103xb.o(.text) for Reset_Handler
    startup_stm32f103xb.o(RESET) refers to stm32f1xx_it.o(.text.NMI_Handler) for NMI_Handler
    startup_stm32f103xb.o(RESET) refers to stm32f1xx_it.o(.text.HardFault_Handler) for HardFault_Handler
    startup_stm32f103xb.o(RESET) refers to stm32f1xx_it.o(.text.MemManage_Handler) for MemManage_Handler
    startup_stm32f103xb.o(RESET) refers to stm32f1xx_it.o(.text.BusFault_Handler) for BusFault_Handler
    startup_stm32f103xb.o(RESET) refers to stm32f1xx_it.o(.text.UsageFault_Handler) for UsageFault_Handler
    startup_stm32f103xb.o(RESET) refers to stm32f1xx_it.o(.text.SVC_Handler) for SVC_Handler
    startup_stm32f103xb.o(RESET) refers to stm32f1xx_it.o(.text.DebugMon_Handler) for DebugMon_Handler
    startup_stm32f103xb.o(RESET) refers to stm32f1xx_it.o(.text.PendSV_Handler) for PendSV_Handler
    startup_stm32f103xb.o(RESET) refers to stm32f1xx_it.o(.text.SysTick_Handler) for SysTick_Handler
    startup_stm32f103xb.o(RESET) refers to stm32f1xx_it.o(.text.DMA1_Channel1_IRQHandler) for DMA1_Channel1_IRQHandler
    startup_stm32f103xb.o(RESET) refers to stm32f1xx_it.o(.text.USART1_IRQHandler) for USART1_IRQHandler
    startup_stm32f103xb.o(RESET) refers to stm32f1xx_it.o(.text.USART2_IRQHandler) for USART2_IRQHandler
    startup_stm32f103xb.o(RESET) refers to stm32f1xx_it.o(.text.EXTI15_10_IRQHandler) for EXTI15_10_IRQHandler
    startup_stm32f103xb.o(.text) refers (Special) to heapauxi.o(.text) for __use_two_region_memory
    startup_stm32f103xb.o(.text) refers to system_stm32f1xx.o(.text.SystemInit) for SystemInit
    startup_stm32f103xb.o(.text) refers to __main.o(!!!main) for __main
    startup_stm32f103xb.o(.text) refers to startup_stm32f103xb.o(HEAP) for Heap_Mem
    startup_stm32f103xb.o(.text) refers to startup_stm32f103xb.o(STACK) for Stack_Mem
    main.o(.text.main) refers to stm32f1xx_hal.o(.text.HAL_Init) for HAL_Init
    main.o(.text.main) refers to main.o(.text.SystemClock_Config) for SystemClock_Config
    main.o(.text.main) refers to gpio.o(.text.MX_GPIO_Init) for MX_GPIO_Init
    main.o(.text.main) refers to dma.o(.text.MX_DMA_Init) for MX_DMA_Init
    main.o(.text.main) refers to tim.o(.text.MX_TIM1_Init) for MX_TIM1_Init
    main.o(.text.main) refers to usart.o(.text.MX_USART1_UART_Init) for MX_USART1_UART_Init
    main.o(.text.main) refers to usart.o(.text.MX_USART2_UART_Init) for MX_USART2_UART_Init
    main.o(.text.main) refers to adc.o(.text.MX_ADC1_Init) for MX_ADC1_Init
    main.o(.text.main) refers to i2c.o(.text.MX_I2C1_Init) for MX_I2C1_Init
    main.o(.text.main) refers to spi.o(.text.MX_SPI1_Init) for MX_SPI1_Init
    main.o(.text.main) refers to app_main.o(.text.app_main) for app_main
    main.o(.ARM.exidx.text.main) refers to main.o(.text.main) for [Anonymous Symbol]
    main.o(.text.SystemClock_Config) refers to rt_memclr_w.o(.text) for __aeabi_memclr4
    main.o(.text.SystemClock_Config) refers to stm32f1xx_hal_rcc.o(.text.HAL_RCC_OscConfig) for HAL_RCC_OscConfig
    main.o(.text.SystemClock_Config) refers to stm32f1xx_hal_rcc.o(.text.HAL_RCC_ClockConfig) for HAL_RCC_ClockConfig
    main.o(.text.SystemClock_Config) refers to stm32f1xx_hal_rcc_ex.o(.text.HAL_RCCEx_PeriphCLKConfig) for HAL_RCCEx_PeriphCLKConfig
    main.o(.ARM.exidx.text.SystemClock_Config) refers to main.o(.text.SystemClock_Config) for [Anonymous Symbol]
    main.o(.ARM.exidx.text.Error_Handler) refers to main.o(.text.Error_Handler) for [Anonymous Symbol]
    gpio.o(.text.MX_GPIO_Init) refers to stm32f1xx_hal_cortex.o(.text.HAL_NVIC_SetPriority) for HAL_NVIC_SetPriority
    gpio.o(.text.MX_GPIO_Init) refers to stm32f1xx_hal_cortex.o(.text.HAL_NVIC_EnableIRQ) for HAL_NVIC_EnableIRQ
    gpio.o(.text.MX_GPIO_Init) refers to stm32f1xx_hal_gpio.o(.text.HAL_GPIO_WritePin) for HAL_GPIO_WritePin
    gpio.o(.text.MX_GPIO_Init) refers to stm32f1xx_hal_gpio.o(.text.HAL_GPIO_Init) for HAL_GPIO_Init
    gpio.o(.ARM.exidx.text.MX_GPIO_Init) refers to gpio.o(.text.MX_GPIO_Init) for [Anonymous Symbol]
    adc.o(.text.MX_ADC1_Init) refers to stm32f1xx_hal_adc.o(.text.HAL_ADC_Init) for HAL_ADC_Init
    adc.o(.text.MX_ADC1_Init) refers to main.o(.text.Error_Handler) for Error_Handler
    adc.o(.text.MX_ADC1_Init) refers to stm32f1xx_hal_adc.o(.text.HAL_ADC_ConfigChannel) for HAL_ADC_ConfigChannel
    adc.o(.text.MX_ADC1_Init) refers to adc.o(.bss.hadc1) for hadc1
[...]
    tenpwrs_x                                0x0800592c   Data          60  bigflt0.o(.constdata)
    .constdata                               0x0800592c   Section      148  bigflt0.o(.constdata)
    tenpwrs_i                                0x08005968   Data          64  bigflt0.o(.constdata)
    .Lstr.10                                 0x08005a80   Data          44  app_main.o(.rodata.str1.1)
    [Anonymous Symbol]                       0x08005a80   Section        0  app_main.o(.rodata.str1.1)
    .Lstr.8                                  0x08005aac   Data          44  app_main.o(.rodata.str1.1)
    .Lstr.5                                  0x08005ad8   Data          65  app_main.o(.rodata.str1.1)
    .L.str.8                                 0x08005b19   Data          67  app_lora.o(.rodata.str1.1)
    [Anonymous Symbol]                       0x08005b19   Section        0  app_lora.o(.rodata.str1.1)
    .L.str.5                                 0x08005b5c   Data          64  app_lora.o(.rodata.str1.1)
    .Lstr.11                                 0x08005b9c   Data          30  app_lora.o(.rodata.str1.1)
    .Lstr.10                                 0x08005bba   Data          27  app_lora.o(.rodata.str1.1)
    .L.str.1                                 0x08005bd5   Data          13  photores.o(.rodata.str1.1)
    [Anonymous Symbol]                       0x08005bd5   Section        0  photores.o(.rodata.str1.1)
    .L.str.13                                0x08005be2   Data          20  photores.o(.rodata.str1.1)
    .L.str.7                                 0x08005bf6   Data          13  photores.o(.rodata.str1.1)
    .L.str.8                                 0x08005c03   Data          13  photores.o(.rodata.str1.1)
    .L.str.6                                 0x08005c10   Data          13  photores.o(.rodata.str1.1)
    .L.str.10                                0x08005c1d   Data          13  photores.o(.rodata.str1.1)
    .L.str.5                                 0x08005c2a   Data          13  photores.o(.rodata.str1.1)
    .L.str.4                                 0x08005c37   Data          16  photores.o(.rodata.str1.1)
    .L.str                                   0x08005c47   Data          13  photores.o(.rodata.str1.1)
    .L.str.2                                 0x08005c54   Data          13  photores.o(.rodata.str1.1)
    .L.str.9                                 0x08005c61   Data          13  photores.o(.rodata.str1.1)
    .L.str.12                                0x08005c6e   Data          19  photores.o(.rodata.str1.1)
    .L.str.11                                0x08005c81   Data          13  photores.o(.rodata.str1.1)
    .L.str.3                                 0x08005c8e   Data          13  photores.o(.rodata.str1.1)
    .L.str.15                                0x08005c9b   Data          62  llcc68_p2p.o(.rodata.str1.1)
    [Anonymous Symbol]                       0x08005c9b   Section        0  llcc68_p2p.o(.rodata.str1.1)
    .Lstr.34                                 0x08005cd9   Data          24  llcc68_p2p.o(.rodata.str1.1)
    .Lstr.33                                 0x08005cf1   Data          41  llcc68_p2p.o(.rodata.str1.1)
    .Lstr.35                                 0x08005d1a   Data          27  llcc68_p2p.o(.rodata.str1.1)
    .Lstr.36                                 0x08005d35   Data          26  llcc68_p2p.o(.rodata.str1.1)
    .Lstr.32                                 0x08005d4f   Data          29  llcc68_p2p.o(.rodata.str1.1)
    .Lstr.48                                 0x08005d6c   Data          20  llcc68_p2p.o(.rodata.str1.1)
    .Lstr.53                                 0x08005d80   Data          21  llcc68_p2p.o(.rodata.str1.1)
    locale$$data                             0x08005d8c   Section       28  lc_numeric_c.o(locale$$data)
    __lcnum_c_name                           0x08005d90   Data           2  lc_numeric_c.o(locale$$data)
    __lcnum_c_start                          0x08005d98   Data           0  lc_numeric_c.o(locale$$data)
    __lcnum_c_point                          0x08005da4   Data           0  lc_numeric_c.o(locale$$data)
    __lcnum_c_thousands                      0x08005da6   Data           0  lc_numeric_c.o(locale$$data)
    __lcnum_c_grouping                       0x08005da7   Data           0  lc_numeric_c.o(locale$$data)
    __lcnum_c_end                            0x08005da8   Data           0  lc_numeric_c.o(locale$$data)
    [Anonymous Symbol]                       0x20000000   Section        0  stm32f1xx_hal.o(.data..L_MergedGlobals)
    .bss                                     0x20000030   Section       96  libspace.o(.bss)
    [Anonymous Symbol]                       0x20000090   Section        0  app_main.o(.bss..L_MergedGlobals)
    s_last_send_tick                         0x200000b4   Data           4  app_lora.o(.bss..L_MergedGlobals)
    [Anonymous Symbol]                       0x200000b4   Section        0  app_lora.o(.bss..L_MergedGlobals)
    s_led2_off_tick                          0x200000b8   Data           4  app_lora.o(.bss..L_MergedGlobals)
    g_co2_frame_end                          0x200000d4   Data           1  co2.o(.bss..L_MergedGlobals)
    [Anonymous Symbol]                       0x200000d4   Section        0  co2.o(.bss..L_MergedGlobals)
    g_co2_rx_size                            0x200000d8   Data           4  co2.o(.bss..L_MergedGlobals)
    g_co2_rx_buf                             0x200000dc   Data           6  co2.o(.bss..L_MergedGlobals)
    tx_done                                  0x200000e2   Data           1  llcc68_p2p.o(.bss..L_MergedGlobals)
    [Anonymous Symbol]                       0x200000e2   Section        0  llcc68_p2p.o(.bss..L_MergedGlobals)
    rx_done                                  0x200000e3   Data           1  llcc68_p2p.o(.bss..L_MergedGlobals)
    rx_timeout                               0x200000e4   Data           1  llcc68_p2p.o(.bss..L_MergedGlobals)
    s_task_cnt                               0x200000e8   Data           1  scheduler.o(.bss..L_MergedGlobals)
    [Anonymous Symbol]                       0x200000e8   Section        0  scheduler.o(.bss..L_MergedGlobals)
    s_task_table                             0x200000ec   Data          96  scheduler.o(.bss..L_MergedGlobals)
    Heap_Mem                                 0x200003a8   Data         512  startup_stm32f103xb.o(HEAP)
    HEAP                                     0x200003a8   Section      512  startup_stm32f103xb.o(HEAP)
    Stack_Mem                                0x200005a8   Data        1024  startup_stm32f103xb.o(STACK)
    STACK                                    0x200005a8   Section     1024  startup_stm32f103xb.o(STACK)
    __initial_sp                             0x200009a8   Data           0  startup_stm32f103xb.o(STACK)

    Global Symbols

    Symbol Name                              Value     Ov Type        Size  Object(Section)

    BuildAttributes$$THM_ISAv4$P$D$K$B$S$PE$A:L22UL41UL21$X:L11$S22US41US21$IEEE1$IW$~IW$USESV6$~STKCKD$USESV7$~SHL$OTIME$ROPI$IEEEJ$EBA8$UX$STANDARDLIB$REQ8$PRES8$EABIv2 0x00000000   Number         0  anon$$obj.o ABSOLUTE
    __fp_init_empty                          0x00000000   Number         0  fpinit_empty.o ABSOLUTE
    _printf_flags                            0x00000000   Number         0  printf_stubs.o ABSOLUTE
    _printf_return_value                     0x00000000   Number         0  printf_stubs.o ABSOLUTE
    _printf_sizespec                         0x00000000   Number         0  printf_stubs.o ABSOLUTE
    _printf_widthprec                        0x00000000   Number         0  printf_stubs.o ABSOLUTE
    __ARM_exceptions_init                     - Undefined Weak Reference
    __alloca_initialize                       - Undefined Weak Reference
    __arm_preinit_                            - Undefined Weak Reference
    __cpp_initialize__aeabi_                  - Undefined Weak Reference
    __cxa_finalize                            - Undefined Weak Reference
    __sigvec_lookup                           - Undefined Weak Reference
    _atexit_init                              - Undefined Weak Reference
    _call_atexit_fns                          - Undefined Weak Reference
    _clock_init                               - Undefined Weak Reference
    _fp_trap_init                             - Undefined Weak Reference
    _fp_trap_shutdown                         - Undefined Weak Reference
    _get_lc_collate                           - Undefined Weak Reference
    _get_lc_ctype                             - Undefined Weak Reference
    _get_lc_monetary                          - Undefined Weak Reference
    _get_lc_time                              - Undefined Weak Reference
    _getenv_init                              - Undefined Weak Reference
    _handle_redirection                       - Undefined Weak Reference
    _init_alloc                               - Undefined Weak Reference
    _init_user_alloc                          - Undefined Weak Reference
    _initio                                   - Undefined Weak Reference
    _mutex_acquire                            - Undefined Weak Reference
    _mutex_release                            - Undefined Weak Reference
    _printf_mbtowc                            - Undefined Weak Reference
    _rand_init                                - Undefined Weak Reference
    _signal_finish                            - Undefined Weak Reference
    _signal_init                              - Undefined Weak Reference
    _terminate_alloc                          - Undefined Weak Reference
    _terminate_user_alloc                     - Undefined Weak Reference
    _terminateio                              - Undefined Weak Reference
    __Vectors_Size                           0x000000ec   Number         0  startup_stm32f103xb.o ABSOLUTE
    __Vectors                                0x08000000   Data           4  startup_stm32f103xb.o(RESET)
    __Vectors_End                            0x080000ec   Data           0  startup_stm32f103xb.o(RESET)
    __main                                   0x080000ed   Thumb Code     8  __main.o(!!!main)
    __scatterload                            0x080000f5   Thumb Code     0  __scatter.o(!!!scatter)
    __scatterload_rt2                        0x080000f5   Thumb Code    44  __scatter.o(!!!scatter)
    __scatterload_rt2_thumb_only             0x080000f5   Thumb Code     0  __scatter.o(!!!scatter)
    __scatterload_null                       0x08000103   Thumb Code     0  __scatter.o(!!!scatter)
    __scatterload_copy                       0x08000129   Thumb Code    26  __scatter_copy.o(!!handler_copy)
    __scatterload_zeroinit                   0x08000145   Thumb Code    28  __scatter_zi.o(!!handler_zi)
    _printf_f                                0x08000161   Thumb Code     0  _printf_f.o(.ARM.Collect$$_printf_percent$$00000003)
    _printf_percent                          0x08000161   Thumb Code     0  _printf_percent.o(.ARM.Collect$$_printf_percent$$00000000)
    _printf_d                                0x08000167   Thumb Code     0  _printf_d.o(.ARM.Collect$$_printf_percent$$00000009)
    _printf_u                                0x0800016d   Thumb Code     0  _printf_u.o(.ARM.Collect$$_printf_percent$$0000000A)
    _printf_x                                0x08000173   Thumb Code     0  _printf_x.o(.ARM.Collect$$_printf_percent$$0000000C)
    _printf_s                                0x08000179   Thumb Code     0  _printf_s.o(.ARM.Collect$$_printf_percent$$00000014)
    _printf_percent_end                      0x0800017f   Thumb Code     0  _printf_percent_end.o(.ARM.Collect$$_printf_percent$$00000017)
    __rt_lib_init                            0x08000183   Thumb Code     0  libinit.o(.ARM.Collect$$libinit$$00000000)
    __rt_lib_init_fp_1                       0x08000185   Thumb Code     0  libinit2.o(.ARM.Collect$$libinit$$00000002)
    __rt_lib_init_heap_1                     0x08000185   Thumb Code     0  libinit2.o(.ARM.Collect$$libinit$$0000000A)
    __rt_lib_init_lc_common                  0x08000185   Thumb Code     0  libinit2.o(.ARM.Collect$$libinit$$0000000F)
    __rt_lib_init_preinit_1                  0x08000185   Thumb Code     0  libinit2.o(.ARM.Collect$$libinit$$00000004)
    __rt_lib_init_rand_1                     0x08000185   Thumb Code     0  libinit2.o(.ARM.Collect$$libinit$$0000000E)
    __rt_lib_init_user_alloc_1               0x08000185   Thumb Code     0  libinit2.o(.ARM.Collect$$libinit$$0000000C)
    __rt_lib_init_lc_collate_1               0x0800018b   Thumb Code     0  libinit2.o(.ARM.Collect$$libinit$$00000011)
    __rt_lib_init_lc_ctype_1                 0x0800018b   Thumb Code     0  libinit2.o(.ARM.Collect$$libinit$$00000013)
    __rt_lib_init_lc_monetary_1              0x0800018b   Thumb Code     0  libinit2.o(.ARM.Collect$$libinit$$00000015)
    __rt_lib_init_lc_numeric_2               0x0800018b   Thumb Code     0  libinit2.o(.ARM.Collect$$libinit$$00000016)
    __rt_lib_init_alloca_1                   0x08000195   Thumb Code     0  libinit2.o(.ARM.Collect$$libinit$$0000002E)
    __rt_lib_init_argv_1                     0x08000195   Thumb Code     0  libinit2.o(.ARM.Collect$$libinit$$0000002C)
    __rt_lib_init_atexit_1                   0x08000195   Thumb Code     0  libinit2.o(.ARM.Collect$$libinit$$0000001B)
    __rt_lib_init_clock_1                    0x08000195   Thumb Code     0  libinit2.o(.ARM.Collect$$libinit$$00000021)
    __rt_lib_init_cpp_1                      0x08000195   Thumb Code     0  libinit2.o(.ARM.Collect$$libinit$$00000032)
    __rt_lib_init_exceptions_1               0x08000195   Thumb Code     0  libinit2.o(.ARM.Collect$$libinit$$00000030)
    __rt_lib_init_fp_trap_1                  0x08000195   Thumb Code     0  libinit2.o(.ARM.Collect$$libinit$$0000001F)
    __rt_lib_init_getenv_1                   0x08000195   Thumb Code     0  libinit2.o(.ARM.Collect$$libinit$$00000023)
    __rt_lib_init_lc_numeric_1               0x08000195   Thumb Code     0  libinit2.o(.ARM.Collect$$libinit$$00000017)
    __rt_lib_init_lc_time_1                  0x08000195   Thumb Code     0  libinit2.o(.ARM.Collect$$libinit$$00000019)
    __rt_lib_init_return                     0x08000195   Thumb Code     0  libinit2.o(.ARM.Collect$$libinit$$00000033)
    __rt_lib_init_signal_1                   0x08000195   Thumb Code     0  libinit2.o(.ARM.Collect$$libinit$$0000001D)
    __rt_lib_init_stdio_1                    0x08000195   Thumb Code     0  libinit2.o(.ARM.Collect$$libinit$$00000025)
    __rt_lib_shutdown                        0x08000197   Thumb Code     0  libshutdown.o(.ARM.Collect$$libshutdown$$00000000)
    __rt_lib_shutdown_cpp_1                  0x08000199   Thumb Code     0  libshutdown2.o(.ARM.Collect$$libshutdown$$00000002)
    __rt_lib_shutdown_fp_trap_1              0x08000199   Thumb Code     0  libshutdown2.o(.ARM.Collect$$libshutdown$$00000007)
    __rt_lib_shutdown_heap_1                 0x08000199   Thumb Code     0  libshutdown2.o(.ARM.Collect$$libshutdown$$0000000F)
    __rt_lib_shutdown_return                 0x08000199   Thumb Code     0  libshutdown2.o(.ARM.Collect$$libshutdown$$00000010)
    __rt_lib_shutdown_signal_1               0x08000199   Thumb Code     0  libshutdown2.o(.ARM.Collect$$libshutdown$$0000000A)
    __rt_lib_shutdown_stdio_1                0x08000199   Thumb Code     0  libshutdown2.o(.ARM.Collect$$libshutdown$$00000004)
    __rt_lib_shutdown_user_alloc_1           0x08000199   Thumb Code     0  libshutdown2.o(.ARM.Collect$$libshutdown$$0000000C)
    __rt_entry                               0x0800019b   Thumb Code     0  __rtentry.o(.ARM.Collect$$rtentry$$00000000)
    __rt_entry_presh_1                       0x0800019b   Thumb Code     0  __rtentry2.o(.ARM.Collect$$rtentry$$00000002)
    __rt_entry_sh                            0x0800019b   Thumb Code     0  __rtentry4.o(.ARM.Collect$$rtentry$$00000004)
    __rt_entry_li                            0x080001a1   Thumb Code     0  __rtentry2.o(.ARM.Collect$$rtentry$$0000000A)
    __rt_entry_postsh_1                      0x080001a1   Thumb Code     0  __rtentry2.o(.ARM.Collect$$rtentry$$00000009)
    __rt_entry_main                          0x080001a5   Thumb Code     0  __rtentry2.o(.ARM.Collect$$rtentry$$0000000D)
    __rt_entry_postli_1                      0x080001a5   Thumb Code     0  __rtentry2.o(.ARM.Collect$$rtentry$$0000000C)
    __rt_exit                                0x080001ad   Thumb Code     0  rtexit.o(.ARM.Collect$$rtexit$$00000000)
    __rt_exit_ls                             0x080001af   Thumb Code     0  rtexit2.o(.ARM.Collect$$rtexit$$00000003)
    __rt_exit_prels_1                        0x080001af   Thumb Code     0  rtexit2.o(.ARM.Collect$$rtexit$$00000002)
    __rt_exit_exit                           0x080001b3   Thumb Code     0  rtexit2.o(.ARM.Collect$$rtexit$$00000004)
    Reset_Handler                            0x080001b9   Thumb Code     8  startup_stm32f103xb.o(.text)
    ADC1_2_IRQHandler                        0x080001d3   Thumb Code     0  startup_stm32f103xb.o(.text)
    CAN1_RX1_IRQHandler                      0x080001d3   Thumb Code     0  startup_stm32f103xb.o(.text)
    CAN1_SCE_IRQHandler                      0x080001d3   Thumb Code     0  startup_stm32f103xb.o(.text)
    DMA1_Channel2_IRQHandler                 0x080001d3   Thumb Code     0  startup_stm32f103xb.o(.text)
    DMA1_Channel3_IRQHandler                 0x080001d3   Thumb Code     0  startup_stm32f103xb.o(.text)
    DMA1_Channel4_IRQHandler                 0x080001d3   Thumb Code     0  startup_stm32f103xb.o(.text)
    DMA1_Channel5_IRQHandler                 0x080001d3   Thumb Code     0  startup_stm32f103xb.o(.text)
    DMA1_Channel6_IRQHandler                 0x080001d3   Thumb Code     0  startup_stm32f103xb.o(.text)
    DMA1_Channel7_IRQHandler                 0x080001d3   Thumb Code     0  startup_stm32f103xb.o(.text)
    EXTI0_IRQHandler                         0x080001d3   Thumb Code     0  startup_stm32f103xb.o(.text)
    EXTI1_IRQHandler                         0x080001d3   Thumb Code     0  startup_stm32f103xb.o(.text)
    EXTI2_IRQHandler                         0x080001d3   Thumb Code     0  startup_stm32f103xb.o(.text)
    EXTI3_IRQHandler                         0x080001d3   Thumb Code     0  startup_stm32f103xb.o(.text)
    EXTI4_IRQHandler                         0x080001d3   Thumb Code     0  startup_stm32f103xb.o(.text)
    EXTI9_5_IRQHandler                       0x080001d3   Thumb Code     0  startup_stm32f103xb.o(.text)
    FLASH_IRQHandler                         0x080001d3   Thumb Code     0  startup_stm32f103xb.o(.text)
    I2C1_ER_IRQHandler                       0x080001d3   Thumb Code     0  startup_stm32f103xb.o(.text)
    I2C1_EV_IRQHandler                       0x080001d3   Thumb Code     0  startup_stm32f103xb.o(.text)
    I2C2_ER_IRQHandler                       0x080001d3   Thumb Code     0  startup_stm32f103xb.o(.text)
    I2C2_EV_IRQHandler                       0x080001d3   Thumb Code     0  startup_stm32f103xb.o(.text)
    PVD_IRQHandler                           0x080001d3   Thumb Code     0  startup_stm32f103xb.o(.text)
    RCC_IRQHandler                           0x080001d3   Thumb Code     0  startup_stm32f103xb.o(.text)
    RTC_Alarm_IRQHandler                     0x080001d3   Thumb Code     0  startup_stm32f103xb.o(.text)
    RTC_IRQHandler                           0x080001d3   Thumb Code     0  startup_stm32f103xb.o(.text)
    SPI1_IRQHandler                          0x080001d3   Thumb Code     0  startup_stm32f103xb.o(.text)
    SPI2_IRQHandler                          0x080001d3   Thumb Code     0  startup_stm32f103xb.o(.text)
    TAMPER_IRQHandler                        0x080001d3   Thumb Code     0  startup_stm32f103xb.o(.text)
    TIM1_BRK_IRQHandler                      0x080001d3   Thumb Code     0  startup_stm32f103xb.o(.text)
    TIM1_CC_IRQHandler                       0x080001d3   Thumb Code     0  startup_stm32f103xb.o(.text)
    TIM1_TRG_COM_IRQHandler                  0x080001d3   Thumb Code     0  startup_stm32f103xb.o(.text)
    TIM1_UP_IRQHandler                       0x080001d3   Thumb Code     0  startup_stm32f103xb.o(.text)
    TIM2_IRQHandler                          0x080001d3   Thumb Code     0  startup_stm32f103xb.o(.text)
    TIM3_IRQHandler                          0x080001d3   Thumb Code     0  startup_stm32f103xb.o(.text)
    TIM4_IRQHandler                          0x080001d3   Thumb Code     0  startup_stm32f103xb.o(.text)
    USART3_IRQHandler                        0x080001d3   Thumb Code     0  startup_stm32f103xb.o(.text)
    USBWakeUp_IRQHandler                     0x080001d3   Thumb Code     0  startup_stm32f103xb.o(.text)
    USB_HP_CAN1_TX_IRQHandler                0x080001d3   Thumb Code     0  startup_stm32f103xb.o(.text)
    USB_LP_CAN1_RX0_IRQHandler               0x080001d3   Thumb Code     0  startup_stm32f103xb.o(.text)
    WWDG_IRQHandler                          0x080001d3   Thumb Code     0  startup_stm32f103xb.o(.text)
    __user_initial_stackheap                 0x080001d5   Thumb Code     0  startup_stm32f103xb.o(.text)
    __2printf                                0x080001f9   Thumb Code    20  noretval__2printf.o(.text)
    _printf_pre_padding                      0x08000211   Thumb Code    44  _printf_pad.o(.text)
    _printf_post_padding                     0x0800023d   Thumb Code    34  _printf_pad.o(.text)
    _printf_truncate_signed                  0x0800025f   Thumb Code    18  _printf_truncate.o(.text)
    _printf_truncate_unsigned                0x08000271   Thumb Code    18  _printf_truncate.o(.text)
    _printf_str                              0x08000283   Thumb Code    82  _printf_str.o(.text)
    _printf_int_dec                          0x080002d5   Thumb Code   104  _printf_dec.o(.text)
    _printf_int_hex                          0x0800034d   Thumb Code    84  _printf_hex_int.o(.text)
    _printf_longlong_hex                     0x0800034d   Thumb Code     0  _printf_hex_int.o(.text)
    __printf                                 0x080003a5   Thumb Code   388  __printf_flags_ss_wp.o(.text)
    puts                                     0x0800052d   Thumb Code    40  puts.o(.text)
    __aeabi_memclr                           0x08000559   Thumb Code     0  rt_memclr.o(.text)
    __rt_memclr                              0x08000559   Thumb Code    68  rt_memclr.o(.text)
    _memset                                  0x0800055d   Thumb Code     0  rt_memclr.o(.text)
    __aeabi_memclr4                          0x0800059d   Thumb Code     0  rt_memclr_w.o(.text)
    __aeabi_memclr8                          0x0800059d   Thumb Code     0  rt_memclr_w.o(.text)
    __rt_memclr_w                            0x0800059d   Thumb Code    78  rt_memclr_w.o(.text)
    _memset_w                                0x080005a1   Thumb Code     0  rt_memclr_w.o(.text)
    __use_two_region_memory                  0x080005eb   Thumb Code     2  heapauxi.o(.text)
    __rt_heap_escrow$2region                 0x080005ed   Thumb Code     2  heapauxi.o(.text)
    __rt_heap_expand$2region                 0x080005ef   Thumb Code     2  heapauxi.o(.text)
    _printf_int_common                       0x080005f1   Thumb Code   178  _printf_intcommon.o(.text)
    _printf_fp_dec_real                      0x08000853   Thumb Code   620  _printf_fp_dec.o(.text)
    _printf_cs_common                        0x08000abf   Thumb Code    20  _printf_char.o(.text)
    _printf_char                             0x08000ad3   Thumb Code    16  _printf_char.o(.text)
    _printf_string                           0x08000ae3   Thumb Code     8  _printf_char.o(.text)
    _printf_char_file                        0x08000aed   Thumb Code    32  _printf_char_file.o(.text)
    __rt_locale                              0x08000b11   Thumb Code     8  rt_locale_intlibspace.o(.text)
    _ll_udiv10                               0x08000b19   Thumb Code   138  lludiv10.o(.text)
    _printf_char_common                      0x08000baf   Thumb Code    32  _printf_char_common.o(.text)
    _printf_fp_infnan                        0x08000bd5   Thumb Code   112  _printf_fp_infnan.o(.text)
    _btod_etento                             0x08000c55   Thumb Code   224  bigflt0.o(.text)
    ferror                                   0x08000d39   Thumb Code     8  ferror.o(.text)
    __user_libspace                          0x08000d41   Thumb Code     8  libspace.o(.text)
    __user_perproc_libspace                  0x08000d41   Thumb Code     0  libspace.o(.text)
    __user_perthread_libspace                0x08000d41   Thumb Code     0  libspace.o(.text)
    __user_setup_stackheap                   0x08000d49   Thumb Code    74  sys_stackheap_outer.o(.text)
    exit                                     0x08000d93   Thumb Code    18  exit.o(.text)
    strcmp                                   0x08000da5   Thumb Code   128  strcmpv7m.o(.text)
    _sys_exit                                0x08000e25   Thumb Code     8  sys_exit.o(.text)
    __I$use$semihosting                      0x08000e31   Thumb Code     0  use_no_semi.o(.text)
    __use_no_semihosting_swi                 0x08000e31   Thumb Code     2  use_no_semi.o(.text)
    ADC_ConversionStop_Disable               0x08000e33   Thumb Code    76  stm32f1xx_hal_adc.o(.text.ADC_ConversionStop_Disable)
    __semihosting_library_function           0x08000e33   Thumb Code     0  indicate_semi.o(.text)
    ADC_DMAConvCplt                          0x08000e7f   Thumb Code    76  stm32f1xx_hal_adc.o(.text.ADC_DMAConvCplt)
    ADC_DMAError                             0x08000ecb   Thumb Code    22  stm32f1xx_hal_adc.o(.text.ADC_DMAError)
    ADC_DMAHalfConvCplt                      0x08000ee1   Thumb Code     6  stm32f1xx_hal_adc.o(.text.ADC_DMAHalfConvCplt)
    ADC_Enable                               0x08000ee9   Thumb Code   108  stm32f1xx_hal_adc.o(.text.ADC_Enable)
    BusFault_Handler                         0x08000f55   Thumb Code     2  stm32f1xx_it.o(.text.BusFault_Handler)
    DIO1_EXTI_Callback                       0x08000f59   Thumb Code   196  llcc68_p2p.o(.text.DIO1_EXTI_Callback)
    DMA1_Channel1_IRQHandler                 0x0800101d   Thumb Code     8  stm32f1xx_it.o(.text.DMA1_Channel1_IRQHandler)
    DebugMon_Handler                         0x0800104b   Thumb Code     2  stm32f1xx_it.o(.text.DebugMon_Handler)
    EXTI15_10_IRQHandler                     0x0800104d   Thumb Code     8  stm32f1xx_it.o(.text.EXTI15_10_IRQHandler)
    Error_Handler                            0x08001055   Thumb Code     8  main.o(.text.Error_Handler)
    HAL_ADC_ConfigChannel                    0x0800105d   Thumb Code   276  stm32f1xx_hal_adc.o(.text.HAL_ADC_ConfigChannel)
    HAL_ADC_ConvCpltCallback                 0x08001171   Thumb Code     2  stm32f1xx_hal_adc.o(.text.HAL_ADC_ConvCpltCallback)
    HAL_ADC_ConvHalfCpltCallback             0x08001173   Thumb Code     2  stm32f1xx_hal_adc.o(.text.HAL_ADC_ConvHalfCpltCallback)
    HAL_ADC_ErrorCallback                    0x08001175   Thumb Code     2  stm32f1xx_hal_adc.o(.text.HAL_ADC_ErrorCallback)
    HAL_ADC_Init                             0x08001179   Thumb Code   272  stm32f1xx_hal_adc.o(.text.HAL_ADC_Init)
    HAL_ADC_MspInit                          0x08001289   Thumb Code   144  adc.o(.text.HAL_ADC_MspInit)
    HAL_ADC_Start_DMA                        0x08001319   Thumb Code   256  stm32f1xx_hal_adc.o(.text.HAL_ADC_Start_DMA)
    HAL_DMA_Abort                            0x08001419   Thumb Code    64  stm32f1xx_hal_dma.o(.text.HAL_DMA_Abort)
    HAL_DMA_Abort_IT                         0x08001459   Thumb Code   136  stm32f1xx_hal_dma.o(.text.HAL_DMA_Abort_IT)
    HAL_DMA_IRQHandler                       0x080014e1   Thumb Code   312  stm32f1xx_hal_dma.o(.text.HAL_DMA_IRQHandler)
    HAL_DMA_Init                             0x08001619   Thumb Code   108  stm32f1xx_hal_dma.o(.text.HAL_DMA_Init)
    HAL_DMA_Start_IT                         0x08001685   Thumb Code   102  stm32f1xx_hal_dma.o(.text.HAL_DMA_Start_IT)
    HAL_Delay                                0x080016ed   Thumb Code    32  stm32f1xx_hal.o(.text.HAL_Delay)
    HAL_GPIO_EXTI_Callback                   0x0800170d   Thumb Code    12  isr_callback.o(.text.HAL_GPIO_EXTI_Callback)
    HAL_GPIO_EXTI_IRQHandler                 0x08001719   Thumb Code    20  stm32f1xx_hal_gpio.o(.text.HAL_GPIO_EXTI_IRQHandler)
    HAL_GPIO_Init                            0x0800172d   Thumb Code   412  stm32f1xx_hal_gpio.o(.text.HAL_GPIO_Init)
    HAL_GPIO_ReadPin                         0x080018c9   Thumb Code    10  stm32f1xx_hal_gpio.o(.text.HAL_GPIO_ReadPin)
    HAL_GPIO_WritePin                        0x080018d3   Thumb Code    10  stm32f1xx_hal_gpio.o(.text.HAL_GPIO_WritePin)
    HAL_GetTick                              0x080018dd   Thumb Code     8  stm32f1xx_hal.o(.text.HAL_GetTick)
    HAL_I2C_Init                             0x080018e5   Thumb Code   376  stm32f1xx_hal_i2c.o(.text.HAL_I2C_Init)
    HAL_I2C_MspInit                          0x08001a5d   Thumb Code    92  i2c.o(.text.HAL_I2C_MspInit)
    HAL_IncTick                              0x08001ab9   Thumb Code    24  stm32f1xx_hal.o(.text.HAL_IncTick)
    HAL_Init                                 0x08001ad1   Thumb Code    32  stm32f1xx_hal.o(.text.HAL_Init)
    HAL_InitTick                             0x08001af1   Thumb Code    60  stm32f1xx_hal.o(.text.HAL_InitTick)
    HAL_MspInit                              0x08001b2d   Thumb Code    64  stm32f1xx_hal_msp.o(.text.HAL_MspInit)
    HAL_NVIC_EnableIRQ                       0x08001b6d   Thumb Code    28  stm32f1xx_hal_cortex.o(.text.HAL_NVIC_EnableIRQ)
    HAL_NVIC_SetPriority                     0x08001b89   Thumb Code    56  stm32f1xx_hal_cortex.o(.text.HAL_NVIC_SetPriority)
    HAL_NVIC_SetPriorityGrouping             0x08001bc1   Thumb Code    32  stm32f1xx_hal_cortex.o(.text.HAL_NVIC_SetPriorityGrouping)
    HAL_RCCEx_PeriphCLKConfig                0x08001be1   Thumb Code   240  stm32f1xx_hal_rcc_ex.o(.text.HAL_RCCEx_PeriphCLKConfig)
    HAL_RCC_ClockConfig                      0x08001cd1   Thumb Code   312  stm32f1xx_hal_rcc.o(.text.HAL_RCC_ClockConfig)
    HAL_RCC_GetPCLK1Freq                     0x08001e09   Thumb Code    20  stm32f1xx_hal_rcc.o(.text.HAL_RCC_GetPCLK1Freq)
    HAL_RCC_GetPCLK2Freq                     0x08001e1d   Thumb Code    28  stm32f1xx_hal_rcc.o(.text.HAL_RCC_GetPCLK2Freq)
    HAL_RCC_GetSysClockFreq                  0x08001e39   Thumb Code    84  stm32f1xx_hal_rcc.o(.text.HAL_RCC_GetSysClockFreq)
    HAL_RCC_OscConfig                        0x08001e8d   Thumb Code   820  stm32f1xx_hal_rcc.o(.text.HAL_RCC_OscConfig)
    HAL_SPI_Init                             0x080021c1   Thumb Code   178  stm32f1xx_hal_spi.o(.text.HAL_SPI_Init)
    HAL_SPI_MspInit                          0x08002275   Thumb Code   116  spi.o(.text.HAL_SPI_MspInit)
    HAL_SPI_Receive                          0x080022e9   Thumb Code   324  stm32f1xx_hal_spi.o(.text.HAL_SPI_Receive)
    HAL_SPI_Transmit                         0x0800242d   Thumb Code   370  stm32f1xx_hal_spi.o(.text.HAL_SPI_Transmit)
    HAL_SPI_TransmitReceive                  0x0800259f   Thumb Code   488  stm32f1xx_hal_spi.o(.text.HAL_SPI_TransmitReceive)
    HAL_SYSTICK_Config                       0x08002789   Thumb Code    40  stm32f1xx_hal_cortex.o(.text.HAL_SYSTICK_Config)
    HAL_TIMEx_ConfigBreakDeadTime            0x080027b1   Thumb Code    78  stm32f1xx_hal_tim_ex.o(.text.HAL_TIMEx_ConfigBreakDeadTime)
    HAL_TIMEx_MasterConfigSynchronization    0x08002801   Thumb Code    92  stm32f1xx_hal_tim_ex.o(.text.HAL_TIMEx_MasterConfigSynchronization)
    HAL_TIM_Base_Init                        0x0800285d   Thumb Code    88  stm32f1xx_hal_tim.o(.text.HAL_TIM_Base_Init)
    HAL_TIM_Base_MspInit                     0x080028b5   Thumb Code    36  tim.o(.text.HAL_TIM_Base_MspInit)
    HAL_TIM_ConfigClockSource                0x080028d9   Thumb Code   246  stm32f1xx_hal_tim.o(.text.HAL_TIM_ConfigClockSource)
    HAL_TIM_MspPostInit                      0x080029d1   Thumb Code    76  tim.o(.text.HAL_TIM_MspPostInit)
    HAL_TIM_PWM_ConfigChannel                0x08002a1d   Thumb Code   152  stm32f1xx_hal_tim.o(.text.HAL_TIM_PWM_ConfigChannel)
    HAL_TIM_PWM_Init                         0x08002ab5   Thumb Code    88  stm32f1xx_hal_tim.o(.text.HAL_TIM_PWM_Init)
    HAL_TIM_PWM_MspInit                      0x08002b0d   Thumb Code     2  stm32f1xx_hal_tim.o(.text.HAL_TIM_PWM_MspInit)
    HAL_TIM_PWM_Start                        0x08002b11   Thumb Code   156  stm32f1xx_hal_tim.o(.text.HAL_TIM_PWM_Start)
    HAL_UARTEx_ReceiveToIdle_IT              0x08002bad   Thumb Code    82  stm32f1xx_hal_uart.o(.text.HAL_UARTEx_ReceiveToIdle_IT)
    HAL_UARTEx_RxEventCallback               0x08002c01   Thumb Code    40  isr_callback.o(.text.HAL_UARTEx_RxEventCallback)
    HAL_UART_ErrorCallback                   0x08002c29   Thumb Code     2  isr_callback.o(.text.HAL_UART_ErrorCallback)
    HAL_UART_IRQHandler                      0x08002c2d   Thumb Code   660  stm32f1xx_hal_uart.o(.text.HAL_UART_IRQHandler)
    HAL_UART_Init                            0x08002ec1   Thumb Code    94  stm32f1xx_hal_uart.o(.text.HAL_UART_Init)
    HAL_UART_MspInit                         0x08002f21   Thumb Code   204  usart.o(.text.HAL_UART_MspInit)
    HAL_UART_RxCpltCallback                  0x08002fed   Thumb Code    28  isr_callback.o(.text.HAL_UART_RxCpltCallback)
    HAL_UART_Transmit                        0x08003009   Thumb Code   172  stm32f1xx_hal_uart.o(.text.HAL_UART_Transmit)
    HAL_UART_TxCpltCallback                  0x080030b5   Thumb Code     2  stm32f1xx_hal_uart.o(.text.HAL_UART_TxCpltCallback)
    HardFault_Handler                        0x080030b7   Thumb Code     2  stm32f1xx_it.o(.text.HardFault_Handler)
    MX_ADC1_Init                             0x080030b9   Thumb Code   104  adc.o(.text.MX_ADC1_Init)
    MX_DMA_Init                              0x08003121   Thumb Code    48  dma.o(.text.MX_DMA_Init)
    MX_GPIO_Init                             0x08003151   Thumb Code   308  gpio.o(.text.MX_GPIO_Init)
    MX_I2C1_Init                             0x08003285   Thumb Code    60  i2c.o(.text.MX_I2C1_Init)
    MX_SPI1_Init                             0x080032c1   Thumb Code    68  spi.o(.text.MX_SPI1_Init)
    MX_TIM1_Init                             0x08003305   Thumb Code   200  tim.o(.text.MX_TIM1_Init)
    MX_USART1_UART_Init                      0x080033cd   Thumb Code    56  usart.o(.text.MX_USART1_UART_Init)
    MX_USART2_UART_Init                      0x08003405   Thumb Code    56  usart.o(.text.MX_USART2_UART_Init)
    MemManage_Handler                        0x0800343d   Thumb Code     2  stm32f1xx_it.o(.text.MemManage_Handler)
    NMI_Handler                              0x0800343f   Thumb Code     2  stm32f1xx_it.o(.text.NMI_Handler)
    PendSV_Handler                           0x08003441   Thumb Code     2  stm32f1xx_it.o(.text.PendSV_Handler)
    SVC_Handler                              0x0800358d   Thumb Code     2  stm32f1xx_it.o(.text.SVC_Handler)
    SysTick_Handler                          0x0800358f   Thumb Code     4  stm32f1xx_it.o(.text.SysTick_Handler)
    SystemClock_Config                       0x08003593   Thumb Code   136  main.o(.text.SystemClock_Config)
    SystemInit                               0x0800361b   Thumb Code     2  system_stm32f1xx.o(.text.SystemInit)
    TIM_Base_SetConfig                       0x0800361d   Thumb Code   124  stm32f1xx_hal_tim.o(.text.TIM_Base_SetConfig)
    TIM_CCxChannelCmd                        0x08003699   Thumb Code    30  stm32f1xx_hal_tim.o(.text.TIM_CCxChannelCmd)
    TIM_OC2_SetConfig                        0x08003709   Thumb Code    88  stm32f1xx_hal_tim.o(.text.TIM_OC2_SetConfig)
    UART_Start_Receive_IT                    0x080039dd   Thumb Code    50  stm32f1xx_hal_uart.o(.text.UART_Start_Receive_IT)
    USART1_IRQHandler                        0x08003a7d   Thumb Code     8  stm32f1xx_it.o(.text.USART1_IRQHandler)
    USART2_IRQHandler                        0x08003a85   Thumb Code    12  stm32f1xx_it.o(.text.USART2_IRQHandler)
    UsageFault_Handler                       0x08003a91   Thumb Code     2  stm32f1xx_it.o(.text.UsageFault_Handler)
    app_lora_send_init                       0x08003ab9   Thumb Code   232  app_lora.o(.text.app_lora_send_init)
    app_lora_send_poll                       0x08003ba1   Thumb Code   452  app_lora.o(.text.app_lora_send_poll)
    app_main                                 0x08003d65   Thumb Code   252  app_main.o(.text.app_main)
    co2_init                                 0x08003e61   Thumb Code    52  co2.o(.text.co2_init)
    co2_read                                 0x08003e95   Thumb Code   220  co2.o(.text.co2_read)
    co2_rx_event_handler                     0x08003f71   Thumb Code    12  co2.o(.text.co2_rx_event_handler)
    delay_us                                 0x08003f95   Thumb Code    76  delay.o(.text.delay_us)
    dht22_init                               0x08003fe1   Thumb Code    48  dht22.o(.text.dht22_init)
    dht22_read_byte                          0x08004011   Thumb Code   132  dht22.o(.text.dht22_read_byte)
    dht22_read_data                          0x08004095   Thumb Code   200  dht22.o(.text.dht22_read_data)
    dht22_set_input_mode                     0x0800415d   Thumb Code    28  dht22.o(.text.dht22_set_input_mode)
    dht22_set_output_mode                    0x08004179   Thumb Code    32  dht22.o(.text.dht22_set_output_mode)
    dht22_start                              0x08004199   Thumb Code   156  dht22.o(.text.dht22_start)
    fputc                                    0x08004235   Thumb Code    28  usart.o(.text.fputc)
    led_ctrl                                 0x08004251   Thumb Code    72  led.o(.text.led_ctrl)
    led_init                                 0x08004299   Thumb Code    24  led.o(.text.led_init)
    llcc68_cal                               0x080042b1   Thumb Code    30  llcc68.o(.text.llcc68_cal)
    llcc68_cal_img                           0x080042cf   Thumb Code    34  llcc68.o(.text.llcc68_cal_img)
    llcc68_cal_img_in_mhz                    0x080042f1   Thumb Code    14  llcc68.o(.text.llcc68_cal_img_in_mhz)
    llcc68_cfg_tx_clamp                      0x080042ff   Thumb Code    60  llcc68.o(.text.llcc68_cfg_tx_clamp)
    llcc68_clear_device_errors               0x0800433b   Thumb Code    28  llcc68.o(.text.llcc68_clear_device_errors)
    llcc68_clear_irq_status                  0x08004357   Thumb Code    36  llcc68.o(.text.llcc68_clear_irq_status)
    llcc68_convert_freq_in_hz_to_pll_step    0x0800437d   Thumb Code    36  llcc68.o(.text.llcc68_convert_freq_in_hz_to_pll_step)
    llcc68_get_and_clear_irq_status          0x080043a1   Thumb Code    58  llcc68.o(.text.llcc68_get_and_clear_irq_status)
    llcc68_get_irq_status                    0x080043db   Thumb Code    48  llcc68.o(.text.llcc68_get_irq_status)
    llcc68_hal_read                          0x0800440b   Thumb Code   118  llcc68_hal.o(.text.llcc68_hal_read)
    llcc68_hal_reset                         0x08004481   Thumb Code    56  llcc68_hal.o(.text.llcc68_hal_reset)
    llcc68_hal_write                         0x080044e9   Thumb Code    92  llcc68_hal.o(.text.llcc68_hal_write)
    llcc68_init                              0x08004545   Thumb Code   500  llcc68_p2p.o(.text.llcc68_init)
    llcc68_lora_send                         0x08004739   Thumb Code   236  llcc68_p2p.o(.text.llcc68_lora_send)
    llcc68_read_register                     0x08004825   Thumb Code    40  llcc68.o(.text.llcc68_read_register)
    llcc68_set_buffer_base_address           0x0800484d   Thumb Code    34  llcc68.o(.text.llcc68_set_buffer_base_address)
    llcc68_set_dio_irq_params                0x0800486f   Thumb Code    70  llcc68.o(.text.llcc68_set_dio_irq_params)
    llcc68_set_fs                            0x080048b5   Thumb Code    26  llcc68.o(.text.llcc68_set_fs)
    llcc68_set_lora_mod_params               0x080048cf   Thumb Code   104  llcc68.o(.text.llcc68_set_lora_mod_params)
    llcc68_set_lora_pkt_params               0x08004937   Thumb Code   108  llcc68.o(.text.llcc68_set_lora_pkt_params)
    llcc68_set_ocp_value                     0x080049a3   Thumb Code    22  llcc68.o(.text.llcc68_set_ocp_value)
    llcc68_set_pa_cfg                        0x080049b9   Thumb Code    32  llcc68.o(.text.llcc68_set_pa_cfg)
    llcc68_set_pkt_type                      0x080049d9   Thumb Code    30  llcc68.o(.text.llcc68_set_pkt_type)
    llcc68_set_reg_mode                      0x080049f7   Thumb Code    30  llcc68.o(.text.llcc68_set_reg_mode)
    llcc68_set_rf_freq                       0x08004a15   Thumb Code    22  llcc68.o(.text.llcc68_set_rf_freq)
    llcc68_set_rf_freq_in_pll_steps          0x08004a2b   Thumb Code    50  llcc68.o(.text.llcc68_set_rf_freq_in_pll_steps)
    llcc68_set_standby                       0x08004a5d   Thumb Code    30  llcc68.o(.text.llcc68_set_standby)
    llcc68_set_tx                            0x08004a7b   Thumb Code    18  llcc68.o(.text.llcc68_set_tx)
    llcc68_set_tx_params                     0x08004a8d   Thumb Code    34  llcc68.o(.text.llcc68_set_tx_params)
    llcc68_set_tx_with_timeout_in_rtc_step   0x08004aaf   Thumb Code    40  llcc68.o(.text.llcc68_set_tx_with_timeout_in_rtc_step)
    llcc68_tx_modulation_workaround          0x08004ad7   Thumb Code    82  llcc68.o(.text.llcc68_tx_modulation_workaround)
    llcc68_write_buffer                      0x08004b29   Thumb Code    30  llcc68.o(.text.llcc68_write_buffer)
    llcc68_write_register                    0x08004b47   Thumb Code    36  llcc68.o(.text.llcc68_write_register)
    main                                     0x08004b6b   Thumb Code    46  main.o(.text.main)
    photores_get_lux                         0x08004b99   Thumb Code    80  photores.o(.text.photores_get_lux)
    photores_init                            0x08004be9   Thumb Code     2  photores.o(.text.photores_init)
    scheduler_add_task                       0x08004bed   Thumb Code    44  scheduler.o(.text.scheduler_add_task)
    scheduler_init                           0x08004c19   Thumb Code    28  scheduler.o(.text.scheduler_init)
    scheduler_run                            0x08004c35   Thumb Code    68  scheduler.o(.text.scheduler_run)
    soil_get_humi_percent                    0x08004c79   Thumb Code    48  soil.o(.text.soil_get_humi_percent)
    soil_init                                0x08004ca9   Thumb Code     2  soil.o(.text.soil_init)
    _btod_d2e                                0x08004cab   Thumb Code    62  btod.o(CL$$btod_d2e)
    _d2e_denorm_low                          0x08004ce9   Thumb Code    70  btod.o(CL$$btod_d2e_denorm_low)
    _d2e_norm_op1                            0x08004d2f   Thumb Code    96  btod.o(CL$$btod_d2e_norm_op1)
    __btod_div_common                        0x08004d8f   Thumb Code   696  btod.o(CL$$btod_div_common)
    _e2e                                     0x080050c7   Thumb Code   220  btod.o(CL$$btod_e2e)
    _btod_ediv                               0x080051a3   Thumb Code    42  btod.o(CL$$btod_ediv)
    _btod_emul                               0x080051cd   Thumb Code    42  btod.o(CL$$btod_emul)
    __btod_mult_common                       0x080051f7   Thumb Code   580  btod.o(CL$$btod_mult_common)
    __ARM_fpclassify                         0x0800543b   Thumb Code    40  fpclassify.o(i.__ARM_fpclassify)
    _is_digit                                0x08005463   Thumb Code    14  __printf_wp.o(i._is_digit)
    _get_lc_numeric                          0x08005471   Thumb Code    44  lc_numeric_c.o(locale$$code)
    __fpl_dretinf                            0x0800549d   Thumb Code    12  dretinf.o(x$fpl$dretinf)
    __aeabi_f2d                              0x080054a9   Thumb Code     0  f2d.o(x$fpl$f2d)
    _f2d                                     0x080054a9   Thumb Code    86  f2d.o(x$fpl$f2d)
    __aeabi_fdiv                             0x08005501   Thumb Code     0  fdiv.o(x$fpl$fdiv)
    _fdiv                                    0x08005501   Thumb Code   384  fdiv.o(x$fpl$fdiv)
    __aeabi_f2iz                             0x08005685   Thumb Code     0  ffix.o(x$fpl$ffix)
    _ffix                                    0x08005685   Thumb Code    54  ffix.o(x$fpl$ffix)
    __aeabi_f2uiz                            0x080056bd   Thumb Code     0  ffixu.o(x$fpl$ffixu)
    _ffixu                                   0x080056bd   Thumb Code    62  ffixu.o(x$fpl$ffixu)
    __aeabi_i2f                              0x080056fd   Thumb Code     0  fflt_clz.o(x$fpl$fflt)
    _fflt                                    0x080056fd   Thumb Code    48  fflt_clz.o(x$fpl$fflt)
    __aeabi_ui2f                             0x0800572d   Thumb Code     0  fflt_clz.o(x$fpl$ffltu)
    _ffltu                                   0x0800572d   Thumb Code    38  fflt_clz.o(x$fpl$ffltu)
    __aeabi_fmul                             0x08005755   Thumb Code     0  fmul.o(x$fpl$fmul)
    _fmul                                    0x08005755   Thumb Code   258  fmul.o(x$fpl$fmul)
    __fpl_fnaninf                            0x08005857   Thumb Code   140  fnaninf.o(x$fpl$fnaninf)
    __fpl_fretinf                            0x080058e3   Thumb Code    10  fretinf.o(x$fpl$fretinf)
    _printf_fp_dec                           0x080058ed   Thumb Code     4  printf1.o(x$fpl$printf1)
    __I$use$fp                               0x080058f0   Number         0  usenofp.o(x$fpl$usenofp)
    AHBPrescTable                            0x080059c0   Data          16  system_stm32f1xx.o(.rodata.AHBPrescTable)
    APBPrescTable                            0x080059d0   Data           8  system_stm32f1xx.o(.rodata.APBPrescTable)
    g_photores_tbl                           0x080059d8   Data         168  photores.o(.rodata.g_photores_tbl)
    Region$$Table$$Base                      0x08005d6c   Number         0  anon$$obj.o(Region$$Table)
    Region$$Table$$Limit                     0x08005d8c   Number         0  anon$$obj.o(Region$$Table)
    uwTickFreq                               0x20000000   Data           1  stm32f1xx_hal.o(.data..L_MergedGlobals)
    uwTickPrio                               0x20000004   Data           4  stm32f1xx_hal.o(.data..L_MergedGlobals)
    SystemCoreClock                          0x20000008   Data           4  system_stm32f1xx.o(.data.SystemCoreClock)
    llcc68_ctx                               0x2000000c   Data          36  llcc68_p2p.o(.data.llcc68_ctx)
    __libspace_start                         0x20000030   Data          96  libspace.o(.bss)
    __temporary_stack_top$libspace           0x20000090   Data           0  libspace.o(.bss)
    g_adc_value_tbl                          0x20000090   Data           4  app_main.o(.bss..L_MergedGlobals)
    g_uart1_rx_buf                           0x20000094   Data          32  app_main.o(.bss..L_MergedGlobals)
    g_sensor_data                            0x200000bc   Data          24  app_lora.o(.bss..L_MergedGlobals)
    __stdout                                 0x2000014c   Data          84  usart.o(.bss.__stdout)
    g_uart1_rx_cnt                           0x200001a0   Data           4  app_main.o(.bss.g_uart1_rx_cnt)
    g_uart1_rx_end                           0x200001a4   Data           4  app_main.o(.bss.g_uart1_rx_end)
    hadc1                                    0x200001a8   Data          48  adc.o(.bss.hadc1)
    hdma_adc1                                0x200001d8   Data          68  adc.o(.bss.hdma_adc1)
    hi2c1                                    0x2000021c   Data          84  i2c.o(.bss.hi2c1)
    hspi1                                    0x20000270   Data          88  spi.o(.bss.hspi1)
    htim1                                    0x200002c8   Data          72  tim.o(.bss.htim1)
    huart1                                   0x20000310   Data          72  usart.o(.bss.huart1)
    huart2                                   0x20000358   Data          72  usart.o(.bss.huart2)
    uwTick                                   0x200003a0   Data           4  stm32f1xx_hal.o(.bss.uwTick)



==============================================================================

Memory Map of the image

  Image Entry point : 0x080000ed

  Load Region LR_IROM1 (Base: 0x08000000, Size: 0x00005dd8, Max: 0x00010000, ABSOLUTE)

    Execution Region ER_IROM1 (Exec base: 0x08000000, Load base: 0x08000000, Size: 0x00005da8, Max: 0x00010000, ABSOLUTE)

    Exec Addr    Load Addr    Size         Type   Attr      Idx    E Section Name        Object

    0x08000000   0x08000000   0x000000ec   Data   RO            3    RESET               startup_stm32f103xb.o
    0x080000ec   0x080000ec   0x00000008   Code   RO         1912  * !!!main             c_w.l(__main.o)
    0x080000f4   0x080000f4   0x00000034   Code   RO         2172    !!!scatter          c_w.l(__scatter.o)
    0x08000128   0x08000128   0x0000001a   Code   RO         2174    !!handler_copy      c_w.l(__scatter_copy.o)
    0x08000142   0x08000142   0x00000002   PAD
    0x08000144   0x08000144   0x0000001c   Code   RO         2176    !!handler_zi        c_w.l(__scatter_zi.o)
    0x08000160   0x08000160   0x00000000   Code   RO         1901    .ARM.Collect$$_printf_percent$$00000000  c_w.l(_printf_percent.o)
    0x08000160   0x08000160   0x00000006   Code   RO         1900    .ARM.Collect$$_printf_percent$$00000003  c_w.l(_printf_f.o)
    0x08000166   0x08000166   0x00000006   Code   RO         1898    .ARM.Collect$$_printf_percent$$00000009  c_w.l(_printf_d.o)
    0x0800016c   0x0800016c   0x00000006   Code   RO         1899    .ARM.Collect$$_printf_percent$$0000000A  c_w.l(_printf_u.o)
    0x08000172   0x08000172   0x00000006   Code   RO         1897    .ARM.Collect$$_printf_percent$$0000000C  c_w.l(_printf_x.o)
    0x08000178   0x08000178   0x00000006   Code   RO         1896    .ARM.Collect$$_printf_percent$$00000014  c_w.l(_printf_s.o)
    0x0800017e   0x0800017e   0x00000004   Code   RO         1949    .ARM.Collect$$_printf_percent$$00000017  c_w.l(_printf_percent_end.o)
    0x08000182   0x08000182   0x00000002   Code   RO         2039    .ARM.Collect$$libinit$$00000000  c_w.l(libinit.o)
    0x08000184   0x08000184   0x00000000   Code   RO         2041    .ARM.Collect$$libinit$$00000002  c_w.l(libinit2.o)
    0x08000184   0x08000184   0x00000000   Code   RO         2043    .ARM.Collect$$libinit$$00000004  c_w.l(libinit2.o)
    0x08000184   0x08000184   0x00000000   Code   RO         2046    .ARM.Collect$$libinit$$0000000A  c_w.l(libinit2.o)
    0x08000184   0x08000184   0x00000000   Code   RO         2048    .ARM.Collect$$libinit$$0000000C  c_w.l(libinit2.o)
    0x08000184   0x08000184   0x00000000   Code   RO         2050    .ARM.Collect$$libinit$$0000000E  c_w.l(libinit2.o)
    0x08000184   0x08000184   0x00000006   Code   RO         2051    .ARM.Collect$$libinit$$0000000F  c_w.l(libinit2.o)
    0x0800018a   0x0800018a   0x00000000   Code   RO         2053    .ARM.Collect$$libinit$$00000011  c_w.l(libinit2.o)
    0x0800018a   0x0800018a   0x00000000   Code   RO         2055    .ARM.Collect$$libinit$$00000013  c_w.l(libinit2.o)
    0x0800018a   0x0800018a   0x00000000   Code   RO         2057    .ARM.Collect$$libinit$$00000015  c_w.l(libinit2.o)
    0x0800018a   0x0800018a   0x0000000a   Code   RO         2058    .ARM.Collect$$libinit$$00000016  c_w.l(libinit2.o)
    0x08000194   0x08000194   0x00000000   Code   RO         2059    .ARM.Collect$$libinit$$00000017  c_w.l(libinit2.o)
    0x08000194   0x08000194   0x00000000   Code   RO         2061    .ARM.Collect$$libinit$$00000019  c_w.l(libinit2.o)
    0x08000194   0x08000194   0x00000000   Code   RO         2063    .ARM.Collect$$libinit$$0000001B  c_w.l(libinit2.o)
    0x08000194   0x08000194   0x00000000   Code   RO         2065    .ARM.Collect$$libinit$$0000001D  c_w.l(libinit2.o)
    0x08000194   0x08000194   0x00000000   Code   RO         2067    .ARM.Collect$$libinit$$0000001F  c_w.l(libinit2.o)
    0x08000194   0x08000194   0x00000000   Code   RO         2069    .ARM.Collect$$libinit$$00000021  c_w.l(libinit2.o)
    0x08000194   0x08000194   0x00000000   Code   RO         2071    .ARM.Collect$$libinit$$00000023  c_w.l(libinit2.o)
    0x08000194   0x08000194   0x00000000   Code   RO         2073    .ARM.Collect$$libinit$$00000025  c_w.l(libinit2.o)
    0x08000194   0x08000194   0x00000000   Code   RO         2077    .ARM.Collect$$libinit$$0000002C  c_w.l(libinit2.o)
    0x08000194   0x08000194   0x00000000   Code   RO         2079    .ARM.Collect$$libinit$$0000002E  c_w.l(libinit2.o)
    0x08000194   0x08000194   0x00000000   Code   RO         2081    .ARM.Collect$$libinit$$00000030  c_w.l(libinit2.o)
    0x08000194   0x08000194   0x00000000   Code   RO         2083    .ARM.Collect$$libinit$$00000032  c_w.l(libinit2.o)
    0x08000194   0x08000194   0x00000002   Code   RO         2084    .ARM.Collect$$libinit$$00000033  c_w.l(libinit2.o)
    0x08000196   0x08000196   0x00000002   Code   RO         2118    .ARM.Collect$$libshutdown$$00000000  c_w.l(libshutdown.o)
    0x08000198   0x08000198   0x00000000   Code   RO         2129    .ARM.Collect$$libshutdown$$00000002  c_w.l(libshutdown2.o)
    0x08000198   0x08000198   0x00000000   Code   RO         2131    .ARM.Collect$$libshutdown$$00000004  c_w.l(libshutdown2.o)
    0x08000198   0x08000198   0x00000000   Code   RO         2134    .ARM.Collect$$libshutdown$$00000007  c_w.l(libshutdown2.o)
    0x08000198   0x08000198   0x00000000   Code   RO         2137    .ARM.Collect$$libshutdown$$0000000A  c_w.l(libshutdown2.o)
    0x08000198   0x08000198   0x00000000   Code   RO         2139    .ARM.Collect$$libshutdown$$0000000C  c_w.l(libshutdown2.o)
    0x08000198   0x08000198   0x00000000   Code   RO         2142    .ARM.Collect$$libshutdown$$0000000F  c_w.l(libshutdown2.o)
    0x08000198   0x08000198   0x00000002   Code   RO         2143    .ARM.Collect$$libshutdown$$00000010  c_w.l(libshutdown2.o)
    0x0800019a   0x0800019a   0x00000000   Code   RO         1938    .ARM.Collect$$rtentry$$00000000  c_w.l(__rtentry.o)
    0x0800019a   0x0800019a   0x00000000   Code   RO         1958    .ARM.Collect$$rtentry$$00000002  c_w.l(__rtentry2.o)
    0x0800019a   0x0800019a   0x00000006   Code   RO         1970    .ARM.Collect$$rtentry$$00000004  c_w.l(__rtentry4.o)
    0x080001a0   0x080001a0   0x00000000   Code   RO         1960    .ARM.Collect$$rtentry$$00000009  c_w.l(__rtentry2.o)
    0x080001a0   0x080001a0   0x00000004   Code   RO         1961    .ARM.Collect$$rtentry$$0000000A  c_w.l(__rtentry2.o)
    0x080001a4   0x080001a4   0x00000000   Code   RO         1963    .ARM.Collect$$rtentry$$0000000C  c_w.l(__rtentry2.o)
    0x080001a4   0x080001a4   0x00000008   Code   RO         1964    .ARM.Collect$$rtentry$$0000000D  c_w.l(__rtentry2.o)
    0x080001ac   0x080001ac   0x00000002   Code   RO         2085    .ARM.Collect$$rtexit$$00000000  c_w.l(rtexit.o)
    0x080001ae   0x080001ae   0x00000000   Code   RO         2092    .ARM.Collect$$rtexit$$00000002  c_w.l(rtexit2.o)
    0x080001ae   0x080001ae   0x00000004   Code   RO         2093    .ARM.Collect$$rtexit$$00000003  c_w.l(rtexit2.o)
    0x080001b2   0x080001b2   0x00000006   Code   RO         2094    .ARM.Collect$$rtexit$$00000004  c_w.l(rtexit2.o)
    0x080001b8   0x080001b8   0x00000040   Code   RO            4    .text               startup_stm32f103xb.o
    0x080001f8   0x080001f8   0x00000018   Code   RO         1843    .text               c_w.l(noretval__2printf.o)
    0x08000210   0x08000210   0x0000004e   Code   RO         1847    .text               c_w.l(_printf_pad.o)
    0x0800025e   0x0800025e   0x00000024   Code   RO         1849    .text               c_w.l(_printf_truncate.o)
    0x08000282   0x08000282   0x00000052   Code   RO         1851    .text               c_w.l(_printf_str.o)
    0x080002d4   0x080002d4   0x00000078   Code   RO         1853    .text               c_w.l(_printf_dec.o)
    0x0800034c   0x0800034c   0x00000058   Code   RO         1858    .text               c_w.l(_printf_hex_int.o)
    0x080003a4   0x080003a4   0x00000188   Code   RO         1893    .text               c_w.l(__printf_flags_ss_wp.o)
    0x0800052c   0x0800052c   0x0000002c   Code   RO         1902    .text               c_w.l(puts.o)
    0x08000558   0x08000558   0x00000044   Code   RO         1906    .text               c_w.l(rt_memclr.o)
    0x0800059c   0x0800059c   0x0000004e   Code   RO         1908    .text               c_w.l(rt_memclr_w.o)
    0x080005ea   0x080005ea   0x00000006   Code   RO         1910    .text               c_w.l(heapauxi.o)
    0x080005f0   0x080005f0   0x000000b2   Code   RO         1939    .text               c_w.l(_printf_intcommon.o)
    0x080006a2   0x080006a2   0x0000041c   Code   RO         1941    .text               c_w.l(_printf_fp_dec.o)
    0x08000abe   0x08000abe   0x0000002c   Code   RO         1945    .text               c_w.l(_printf_char.o)
    0x08000aea   0x08000aea   0x00000002   PAD
    0x08000aec   0x08000aec   0x00000024   Code   RO         1947    .text               c_w.l(_printf_char_file.o)
    0x08000b10   0x08000b10   0x00000008   Code   RO         1975    .text               c_w.l(rt_locale_intlibspace.o)
    0x08000b18   0x08000b18   0x0000008a   Code   RO         1977    .text               c_w.l(lludiv10.o)
    0x08000ba2   0x08000ba2   0x00000002   PAD
    0x08000ba4   0x08000ba4   0x00000030   Code   RO         1979    .text               c_w.l(_printf_char_common.o)
    0x08000bd4   0x08000bd4   0x00000080   Code   RO         1981    .text               c_w.l(_printf_fp_infnan.o)
    0x08000c54   0x08000c54   0x000000e4   Code   RO         1983    .text               c_w.l(bigflt0.o)
    0x08000d38   0x08000d38   0x00000008   Code   RO         2010    .text               c_w.l(ferror.o)
    0x08000d40   0x08000d40   0x00000008   Code   RO         2021    .text               c_w.l(libspace.o)
    0x08000d48   0x08000d48   0x0000004a   Code   RO         2024    .text               c_w.l(sys_stackheap_outer.o)
    0x08000d92   0x08000d92   0x00000012   Code   RO         2030    .text               c_w.l(exit.o)
    0x08000da4   0x08000da4   0x00000080   Code   RO         2032    .text               c_w.l(strcmpv7m.o)
    0x08000e24   0x08000e24   0x0000000c   Code   RO         2104    .text               c_w.l(sys_exit.o)
    0x08000e30   0x08000e30   0x00000002   Code   RO         2119    .text               c_w.l(use_no_semi.o)
    0x08000e32   0x08000e32   0x00000000   Code   RO         2121    .text               c_w.l(indicate_semi.o)
    0x08000e32   0x08000e32   0x0000004c   Code   RO          190    .text.ADC_ConversionStop_Disable  stm32f1xx_hal_adc.o
    0x08000e7e   0x08000e7e   0x0000004c   Code   RO          212    .text.ADC_DMAConvCplt  stm32f1xx_hal_adc.o
    0x08000eca   0x08000eca   0x00000016   Code   RO          216    .text.ADC_DMAError  stm32f1xx_hal_adc.o
    0x08000ee0   0x08000ee0   0x00000006   Code   RO          214    .text.ADC_DMAHalfConvCplt  stm32f1xx_hal_adc.o
    0x08000ee6   0x08000ee6   0x00000002   PAD
    0x08000ee8   0x08000ee8   0x0000006c   Code   RO          198    .text.ADC_Enable    stm32f1xx_hal_adc.o
    0x08000f54   0x08000f54   0x00000002   Code   RO          136    .text.BusFault_Handler  stm32f1xx_it.o
    0x08000f56   0x08000f56   0x00000002   PAD
    0x08000f58   0x08000f58   0x000000c4   Code   RO         1782    .text.DIO1_EXTI_Callback  llcc68_p2p.o
    0x0800101c   0x0800101c   0x00000008   Code   RO          148    .text.DMA1_Channel1_IRQHandler  stm32f1xx_it.o
    0x08001024   0x08001024   0x00000026   Code   RO          422    .text.DMA_SetConfig  stm32f1xx_hal_dma.o
    0x0800104a   0x0800104a   0x00000002   Code   RO          142    .text.DebugMon_Handler  stm32f1xx_it.o
    0x0800104c   0x0800104c   0x00000008   Code   RO          154    .text.EXTI15_10_IRQHandler  stm32f1xx_it.o
    0x08001054   0x08001054   0x00000008   Code   RO           15    .text.Error_Handler  main.o
    0x0800105c   0x0800105c   0x00000114   Code   RO          232    .text.HAL_ADC_ConfigChannel  stm32f1xx_hal_adc.o
    0x08001170   0x08001170   0x00000002   Code   RO          224    .text.HAL_ADC_ConvCpltCallback  stm32f1xx_hal_adc.o
    0x08001172   0x08001172   0x00000002   Code   RO          228    .text.HAL_ADC_ConvHalfCpltCallback  stm32f1xx_hal_adc.o
    0x08001174   0x08001174   0x00000002   Code   RO          230    .text.HAL_ADC_ErrorCallback  stm32f1xx_hal_adc.o
    0x08001176   0x08001176   0x00000002   PAD
    0x08001178   0x08001178   0x00000110   Code   RO          186    .text.HAL_ADC_Init  stm32f1xx_hal_adc.o
    0x08001288   0x08001288   0x00000090   Code   RO           36    .text.HAL_ADC_MspInit  adc.o
    0x08001318   0x08001318   0x00000100   Code   RO          210    .text.HAL_ADC_Start_DMA  stm32f1xx_hal_adc.o
    0x08001418   0x08001418   0x00000040   Code   RO          426    .text.HAL_DMA_Abort  stm32f1xx_hal_dma.o
    0x08001458   0x08001458   0x00000088   Code   RO          428    .text.HAL_DMA_Abort_IT  stm32f1xx_hal_dma.o
    0x080014e0   0x080014e0   0x00000138   Code   RO          432    .text.HAL_DMA_IRQHandler  stm32f1xx_hal_dma.o
    0x08001618   0x08001618   0x0000006c   Code   RO          416    .text.HAL_DMA_Init  stm32f1xx_hal_dma.o
    0x08001684   0x08001684   0x00000066   Code   RO          424    .text.HAL_DMA_Start_IT  stm32f1xx_hal_dma.o
    0x080016ea   0x080016ea   0x00000002   PAD
    0x080016ec   0x080016ec   0x00000020   Code   RO          302    .text.HAL_Delay     stm32f1xx_hal.o
    0x0800170c   0x0800170c   0x0000000c   Code   RO         1432    .text.HAL_GPIO_EXTI_Callback  isr_callback.o
    0x08001718   0x08001718   0x00000014   Code   RO          404    .text.HAL_GPIO_EXTI_IRQHandler  stm32f1xx_hal_gpio.o
    0x0800172c   0x0800172c   0x0000019c   Code   RO          392    .text.HAL_GPIO_Init  stm32f1xx_hal_gpio.o
    0x080018c8   0x080018c8   0x0000000a   Code   RO          396    .text.HAL_GPIO_ReadPin  stm32f1xx_hal_gpio.o
    0x080018d2   0x080018d2   0x0000000a   Code   RO          398    .text.HAL_GPIO_WritePin  stm32f1xx_hal_gpio.o
    0x080018dc   0x080018dc   0x00000008   Code   RO          294    .text.HAL_GetTick   stm32f1xx_hal.o
    0x080018e4   0x080018e4   0x00000178   Code   RO          623    .text.HAL_I2C_Init  stm32f1xx_hal_i2c.o
    0x08001a5c   0x08001a5c   0x0000005c   Code   RO           63    .text.HAL_I2C_MspInit  i2c.o
    0x08001ab8   0x08001ab8   0x00000018   Code   RO          292    .text.HAL_IncTick   stm32f1xx_hal.o
    0x08001ad0   0x08001ad0   0x00000020   Code   RO          282    .text.HAL_Init      stm32f1xx_hal.o
    0x08001af0   0x08001af0   0x0000003c   Code   RO          284    .text.HAL_InitTick  stm32f1xx_hal.o
    0x08001b2c   0x08001b2c   0x00000040   Code   RO          163    .text.HAL_MspInit   stm32f1xx_hal_msp.o
    0x08001b6c   0x08001b6c   0x0000001c   Code   RO          456    .text.HAL_NVIC_EnableIRQ  stm32f1xx_hal_cortex.o
    0x08001b88   0x08001b88   0x00000038   Code   RO          452    .text.HAL_NVIC_SetPriority  stm32f1xx_hal_cortex.o
    0x08001bc0   0x08001bc0   0x00000020   Code   RO          450    .text.HAL_NVIC_SetPriorityGrouping  stm32f1xx_hal_cortex.o
    0x08001be0   0x08001be0   0x000000f0   Code   RO          378    .text.HAL_RCCEx_PeriphCLKConfig  stm32f1xx_hal_rcc_ex.o
    0x08001cd0   0x08001cd0   0x00000138   Code   RO          346    .text.HAL_RCC_ClockConfig  stm32f1xx_hal_rcc.o
    0x08001e08   0x08001e08   0x00000014   Code   RO          358    .text.HAL_RCC_GetPCLK1Freq  stm32f1xx_hal_rcc.o
    0x08001e1c   0x08001e1c   0x0000001c   Code   RO          360    .text.HAL_RCC_GetPCLK2Freq  stm32f1xx_hal_rcc.o
    0x08001e38   0x08001e38   0x00000054   Code   RO          348    .text.HAL_RCC_GetSysClockFreq  stm32f1xx_hal_rcc.o
    0x08001e8c   0x08001e8c   0x00000334   Code   RO          344    .text.HAL_RCC_OscConfig  stm32f1xx_hal_rcc.o
    0x080021c0   0x080021c0   0x000000b2   Code   RO          755    .text.HAL_SPI_Init  stm32f1xx_hal_spi.o
    0x08002272   0x08002272   0x00000002   PAD
    0x08002274   0x08002274   0x00000074   Code   RO           78    .text.HAL_SPI_MspInit  spi.o
    0x080022e8   0x080022e8   0x00000144   Code   RO          767    .text.HAL_SPI_Receive  stm32f1xx_hal_spi.o
    0x0800242c   0x0800242c   0x00000172   Code   RO          763    .text.HAL_SPI_Transmit  stm32f1xx_hal_spi.o
    0x0800259e   0x0800259e   0x000001e8   Code   RO          769    .text.HAL_SPI_TransmitReceive  stm32f1xx_hal_spi.o
    0x08002786   0x08002786   0x00000002   PAD
    0x08002788   0x08002788   0x00000028   Code   RO          464    .text.HAL_SYSTICK_Config  stm32f1xx_hal_cortex.o
    0x080027b0   0x080027b0   0x0000004e   Code   RO         1184    .text.HAL_TIMEx_ConfigBreakDeadTime  stm32f1xx_hal_tim_ex.o
    0x080027fe   0x080027fe   0x00000002   PAD
    0x08002800   0x08002800   0x0000005c   Code   RO         1182    .text.HAL_TIMEx_MasterConfigSynchronization  stm32f1xx_hal_tim_ex.o
    0x0800285c   0x0800285c   0x00000058   Code   RO          873    .text.HAL_TIM_Base_Init  stm32f1xx_hal_tim.o
    0x080028b4   0x080028b4   0x00000024   Code   RO           95    .text.HAL_TIM_Base_MspInit  tim.o
    0x080028d8   0x080028d8   0x000000f6   Code   RO         1061    .text.HAL_TIM_ConfigClockSource  stm32f1xx_hal_tim.o
    0x080029ce   0x080029ce   0x00000002   PAD
    0x080029d0   0x080029d0   0x0000004c   Code   RO           93    .text.HAL_TIM_MspPostInit  tim.o
    0x08002a1c   0x08002a1c   0x00000098   Code   RO         1035    .text.HAL_TIM_PWM_ConfigChannel  stm32f1xx_hal_tim.o
    0x08002ab4   0x08002ab4   0x00000058   Code   RO          927    .text.HAL_TIM_PWM_Init  stm32f1xx_hal_tim.o
    0x08002b0c   0x08002b0c   0x00000002   Code   RO          929    .text.HAL_TIM_PWM_MspInit  stm32f1xx_hal_tim.o
    0x08002b0e   0x08002b0e   0x00000002   PAD
    0x08002b10   0x08002b10   0x0000009c   Code   RO          935    .text.HAL_TIM_PWM_Start  stm32f1xx_hal_tim.o
    0x08002bac   0x08002bac   0x00000052   Code   RO         1258    .text.HAL_UARTEx_ReceiveToIdle_IT  stm32f1xx_hal_uart.o
    0x08002bfe   0x08002bfe   0x00000002   PAD
    0x08002c00   0x08002c00   0x00000028   Code   RO         1436    .text.HAL_UARTEx_RxEventCallback  isr_callback.o
    0x08002c28   0x08002c28   0x00000002   Code   RO         1430    .text.HAL_UART_ErrorCallback  isr_callback.o
    0x08002c2a   0x08002c2a   0x00000002   PAD
    0x08002c2c   0x08002c2c   0x00000294   Code   RO         1290    .text.HAL_UART_IRQHandler  stm32f1xx_hal_uart.o
    0x08002ec0   0x08002ec0   0x0000005e   Code   RO         1206    .text.HAL_UART_Init  stm32f1xx_hal_uart.o
    0x08002f1e   0x08002f1e   0x00000002   PAD
    0x08002f20   0x08002f20   0x000000cc   Code   RO          114    .text.HAL_UART_MspInit  usart.o
    0x08002fec   0x08002fec   0x0000001c   Code   RO         1434    .text.HAL_UART_RxCpltCallback  isr_callback.o
    0x08003008   0x08003008   0x000000ac   Code   RO         1222    .text.HAL_UART_Transmit  stm32f1xx_hal_uart.o
    0x080030b4   0x080030b4   0x00000002   Code   RO         1300    .text.HAL_UART_TxCpltCallback  stm32f1xx_hal_uart.o
    0x080030b6   0x080030b6   0x00000002   Code   RO          132    .text.HardFault_Handler  stm32f1xx_it.o
    0x080030b8   0x080030b8   0x00000068   Code   RO           34    .text.MX_ADC1_Init  adc.o
    0x08003120   0x08003120   0x00000030   Code   RO           52    .text.MX_DMA_Init   dma.o
    0x08003150   0x08003150   0x00000134   Code   RO           25    .text.MX_GPIO_Init  gpio.o
    0x08003284   0x08003284   0x0000003c   Code   RO           61    .text.MX_I2C1_Init  i2c.o
    0x080032c0   0x080032c0   0x00000044   Code   RO           76    .text.MX_SPI1_Init  spi.o
    0x08003304   0x08003304   0x000000c8   Code   RO           91    .text.MX_TIM1_Init  tim.o
    0x080033cc   0x080033cc   0x00000038   Code   RO          110    .text.MX_USART1_UART_Init  usart.o
    0x08003404   0x08003404   0x00000038   Code   RO          112    .text.MX_USART2_UART_Init  usart.o
    0x0800343c   0x0800343c   0x00000002   Code   RO          134    .text.MemManage_Handler  stm32f1xx_it.o
    0x0800343e   0x0800343e   0x00000002   Code   RO          130    .text.NMI_Handler   stm32f1xx_it.o
    0x08003440   0x08003440   0x00000002   Code   RO          144    .text.PendSV_Handler  stm32f1xx_it.o
    0x08003442   0x08003442   0x00000054   Code   RO          771    .text.SPI_EndRxTransaction  stm32f1xx_hal_spi.o
    0x08003496   0x08003496   0x00000036   Code   RO          765    .text.SPI_EndRxTxTransaction  stm32f1xx_hal_spi.o
    0x080034cc   0x080034cc   0x000000c0   Code   RO          863    .text.SPI_WaitFlagStateUntilTimeout  stm32f1xx_hal_spi.o
    0x0800358c   0x0800358c   0x00000002   Code   RO          140    .text.SVC_Handler   stm32f1xx_it.o
    0x0800358e   0x0800358e   0x00000004   Code   RO          146    .text.SysTick_Handler  stm32f1xx_it.o
    0x08003592   0x08003592   0x00000088   Code   RO           13    .text.SystemClock_Config  main.o
    0x0800361a   0x0800361a   0x00000002   Code   RO         1334    .text.SystemInit    system_stm32f1xx.o
    0x0800361c   0x0800361c   0x0000007c   Code   RO          877    .text.TIM_Base_SetConfig  stm32f1xx_hal_tim.o
    0x08003698   0x08003698   0x0000001e   Code   RO          911    .text.TIM_CCxChannelCmd  stm32f1xx_hal_tim.o
    0x080036b6   0x080036b6   0x00000002   PAD
    0x080036b8   0x080036b8   0x00000050   Code   RO         1021    .text.TIM_OC1_SetConfig  stm32f1xx_hal_tim.o
    0x08003708   0x08003708   0x00000058   Code   RO         1023    .text.TIM_OC2_SetConfig  stm32f1xx_hal_tim.o
    0x08003760   0x08003760   0x00000054   Code   RO         1025    .text.TIM_OC3_SetConfig  stm32f1xx_hal_tim.o
    0x080037b4   0x080037b4   0x00000044   Code   RO         1027    .text.TIM_OC4_SetConfig  stm32f1xx_hal_tim.o
    0x080037f8   0x080037f8   0x00000022   Code   RO         1063    .text.TIM_TI1_ConfigInputStage  stm32f1xx_hal_tim.o
    0x0800381a   0x0800381a   0x00000024   Code   RO         1065    .text.TIM_TI2_ConfigInputStage  stm32f1xx_hal_tim.o
    0x0800383e   0x0800383e   0x0000000c   Code   RO         1294    .text.UART_DMAAbortOnError  stm32f1xx_hal_uart.o
    0x0800384a   0x0800384a   0x0000004e   Code   RO         1254    .text.UART_EndRxTransfer  stm32f1xx_hal_uart.o
    0x08003898   0x08003898   0x000000c4   Code   RO         1292    .text.UART_Receive_IT  stm32f1xx_hal_uart.o
    0x0800395c   0x0800395c   0x00000080   Code   RO         1210    .text.UART_SetConfig  stm32f1xx_hal_uart.o
    0x080039dc   0x080039dc   0x00000032   Code   RO         1232    .text.UART_Start_Receive_IT  stm32f1xx_hal_uart.o
    0x08003a0e   0x08003a0e   0x0000006c   Code   RO         1224    .text.UART_WaitOnFlagUntilTimeout  stm32f1xx_hal_uart.o
    0x08003a7a   0x08003a7a   0x00000002   PAD
    0x08003a7c   0x08003a7c   0x00000008   Code   RO          150    .text.USART1_IRQHandler  stm32f1xx_it.o
    0x08003a84   0x08003a84   0x0000000c   Code   RO          152    .text.USART2_IRQHandler  stm32f1xx_it.o
    0x08003a90   0x08003a90   0x00000002   Code   RO          138    .text.UsageFault_Handler  stm32f1xx_it.o
    0x08003a92   0x08003a92   0x00000002   PAD
    0x08003a94   0x08003a94   0x00000024   Code   RO          454    .text.__NVIC_SetPriority  stm32f1xx_hal_cortex.o
    0x08003ab8   0x08003ab8   0x000000e8   Code   RO         1361    .text.app_lora_send_init  app_lora.o
    0x08003ba0   0x08003ba0   0x000001c4   Code   RO         1363    .text.app_lora_send_poll  app_lora.o
    0x08003d64   0x08003d64   0x000000fc   Code   RO         1349    .text.app_main      app_main.o
    0x08003e60   0x08003e60   0x00000034   Code   RO         1375    .text.co2_init      co2.o
    0x08003e94   0x08003e94   0x000000dc   Code   RO         1381    .text.co2_read      co2.o
    0x08003f70   0x08003f70   0x0000000c   Code   RO         1379    .text.co2_rx_event_handler  co2.o
    0x08003f7c   0x08003f7c   0x00000018   Code   RO         1377    .text.co2_rx_restart  co2.o
    0x08003f94   0x08003f94   0x0000004c   Code   RO         1394    .text.delay_us      delay.o
    0x08003fe0   0x08003fe0   0x00000030   Code   RO         1410    .text.dht22_init    dht22.o
    0x08004010   0x08004010   0x00000084   Code   RO         1414    .text.dht22_read_byte  dht22.o
    0x08004094   0x08004094   0x000000c8   Code   RO         1416    .text.dht22_read_data  dht22.o
    0x0800415c   0x0800415c   0x0000001c   Code   RO         1408    .text.dht22_set_input_mode  dht22.o
    0x08004178   0x08004178   0x00000020   Code   RO         1406    .text.dht22_set_output_mode  dht22.o
    0x08004198   0x08004198   0x0000009c   Code   RO         1412    .text.dht22_start   dht22.o
    0x08004234   0x08004234   0x0000001c   Code   RO          108    .text.fputc         usart.o
    0x08004250   0x08004250   0x00000048   Code   RO         1460    .text.led_ctrl      led.o
    0x08004298   0x08004298   0x00000018   Code   RO         1458    .text.led_init      led.o
    0x080042b0   0x080042b0   0x0000001e   Code   RO         1611    .text.llcc68_cal    llcc68.o
    0x080042ce   0x080042ce   0x00000022   Code   RO         1613    .text.llcc68_cal_img  llcc68.o
    0x080042f0   0x080042f0   0x0000000e   Code   RO         1615    .text.llcc68_cal_img_in_mhz  llcc68.o
    0x080042fe   0x080042fe   0x0000003c   Code   RO         1725    .text.llcc68_cfg_tx_clamp  llcc68.o
    0x0800433a   0x0800433a   0x0000001c   Code   RO         1693    .text.llcc68_clear_device_errors  llcc68.o
    0x08004356   0x08004356   0x00000024   Code   RO         1633    .text.llcc68_clear_irq_status  llcc68.o
    0x0800437a   0x0800437a   0x00000002   PAD
    0x0800437c   0x0800437c   0x00000024   Code   RO         1643    .text.llcc68_convert_freq_in_hz_to_pll_step  llcc68.o
    0x080043a0   0x080043a0   0x0000003a   Code   RO         1635    .text.llcc68_get_and_clear_irq_status  llcc68.o
    0x080043da   0x080043da   0x00000030   Code   RO         1631    .text.llcc68_get_irq_status  llcc68.o
    0x0800440a   0x0800440a   0x00000076   Code   RO         1768    .text.llcc68_hal_read  llcc68_hal.o
    0x08004480   0x08004480   0x00000038   Code   RO         1770    .text.llcc68_hal_reset  llcc68_hal.o
    0x080044b8   0x080044b8   0x00000030   Code   RO         1766    .text.llcc68_hal_wait_busy_idle  llcc68_hal.o
    0x080044e8   0x080044e8   0x0000005c   Code   RO         1764    .text.llcc68_hal_write  llcc68_hal.o
    0x08004544   0x08004544   0x000001f4   Code   RO         1784    .text.llcc68_init   llcc68_p2p.o
    0x08004738   0x08004738   0x000000ec   Code   RO         1786    .text.llcc68_lora_send  llcc68_p2p.o
    0x08004824   0x08004824   0x00000028   Code   RO         1623    .text.llcc68_read_register  llcc68.o
    0x0800484c   0x0800484c   0x00000022   Code   RO         1667    .text.llcc68_set_buffer_base_address  llcc68.o
    0x0800486e   0x0800486e   0x00000046   Code   RO         1629    .text.llcc68_set_dio_irq_params  llcc68.o
    0x080048b4   0x080048b4   0x0000001a   Code   RO         1585    .text.llcc68_set_fs  llcc68.o
    0x080048ce   0x080048ce   0x00000068   Code   RO         1657    .text.llcc68_set_lora_mod_params  llcc68.o
    0x08004936   0x08004936   0x0000006c   Code   RO         1661    .text.llcc68_set_lora_pkt_params  llcc68.o
    0x080049a2   0x080049a2   0x00000016   Code   RO         1727    .text.llcc68_set_ocp_value  llcc68.o
    0x080049b8   0x080049b8   0x00000020   Code   RO         1617    .text.llcc68_set_pa_cfg  llcc68.o
    0x080049d8   0x080049d8   0x0000001e   Code   RO         1647    .text.llcc68_set_pkt_type  llcc68.o
    0x080049f6   0x080049f6   0x0000001e   Code   RO         1609    .text.llcc68_set_reg_mode  llcc68.o
    0x08004a14   0x08004a14   0x00000016   Code   RO         1641    .text.llcc68_set_rf_freq  llcc68.o
    0x08004a2a   0x08004a2a   0x00000032   Code   RO         1645    .text.llcc68_set_rf_freq_in_pll_steps  llcc68.o
    0x08004a5c   0x08004a5c   0x0000001e   Code   RO         1583    .text.llcc68_set_standby  llcc68.o
    0x08004a7a   0x08004a7a   0x00000012   Code   RO         1587    .text.llcc68_set_tx  llcc68.o
    0x08004a8c   0x08004a8c   0x00000022   Code   RO         1651    .text.llcc68_set_tx_params  llcc68.o
    0x08004aae   0x08004aae   0x00000028   Code   RO         1591    .text.llcc68_set_tx_with_timeout_in_rtc_step  llcc68.o
    0x08004ad6   0x08004ad6   0x00000052   Code   RO         1655    .text.llcc68_tx_modulation_workaround  llcc68.o
    0x08004b28   0x08004b28   0x0000001e   Code   RO         1625    .text.llcc68_write_buffer  llcc68.o
    0x08004b46   0x08004b46   0x00000024   Code   RO         1621    .text.llcc68_write_register  llcc68.o
    0x08004b6a   0x08004b6a   0x0000002e   Code   RO           11    .text.main          main.o
    0x08004b98   0x08004b98   0x00000050   Code   RO         1478    .text.photores_get_lux  photores.o
    0x08004be8   0x08004be8   0x00000002   Code   RO         1472    .text.photores_init  photores.o
    0x08004bea   0x08004bea   0x00000002   PAD
    0x08004bec   0x08004bec   0x0000002c   Code   RO         1825    .text.scheduler_add_task  scheduler.o
    0x08004c18   0x08004c18   0x0000001c   Code   RO         1823    .text.scheduler_init  scheduler.o
    0x08004c34   0x08004c34   0x00000044   Code   RO         1827    .text.scheduler_run  scheduler.o
    0x08004c78   0x08004c78   0x00000030   Code   RO         1502    .text.soil_get_humi_percent  soil.o
    0x08004ca8   0x08004ca8   0x00000002   Code   RO         1494    .text.soil_init     soil.o
    0x08004caa   0x08004caa   0x0000003e   Code   RO         1986    CL$$btod_d2e        c_w.l(btod.o)
    0x08004ce8   0x08004ce8   0x00000046   Code   RO         1988    CL$$btod_d2e_denorm_low  c_w.l(btod.o)
    0x08004d2e   0x08004d2e   0x00000060   Code   RO         1987    CL$$btod_d2e_norm_op1  c_w.l(btod.o)
    0x08004d8e   0x08004d8e   0x00000338   Code   RO         1996    CL$$btod_div_common  c_w.l(btod.o)
    0x080050c6   0x080050c6   0x000000dc   Code   RO         1993    CL$$btod_e2e        c_w.l(btod.o)
    0x080051a2   0x080051a2   0x0000002a   Code   RO         1990    CL$$btod_ediv       c_w.l(btod.o)
    0x080051cc   0x080051cc   0x0000002a   Code   RO         1989    CL$$btod_emul       c_w.l(btod.o)
    0x080051f6   0x080051f6   0x00000244   Code   RO         1995    CL$$btod_mult_common  c_w.l(btod.o)
    0x0800543a   0x0800543a   0x00000028   Code   RO         2019    i.__ARM_fpclassify  m_ws.l(fpclassify.o)
    0x08005462   0x08005462   0x0000000e   Code   RO         1886    i._is_digit         c_w.l(__printf_wp.o)
    0x08005470   0x08005470   0x0000002c   Code   RO         2015    locale$$code        c_w.l(lc_numeric_c.o)
    0x0800549c   0x0800549c   0x0000000c   Code   RO         1950    x$fpl$dretinf       fz_ws.l(dretinf.o)
    0x080054a8   0x080054a8   0x00000056   Code   RO         1914    x$fpl$f2d           fz_ws.l(f2d.o)
    0x080054fe   0x080054fe   0x00000002   PAD
    0x08005500   0x08005500   0x00000184   Code   RO         1917    x$fpl$fdiv          fz_ws.l(fdiv.o)
    0x08005684   0x08005684   0x00000036   Code   RO         1920    x$fpl$ffix          fz_ws.l(ffix.o)
    0x080056ba   0x080056ba   0x00000002   PAD
    0x080056bc   0x080056bc   0x0000003e   Code   RO         1924    x$fpl$ffixu         fz_ws.l(ffixu.o)
    0x080056fa   0x080056fa   0x00000002   PAD
    0x080056fc   0x080056fc   0x00000030   Code   RO         1929    x$fpl$fflt          fz_ws.l(fflt_clz.o)
    0x0800572c   0x0800572c   0x00000026   Code   RO         1928    x$fpl$ffltu         fz_ws.l(fflt_clz.o)
    0x08005752   0x08005752   0x00000002   PAD
    0x08005754   0x08005754   0x00000102   Code   RO         1934    x$fpl$fmul          fz_ws.l(fmul.o)
    0x08005856   0x08005856   0x0000008c   Code   RO         1952    x$fpl$fnaninf       fz_ws.l(fnaninf.o)
    0x080058e2   0x080058e2   0x0000000a   Code   RO         1954    x$fpl$fretinf       fz_ws.l(fretinf.o)
    0x080058ec   0x080058ec   0x00000004   Code   RO         1936    x$fpl$printf1       fz_ws.l(printf1.o)
    0x080058f0   0x080058f0   0x00000000   Code   RO         1956    x$fpl$usenofp       fz_ws.l(usenofp.o)
    0x080058f0   0x080058f0   0x00000028   Data   RO         1859    .constdata          c_w.l(_printf_hex_int.o)
    0x08005918   0x08005918   0x00000011   Data   RO         1894    .constdata          c_w.l(__printf_flags_ss_wp.o)
    0x08005929   0x08005929   0x00000003   PAD
    0x0800592c   0x0800592c   0x00000094   Data   RO         1984    .constdata          c_w.l(bigflt0.o)
    0x080059c0   0x080059c0   0x00000010   Data   RO         1339    .rodata.AHBPrescTable  system_stm32f1xx.o
    0x080059d0   0x080059d0   0x00000008   Data   RO         1340    .rodata.APBPrescTable  system_stm32f1xx.o
    0x080059d8   0x080059d8   0x000000a8   Data   RO         1485    .rodata.g_photores_tbl  photores.o
    0x08005a80   0x08005a80   0x00000099   Data   RO         1353    .rodata.str1.1      app_main.o
    0x08005b19   0x08005b19   0x000000bc   Data   RO         1365    .rodata.str1.1      app_lora.o
    0x08005bd5   0x08005bd5   0x000000c6   Data   RO         1484    .rodata.str1.1      photores.o
    0x08005c9b   0x08005c9b   0x000000d1   Data   RO         1794    .rodata.str1.1      llcc68_p2p.o
    0x08005d6c   0x08005d6c   0x00000020   Data   RO         2171    Region$$Table       anon$$obj.o
    0x08005d8c   0x08005d8c   0x0000001c   Data   RO         2014    locale$$data        c_w.l(lc_numeric_c.o)


    Execution Region RW_IRAM1 (Exec base: 0x20000000, Load base: 0x08005da8, Size: 0x000009a8, Max: 0x00005000, ABSOLUTE)

    Exec Addr    Load Addr    Size         Type   Attr      Idx    E Section Name        Object

    0x20000000   0x08005da8   0x00000008   Data   RW          333    .data..L_MergedGlobals  stm32f1xx_hal.o
    0x20000008   0x08005db0   0x00000004   Data   RW         1338    .data.SystemCoreClock  system_stm32f1xx.o
    0x2000000c   0x08005db4   0x00000024   Data   RW         1792    .data.llcc68_ctx    llcc68_p2p.o
    0x20000030        -       0x00000060   Zero   RW         2022    .bss                c_w.l(libspace.o)
    0x20000090        -       0x00000024   Zero   RW         1354    .bss..L_MergedGlobals  app_main.o
    0x200000b4        -       0x00000020   Zero   RW         1366    .bss..L_MergedGlobals  app_lora.o
    0x200000d4        -       0x0000000e   Zero   RW         1385    .bss..L_MergedGlobals  co2.o
    0x200000e2        -       0x00000003   Zero   RW         1796    .bss..L_MergedGlobals  llcc68_p2p.o
    0x200000e5   0x08005dd8   0x00000003   PAD
    0x200000e8        -       0x00000064   Zero   RW         1829    .bss..L_MergedGlobals  scheduler.o
    0x2000014c        -       0x00000054   Zero   RW          120    .bss.__stdout       usart.o
    0x200001a0        -       0x00000004   Zero   RW         1351    .bss.g_uart1_rx_cnt  app_main.o
    0x200001a4        -       0x00000004   Zero   RW         1352    .bss.g_uart1_rx_end  app_main.o
    0x200001a8        -       0x00000030   Zero   RW           42    .bss.hadc1          adc.o
    0x200001d8        -       0x00000044   Zero   RW           43    .bss.hdma_adc1      adc.o
    0x2000021c        -       0x00000054   Zero   RW           67    .bss.hi2c1          i2c.o
    0x20000270        -       0x00000058   Zero   RW           82    .bss.hspi1          spi.o
    0x200002c8        -       0x00000048   Zero   RW           99    .bss.htim1          tim.o
    0x20000310        -       0x00000048   Zero   RW          118    .bss.huart1         usart.o
    0x20000358        -       0x00000048   Zero   RW          119    .bss.huart2         usart.o
    0x200003a0        -       0x00000004   Zero   RW          332    .bss.uwTick         stm32f1xx_hal.o
    0x200003a4   0x08005dd8   0x00000004   PAD
    0x200003a8        -       0x00000200   Zero   RW            2    HEAP                startup_stm32f103xb.o
    0x200005a8        -       0x00000400   Zero   RW            1    STACK               startup_stm32f103xb.o


==============================================================================

Image component sizes


      Code (inc. data)   RO Data    RW Data    ZI Data      Debug   Object Name

       248         20          0          0        116       4419   adc.o
       684        240        188          0         32       2322   app_lora.o
       252        144        153          0         44        875   app_main.o
       308         84          0          0         14       2701   co2.o
        76         12          0          0          0       1197   delay.o
       596         44          0          0          0       3741   dht22.o
        48          4          0          0          0       2030   dma.o
       308         20          0          0          0       2756   gpio.o
       152         16          0          0         84       4339   i2c.o
        82         16          0          0          0       3547   isr_callback.o
        96          8          0          0          0       1459   led.o
      1182          4          0          0          0      38381   llcc68.o
       314          0          0          0          0       5587   llcc68_hal.o
       932        320        209         36          3      10067   llcc68_p2p.o
       190          0          0          0          0       1999   main.o
        82          8        366          0          0       1848   photores.o
       140          4          0          0        100       1570   scheduler.o
        50          8          0          0          0       1967   soil.o
       184         16          0          0         88       4186   spi.o
        64         26        236          0       1536        820   startup_stm32f103xb.o
       156         12          0          8          4       5930   stm32f1xx_hal.o
      1098         52          0          0          0      10884   stm32f1xx_hal_adc.o
       192         28          0          0          0       8405   stm32f1xx_hal_cortex.o
       760         32          0          0          0       7126   stm32f1xx_hal_dma.o
       452         56          0          0          0       4635   stm32f1xx_hal_gpio.o
       376         20          0          0          0      39012   stm32f1xx_hal_i2c.o
        64          8          0          0          0       1235   stm32f1xx_hal_msp.o
      1264         68          0          0          0       7258   stm32f1xx_hal_rcc.o
       240          8          0          0          0       3523   stm32f1xx_hal_rcc_ex.o
      1690          4          0          0          0      19525   stm32f1xx_hal_spi.o
      1276         32          0          0          0      42671   stm32f1xx_hal_tim.o
       170          0          0          0          0      17708   stm32f1xx_hal_tim_ex.o
      1582          8          0          0          0      24112   stm32f1xx_hal_uart.o
        56          4          0          0          0       1551   stm32f1xx_it.o
         2          0         24          4          0       1610   system_stm32f1xx.o
       312         12          0          0         72       5741   tim.o
       344         28          0          0        228       6047   usart.o

    ----------------------------------------------------------------------
     16056       1366       1208         48       2328     302784   Object Totals
         0          0         32          0          0          0   (incl. Generated)
        34          0          0          0          7          0   (incl. Padding)

    ----------------------------------------------------------------------

      Code (inc. data)   RO Data    RW Data    ZI Data      Debug   Library Member Name

         8          0          0          0          0         68   __main.o
       392          4         17          0          0         92   __printf_flags_ss_wp.o
        14          0          0          0          0         68   __printf_wp.o
         0          0          0          0          0          0   __rtentry.o
        12          0          0          0          0          0   __rtentry2.o
         6          0          0          0          0          0   __rtentry4.o
        52          8          0          0          0          0   __scatter.o
        26          0          0          0          0          0   __scatter_copy.o
        28          0          0          0          0          0   __scatter_zi.o
        44          0          0          0          0        108   _printf_char.o
        48          6          0          0          0         96   _printf_char_common.o
        36          4          0          0          0         80   _printf_char_file.o
         6          0          0          0          0          0   _printf_d.o
       120         16          0          0          0         92   _printf_dec.o
         6          0          0          0          0          0   _printf_f.o
      1052          0          0          0          0        148   _printf_fp_dec.o
       128         16          0          0          0         84   _printf_fp_infnan.o
        88          4         40          0          0         88   _printf_hex_int.o
       178          0          0          0          0         88   _printf_intcommon.o
        78          0          0          0          0        108   _printf_pad.o
         0          0          0          0          0          0   _printf_percent.o
         4          0          0          0          0          0   _printf_percent_end.o
         6          0          0          0          0          0   _printf_s.o
        82          0          0          0          0         80   _printf_str.o
        36          0          0          0          0         84   _printf_truncate.o
         6          0          0          0          0          0   _printf_u.o
         6          0          0          0          0          0   _printf_x.o
       228          4        148          0          0         96   bigflt0.o
      1936        128          0          0          0        672   btod.o
        18          0          0          0          0         80   exit.o
         8          0          0          0          0         68   ferror.o
         6          0          0          0          0        152   heapauxi.o
         0          0          0          0          0          0   indicate_semi.o
        44         10         28          0          0         76   lc_numeric_c.o
         2          0          0          0          0          0   libinit.o
        18          0          0          0          0          0   libinit2.o
         2          0          0          0          0          0   libshutdown.o
         2          0          0          0          0          0   libshutdown2.o
         8          4          0          0         96         68   libspace.o
       138          0          0          0          0         80   lludiv10.o
        24          4          0          0          0         84   noretval__2printf.o
        44          4          0          0          0         84   puts.o
         8          4          0          0          0         68   rt_locale_intlibspace.o
        68          0          0          0          0         68   rt_memclr.o
        78          0          0          0          0         80   rt_memclr_w.o
         2          0          0          0          0          0   rtexit.o
        10          0          0          0          0          0   rtexit2.o
       128          0          0          0          0         68   strcmpv7m.o
        12          4          0          0          0         68   sys_exit.o
        74          0          0          0          0         80   sys_stackheap_outer.o
         2          0          0          0          0         68   use_no_semi.o
        12          0          0          0          0         68   dretinf.o
        86          4          0          0          0         84   f2d.o
       388         76          0          0          0         96   fdiv.o
        54          4          0          0          0         84   ffix.o
        62          4          0          0          0         84   ffixu.o
        86          0          0          0          0        136   fflt_clz.o
       258          4          0          0          0         84   fmul.o
       140          4          0          0          0         84   fnaninf.o
        10          0          0          0          0         68   fretinf.o
         4          0          0          0          0         68   printf1.o
         0          0          0          0          0          0   usenofp.o
        40          0          0          0          0         68   fpclassify.o

    ----------------------------------------------------------------------
      6476        316        236          0         96       4168   Library Totals
        14          0          3          0          0          0   (incl. Padding)

    ----------------------------------------------------------------------

      Code (inc. data)   RO Data    RW Data    ZI Data      Debug   Library Name

      5322        220        233          0         96       3244   c_w.l
      1100         96          0          0          0        856   fz_ws.l
        40          0          0          0          0         68   m_ws.l

    ----------------------------------------------------------------------
      6476        316        236          0         96       4168   Library Totals

    ----------------------------------------------------------------------

==============================================================================


      Code (inc. data)   RO Data    RW Data    ZI Data      Debug   

     22532       1682       1444         48       2424     304048   Grand Totals
     22532       1682       1444         48       2424     304048   ELF Image Totals
     22532       1682       1444         48          0          0   ROM Totals

==============================================================================

    Total RO  Size (Code + RO Data)                23976 (  23.41kB)
    Total RW  Size (RW Data + ZI Data)              2472 (   2.41kB)
    Total ROM Size (Code + RO Data + RW Data)      24024 (  23.46kB)

==============================================================================

